<html>
<body>
<pre>
<h1>µVision Build Log</h1>
<h2>Tool Versions:</h2>
IDE-Version: ¦ÌVision V5.36.0.0
Copyright (C) 2021 ARM Ltd and ARM Germany GmbH. All rights reserved.
License Information: 2970421, HP Inc., LIC=NQQMA-1LSRW-74BS0-BHJ3F-VSY40-ZQYN0
 
Tool Versions:
Toolchain:       MDK-ARM Plus  Version: 5.36.0.0
Toolchain Path:  E:\Keil_v536\ARM\ARMCC\Bin
C Compiler:      Armcc.exe V5.06 update 7 (build 960)
Assembler:       Armasm.exe V5.06 update 7 (build 960)
Linker/Locator:  ArmLink.exe V5.06 update 7 (build 960)
Library Manager: ArmAr.exe V5.06 update 7 (build 960)
Hex Converter:   FromElf.exe V5.06 update 7 (build 960)
CPU DLL:         SARMCM3.DLL V5.36.0.0
Dialog DLL:      DCM.DLL V1.17.3.0
Target DLL:      Segger\JL2CM3.dll V2.99.40.0
Dialog DLL:      TCM.DLL V1.53.0.0
 
<h2>Project:</h2>
E:\code\keil536\FOC_F103C8T6\FOC_F103.uvprojx
Project File Date:  04/17/2023

<h2>Output:</h2>
*** Using Compiler 'V5.06 update 7 (build 960)', folder: 'E:\Keil_v536\ARM\ARMCC\Bin'
Rebuild target 'C8T6'
assembling startup_stm32f10x_md.s...
compiling core_cm3.c...
compiling stm32f10x_crc.c...
compiling misc.c...
compiling stm32f10x_bkp.c...
compiling stm32f10x_cec.c...
compiling stm32f10x_adc.c...
compiling stm32f10x_can.c...
compiling stm32f10x_dac.c...
compiling stm32f10x_dbgmcu.c...
compiling stm32f10x_dma.c...
compiling stm32f10x_exti.c...
compiling stm32f10x_i2c.c...
compiling stm32f10x_gpio.c...
compiling stm32f10x_flash.c...
compiling stm32f10x_fsmc.c...
compiling stm32f10x_iwdg.c...
compiling stm32f10x_pwr.c...
compiling stm32f10x_rtc.c...
compiling stm32f10x_sdio.c...
compiling stm32f10x_spi.c...
compiling stm32f10x_rcc.c...
compiling stm32f10x_usart.c...
compiling stm32f10x_wwdg.c...
compiling stm32f10x_tim.c...
compiling elog_utils.c...
compiling elog.c...
compiling app_log.c...
compiling main.c...
USER\main.c(57): warning:  #177-D: variable "syskey_id"  was declared but never referenced
  static int8_t syskey_id;
USER\main.c: 1 warning, 0 errors
compiling stm32f10x_it.c...
compiling multi_button.c...
compiling system_stm32f10x.c...
compiling elog_port.c...
compiling bsp_uart.c...
compiling i2c_core.c...
compiling bsp_delay.c...
compiling i2c_bitops.c...
compiling app_key.c...
compiling hal_key.c...
compiling app_timer.c...
compiling smarttimer.c...
compiling IQS7211E.c...
compiling bsp_Font.c...
compiling spi_bitops.c...
compiling spi_core.c...
compiling i2c_hw.c...
compiling spi_hw.c...
compiling app_oled.c...
compiling stm32f4_fonts.c...
compiling app_menu.c...
compiling atk_mw8266d.c...
linking...
Program Size: Code=14924 RO-data=964 RW-data=2472 ZI-data=3312  
FromELF: creating hex file...
".\Objects\FOC_F103.axf" - 0 Error(s), 1 Warning(s).

<h2>Software Packages used:</h2>

Package Vendor: Keil
                http://www.keil.com/pack/Keil.STM32F1xx_DFP.1.0.5.pack
                Keil.STM32F1xx_DFP.1.0.5
                STMicroelectronics STM32F1 Series Device Support, Drivers and Examples

<h2>Collection of Component include folders:</h2>
  E:\Keil_v536\ARM\PACK\Keil\STM32F1xx_DFP\1.0.5\Device\Include

<h2>Collection of Component Files used:</h2>
Build Time Elapsed:  00:00:04
</pre>
</body>
</html>
