<!doctype html public "-//w3c//dtd html 4.0 transitional//en">
<html><head>
<title>Static Call Graph - [.\Objects\FOC_F103.axf]</title></head>
<body><HR>
<H1>Static Call Graph for image .\Objects\FOC_F103.axf</H1><HR>
<BR><P>#&#060CALLGRAPH&#062# ARM Linker, 5060960: Last Updated: Mon Apr 17 14:49:17 2023
<BR><P>
<H3>Maximum Stack Usage =        212 bytes + Unknown(Cycles, Untraceable Function Pointers)</H3><H3>
Call chain for Maximum Stack Depth:</H3>
main &rArr; Easylogger_Init &rArr; elog_start &rArr; elog_set_output_enabled &rArr; elog_output &rArr;  elog_output (Cycle)
<P>
<H3>
Mutually Recursive functions
</H3> <LI><a href="#[26]">ADC1_2_IRQHandler</a>&nbsp;&nbsp;&nbsp;&rArr;&nbsp;&nbsp;&nbsp;<a href="#[26]">ADC1_2_IRQHandler</a><BR>
 <LI><a href="#[9d]">elog_strcpy</a>&nbsp;&nbsp;&nbsp;&rArr;&nbsp;&nbsp;&nbsp;<a href="#[79]">elog_output</a><BR>
 <LI><a href="#[93]">elog_get_filter_tag_lvl</a>&nbsp;&nbsp;&nbsp;&rArr;&nbsp;&nbsp;&nbsp;<a href="#[79]">elog_output</a><BR>
 <LI><a href="#[9e]">get_fmt_enabled</a>&nbsp;&nbsp;&nbsp;&rArr;&nbsp;&nbsp;&nbsp;<a href="#[79]">elog_output</a><BR>
 <LI><a href="#[79]">elog_output</a>&nbsp;&nbsp;&nbsp;&rArr;&nbsp;&nbsp;&nbsp;<a href="#[79]">elog_output</a><BR>
</UL>
<P>
<H3>
Function Pointers
</H3><UL>
 <LI><a href="#[26]">ADC1_2_IRQHandler</a> from startup_stm32f10x_md.o(.text) referenced from startup_stm32f10x_md.o(RESET)
 <LI><a href="#[e]">BusFault_Handler</a> from stm32f10x_it.o(i.BusFault_Handler) referenced from startup_stm32f10x_md.o(RESET)
 <LI><a href="#[29]">CAN1_RX1_IRQHandler</a> from startup_stm32f10x_md.o(.text) referenced from startup_stm32f10x_md.o(RESET)
 <LI><a href="#[2a]">CAN1_SCE_IRQHandler</a> from startup_stm32f10x_md.o(.text) referenced from startup_stm32f10x_md.o(RESET)
 <LI><a href="#[1f]">DMA1_Channel1_IRQHandler</a> from startup_stm32f10x_md.o(.text) referenced from startup_stm32f10x_md.o(RESET)
 <LI><a href="#[20]">DMA1_Channel2_IRQHandler</a> from startup_stm32f10x_md.o(.text) referenced from startup_stm32f10x_md.o(RESET)
 <LI><a href="#[21]">DMA1_Channel3_IRQHandler</a> from startup_stm32f10x_md.o(.text) referenced from startup_stm32f10x_md.o(RESET)
 <LI><a href="#[22]">DMA1_Channel4_IRQHandler</a> from startup_stm32f10x_md.o(.text) referenced from startup_stm32f10x_md.o(RESET)
 <LI><a href="#[23]">DMA1_Channel5_IRQHandler</a> from startup_stm32f10x_md.o(.text) referenced from startup_stm32f10x_md.o(RESET)
 <LI><a href="#[24]">DMA1_Channel6_IRQHandler</a> from startup_stm32f10x_md.o(.text) referenced from startup_stm32f10x_md.o(RESET)
 <LI><a href="#[25]">DMA1_Channel7_IRQHandler</a> from startup_stm32f10x_md.o(.text) referenced from startup_stm32f10x_md.o(RESET)
 <LI><a href="#[11]">DebugMon_Handler</a> from stm32f10x_it.o(i.DebugMon_Handler) referenced from startup_stm32f10x_md.o(RESET)
 <LI><a href="#[1a]">EXTI0_IRQHandler</a> from startup_stm32f10x_md.o(.text) referenced from startup_stm32f10x_md.o(RESET)
 <LI><a href="#[3c]">EXTI15_10_IRQHandler</a> from startup_stm32f10x_md.o(.text) referenced from startup_stm32f10x_md.o(RESET)
 <LI><a href="#[1b]">EXTI1_IRQHandler</a> from startup_stm32f10x_md.o(.text) referenced from startup_stm32f10x_md.o(RESET)
 <LI><a href="#[1c]">EXTI2_IRQHandler</a> from startup_stm32f10x_md.o(.text) referenced from startup_stm32f10x_md.o(RESET)
 <LI><a href="#[1d]">EXTI3_IRQHandler</a> from startup_stm32f10x_md.o(.text) referenced from startup_stm32f10x_md.o(RESET)
 <LI><a href="#[1e]">EXTI4_IRQHandler</a> from startup_stm32f10x_md.o(.text) referenced from startup_stm32f10x_md.o(RESET)
 <LI><a href="#[2b]">EXTI9_5_IRQHandler</a> from startup_stm32f10x_md.o(.text) referenced from startup_stm32f10x_md.o(RESET)
 <LI><a href="#[18]">FLASH_IRQHandler</a> from startup_stm32f10x_md.o(.text) referenced from startup_stm32f10x_md.o(RESET)
 <LI><a href="#[c]">HardFault_Handler</a> from stm32f10x_it.o(i.HardFault_Handler) referenced from startup_stm32f10x_md.o(RESET)
 <LI><a href="#[34]">I2C1_ER_IRQHandler</a> from startup_stm32f10x_md.o(.text) referenced from startup_stm32f10x_md.o(RESET)
 <LI><a href="#[33]">I2C1_EV_IRQHandler</a> from startup_stm32f10x_md.o(.text) referenced from startup_stm32f10x_md.o(RESET)
 <LI><a href="#[36]">I2C2_ER_IRQHandler</a> from startup_stm32f10x_md.o(.text) referenced from startup_stm32f10x_md.o(RESET)
 <LI><a href="#[35]">I2C2_EV_IRQHandler</a> from startup_stm32f10x_md.o(.text) referenced from startup_stm32f10x_md.o(RESET)
 <LI><a href="#[d]">MemManage_Handler</a> from stm32f10x_it.o(i.MemManage_Handler) referenced from startup_stm32f10x_md.o(RESET)
 <LI><a href="#[b]">NMI_Handler</a> from stm32f10x_it.o(i.NMI_Handler) referenced from startup_stm32f10x_md.o(RESET)
 <LI><a href="#[15]">PVD_IRQHandler</a> from startup_stm32f10x_md.o(.text) referenced from startup_stm32f10x_md.o(RESET)
 <LI><a href="#[12]">PendSV_Handler</a> from stm32f10x_it.o(i.PendSV_Handler) referenced from startup_stm32f10x_md.o(RESET)
 <LI><a href="#[19]">RCC_IRQHandler</a> from startup_stm32f10x_md.o(.text) referenced from startup_stm32f10x_md.o(RESET)
 <LI><a href="#[3d]">RTCAlarm_IRQHandler</a> from startup_stm32f10x_md.o(.text) referenced from startup_stm32f10x_md.o(RESET)
 <LI><a href="#[17]">RTC_IRQHandler</a> from startup_stm32f10x_md.o(.text) referenced from startup_stm32f10x_md.o(RESET)
 <LI><a href="#[a]">Reset_Handler</a> from startup_stm32f10x_md.o(.text) referenced from startup_stm32f10x_md.o(RESET)
 <LI><a href="#[37]">SPI1_IRQHandler</a> from startup_stm32f10x_md.o(.text) referenced from startup_stm32f10x_md.o(RESET)
 <LI><a href="#[38]">SPI2_IRQHandler</a> from startup_stm32f10x_md.o(.text) referenced from startup_stm32f10x_md.o(RESET)
 <LI><a href="#[10]">SVC_Handler</a> from stm32f10x_it.o(i.SVC_Handler) referenced from startup_stm32f10x_md.o(RESET)
 <LI><a href="#[13]">SysTick_Handler</a> from app_timer.o(i.SysTick_Handler) referenced from startup_stm32f10x_md.o(RESET)
 <LI><a href="#[40]">SystemInit</a> from system_stm32f10x.o(i.SystemInit) referenced from startup_stm32f10x_md.o(.text)
 <LI><a href="#[16]">TAMPER_IRQHandler</a> from startup_stm32f10x_md.o(.text) referenced from startup_stm32f10x_md.o(RESET)
 <LI><a href="#[2c]">TIM1_BRK_IRQHandler</a> from startup_stm32f10x_md.o(.text) referenced from startup_stm32f10x_md.o(RESET)
 <LI><a href="#[2f]">TIM1_CC_IRQHandler</a> from startup_stm32f10x_md.o(.text) referenced from startup_stm32f10x_md.o(RESET)
 <LI><a href="#[2e]">TIM1_TRG_COM_IRQHandler</a> from startup_stm32f10x_md.o(.text) referenced from startup_stm32f10x_md.o(RESET)
 <LI><a href="#[2d]">TIM1_UP_IRQHandler</a> from startup_stm32f10x_md.o(.text) referenced from startup_stm32f10x_md.o(RESET)
 <LI><a href="#[30]">TIM2_IRQHandler</a> from app_timer.o(i.TIM2_IRQHandler) referenced from startup_stm32f10x_md.o(RESET)
 <LI><a href="#[31]">TIM3_IRQHandler</a> from startup_stm32f10x_md.o(.text) referenced from startup_stm32f10x_md.o(RESET)
 <LI><a href="#[32]">TIM4_IRQHandler</a> from startup_stm32f10x_md.o(.text) referenced from startup_stm32f10x_md.o(RESET)
 <LI><a href="#[39]">USART1_IRQHandler</a> from startup_stm32f10x_md.o(.text) referenced from startup_stm32f10x_md.o(RESET)
 <LI><a href="#[3a]">USART2_IRQHandler</a> from startup_stm32f10x_md.o(.text) referenced from startup_stm32f10x_md.o(RESET)
 <LI><a href="#[3b]">USART3_IRQHandler</a> from atk_mw8266d.o(i.USART3_IRQHandler) referenced from startup_stm32f10x_md.o(RESET)
 <LI><a href="#[3e]">USBWakeUp_IRQHandler</a> from startup_stm32f10x_md.o(.text) referenced from startup_stm32f10x_md.o(RESET)
 <LI><a href="#[27]">USB_HP_CAN1_TX_IRQHandler</a> from startup_stm32f10x_md.o(.text) referenced from startup_stm32f10x_md.o(RESET)
 <LI><a href="#[28]">USB_LP_CAN1_RX0_IRQHandler</a> from startup_stm32f10x_md.o(.text) referenced from startup_stm32f10x_md.o(RESET)
 <LI><a href="#[f]">UsageFault_Handler</a> from stm32f10x_it.o(i.UsageFault_Handler) referenced from startup_stm32f10x_md.o(RESET)
 <LI><a href="#[14]">WWDG_IRQHandler</a> from startup_stm32f10x_md.o(.text) referenced from startup_stm32f10x_md.o(RESET)
 <LI><a href="#[41]">__main</a> from entry.o(.ARM.Collect$$$$00000000) referenced from startup_stm32f10x_md.o(.text)
 <LI><a href="#[43]">_snputc</a> from printfa.o(i._snputc) referenced from printfa.o(i.__0snprintf)
 <LI><a href="#[43]">_snputc</a> from printfa.o(i._snputc) referenced from printfa.o(i.__0vsnprintf)
 <LI><a href="#[42]">fputc</a> from bsp_uart.o(i.fputc) referenced from printfa.o(i.__0printf)
 <LI><a href="#[4b]">gpio_delayus</a> from i2c_hw.o(i.gpio_delayus) referenced from i2c_hw.o(i.stm32f1xx_i2c_init)
 <LI><a href="#[4a]">gpio_get_scl</a> from i2c_hw.o(i.gpio_get_scl) referenced from i2c_hw.o(i.stm32f1xx_i2c_init)
 <LI><a href="#[48]">gpio_get_sda</a> from i2c_hw.o(i.gpio_get_sda) referenced from i2c_hw.o(i.stm32f1xx_i2c_init)
 <LI><a href="#[49]">gpio_set_scl</a> from i2c_hw.o(i.gpio_set_scl) referenced from i2c_hw.o(i.stm32f1xx_i2c_init)
 <LI><a href="#[47]">gpio_set_sda</a> from i2c_hw.o(i.gpio_set_sda) referenced from i2c_hw.o(i.stm32f1xx_i2c_init)
 <LI><a href="#[45]">key_scan</a> from app_key.o(i.key_scan) referenced from main.o(i.main)
 <LI><a href="#[3f]">main</a> from main.o(i.main) referenced from entry9a.o(.ARM.Collect$$$$0000000B)
 <LI><a href="#[4c]">ops_i2c_bus_xfer</a> from i2c_hw.o(i.ops_i2c_bus_xfer) referenced from i2c_hw.o(i.stm32f1xx_i2c_init)
 <LI><a href="#[4e]">remove_sysled</a> from main.o(i.remove_sysled) referenced from main.o(i.sys_init)
 <LI><a href="#[44]">runlater_test</a> from main.o(i.runlater_test) referenced from main.o(i.main)
 <LI><a href="#[46]">simulation_rtc</a> from main.o(i.simulation_rtc) referenced from main.o(i.set_timetick)
 <LI><a href="#[4d]">sys_ledflash</a> from main.o(i.sys_ledflash) referenced from main.o(i.sys_init)
 <LI><a href="#[6]">tok_conrtolGame_page</a> from app_menu.o(i.tok_conrtolGame_page) referenced 2 times from app_menu.o(.data)
 <LI><a href="#[5]">tok_dht11_page</a> from app_menu.o(i.tok_dht11_page) referenced 2 times from app_menu.o(.data)
 <LI><a href="#[0]">tok_home_page</a> from app_menu.o(i.tok_home_page) referenced 2 times from app_menu.o(.data)
 <LI><a href="#[4]">tok_info_page</a> from app_menu.o(i.tok_info_page) referenced 2 times from app_menu.o(.data)
 <LI><a href="#[8]">tok_information_page</a> from app_menu.o(i.tok_information_page) referenced 2 times from app_menu.o(.data)
 <LI><a href="#[9]">tok_led_page</a> from app_menu.o(i.tok_led_page) referenced 2 times from app_menu.o(.data)
 <LI><a href="#[2]">tok_palygame_page</a> from app_menu.o(i.tok_palygame_page) referenced 2 times from app_menu.o(.data)
 <LI><a href="#[7]">tok_set_page</a> from app_menu.o(i.tok_set_page) referenced 2 times from app_menu.o(.data)
 <LI><a href="#[3]">tok_setting_page</a> from app_menu.o(i.tok_setting_page) referenced 2 times from app_menu.o(.data)
 <LI><a href="#[1]">tok_temperature_page</a> from app_menu.o(i.tok_temperature_page) referenced 2 times from app_menu.o(.data)
</UL>
<P>
<H3>
Global Symbols
</H3>
<P><STRONG><a name="[41]"></a>__main</STRONG> (Thumb, 0 bytes, Stack size unknown bytes, entry.o(.ARM.Collect$$$$00000000))
<BR>[Address Reference Count : 1]<UL><LI> startup_stm32f10x_md.o(.text)
</UL>
<P><STRONG><a name="[d3]"></a>_main_stk</STRONG> (Thumb, 0 bytes, Stack size unknown bytes, entry2.o(.ARM.Collect$$$$00000001))

<P><STRONG><a name="[4f]"></a>_main_scatterload</STRONG> (Thumb, 0 bytes, Stack size unknown bytes, entry5.o(.ARM.Collect$$$$00000004))
<BR><BR>[Calls]<UL><LI><a href="#[50]">&gt;&gt;</a>&nbsp;&nbsp;&nbsp;__scatterload
</UL>

<P><STRONG><a name="[65]"></a>__main_after_scatterload</STRONG> (Thumb, 0 bytes, Stack size unknown bytes, entry5.o(.ARM.Collect$$$$00000004))
<BR><BR>[Called By]<UL><LI><a href="#[50]">&gt;&gt;</a>&nbsp;&nbsp;&nbsp;__scatterload
</UL>

<P><STRONG><a name="[d4]"></a>_main_clock</STRONG> (Thumb, 0 bytes, Stack size unknown bytes, entry7b.o(.ARM.Collect$$$$00000008))

<P><STRONG><a name="[d5]"></a>_main_cpp_init</STRONG> (Thumb, 0 bytes, Stack size unknown bytes, entry8b.o(.ARM.Collect$$$$0000000A))

<P><STRONG><a name="[d6]"></a>_main_init</STRONG> (Thumb, 0 bytes, Stack size unknown bytes, entry9a.o(.ARM.Collect$$$$0000000B))

<P><STRONG><a name="[d7]"></a>__rt_lib_shutdown_fini</STRONG> (Thumb, 0 bytes, Stack size unknown bytes, entry12b.o(.ARM.Collect$$$$0000000E))

<P><STRONG><a name="[d8]"></a>__rt_final_cpp</STRONG> (Thumb, 0 bytes, Stack size unknown bytes, entry10a.o(.ARM.Collect$$$$0000000F))

<P><STRONG><a name="[d9]"></a>__rt_final_exit</STRONG> (Thumb, 0 bytes, Stack size unknown bytes, entry11a.o(.ARM.Collect$$$$00000011))

<P><STRONG><a name="[a]"></a>Reset_Handler</STRONG> (Thumb, 8 bytes, Stack size 0 bytes, startup_stm32f10x_md.o(.text))
<BR>[Address Reference Count : 1]<UL><LI> startup_stm32f10x_md.o(RESET)
</UL>
<P><STRONG><a name="[26]"></a>ADC1_2_IRQHandler</STRONG> (Thumb, 0 bytes, Stack size 0 bytes, startup_stm32f10x_md.o(.text))
<BR><BR>[Calls]<UL><LI><a href="#[26]">&gt;&gt;</a>&nbsp;&nbsp;&nbsp;ADC1_2_IRQHandler
</UL>
<BR>[Called By]<UL><LI><a href="#[26]">&gt;&gt;</a>&nbsp;&nbsp;&nbsp;ADC1_2_IRQHandler
</UL>
<BR>[Address Reference Count : 1]<UL><LI> startup_stm32f10x_md.o(RESET)
</UL>
<P><STRONG><a name="[29]"></a>CAN1_RX1_IRQHandler</STRONG> (Thumb, 0 bytes, Stack size 0 bytes, startup_stm32f10x_md.o(.text))
<BR>[Address Reference Count : 1]<UL><LI> startup_stm32f10x_md.o(RESET)
</UL>
<P><STRONG><a name="[2a]"></a>CAN1_SCE_IRQHandler</STRONG> (Thumb, 0 bytes, Stack size 0 bytes, startup_stm32f10x_md.o(.text))
<BR>[Address Reference Count : 1]<UL><LI> startup_stm32f10x_md.o(RESET)
</UL>
<P><STRONG><a name="[1f]"></a>DMA1_Channel1_IRQHandler</STRONG> (Thumb, 0 bytes, Stack size 0 bytes, startup_stm32f10x_md.o(.text))
<BR>[Address Reference Count : 1]<UL><LI> startup_stm32f10x_md.o(RESET)
</UL>
<P><STRONG><a name="[20]"></a>DMA1_Channel2_IRQHandler</STRONG> (Thumb, 0 bytes, Stack size 0 bytes, startup_stm32f10x_md.o(.text))
<BR>[Address Reference Count : 1]<UL><LI> startup_stm32f10x_md.o(RESET)
</UL>
<P><STRONG><a name="[21]"></a>DMA1_Channel3_IRQHandler</STRONG> (Thumb, 0 bytes, Stack size 0 bytes, startup_stm32f10x_md.o(.text))
<BR>[Address Reference Count : 1]<UL><LI> startup_stm32f10x_md.o(RESET)
</UL>
<P><STRONG><a name="[22]"></a>DMA1_Channel4_IRQHandler</STRONG> (Thumb, 0 bytes, Stack size 0 bytes, startup_stm32f10x_md.o(.text))
<BR>[Address Reference Count : 1]<UL><LI> startup_stm32f10x_md.o(RESET)
</UL>
<P><STRONG><a name="[23]"></a>DMA1_Channel5_IRQHandler</STRONG> (Thumb, 0 bytes, Stack size 0 bytes, startup_stm32f10x_md.o(.text))
<BR>[Address Reference Count : 1]<UL><LI> startup_stm32f10x_md.o(RESET)
</UL>
<P><STRONG><a name="[24]"></a>DMA1_Channel6_IRQHandler</STRONG> (Thumb, 0 bytes, Stack size 0 bytes, startup_stm32f10x_md.o(.text))
<BR>[Address Reference Count : 1]<UL><LI> startup_stm32f10x_md.o(RESET)
</UL>
<P><STRONG><a name="[25]"></a>DMA1_Channel7_IRQHandler</STRONG> (Thumb, 0 bytes, Stack size 0 bytes, startup_stm32f10x_md.o(.text))
<BR>[Address Reference Count : 1]<UL><LI> startup_stm32f10x_md.o(RESET)
</UL>
<P><STRONG><a name="[1a]"></a>EXTI0_IRQHandler</STRONG> (Thumb, 0 bytes, Stack size 0 bytes, startup_stm32f10x_md.o(.text))
<BR>[Address Reference Count : 1]<UL><LI> startup_stm32f10x_md.o(RESET)
</UL>
<P><STRONG><a name="[3c]"></a>EXTI15_10_IRQHandler</STRONG> (Thumb, 0 bytes, Stack size 0 bytes, startup_stm32f10x_md.o(.text))
<BR>[Address Reference Count : 1]<UL><LI> startup_stm32f10x_md.o(RESET)
</UL>
<P><STRONG><a name="[1b]"></a>EXTI1_IRQHandler</STRONG> (Thumb, 0 bytes, Stack size 0 bytes, startup_stm32f10x_md.o(.text))
<BR>[Address Reference Count : 1]<UL><LI> startup_stm32f10x_md.o(RESET)
</UL>
<P><STRONG><a name="[1c]"></a>EXTI2_IRQHandler</STRONG> (Thumb, 0 bytes, Stack size 0 bytes, startup_stm32f10x_md.o(.text))
<BR>[Address Reference Count : 1]<UL><LI> startup_stm32f10x_md.o(RESET)
</UL>
<P><STRONG><a name="[1d]"></a>EXTI3_IRQHandler</STRONG> (Thumb, 0 bytes, Stack size 0 bytes, startup_stm32f10x_md.o(.text))
<BR>[Address Reference Count : 1]<UL><LI> startup_stm32f10x_md.o(RESET)
</UL>
<P><STRONG><a name="[1e]"></a>EXTI4_IRQHandler</STRONG> (Thumb, 0 bytes, Stack size 0 bytes, startup_stm32f10x_md.o(.text))
<BR>[Address Reference Count : 1]<UL><LI> startup_stm32f10x_md.o(RESET)
</UL>
<P><STRONG><a name="[2b]"></a>EXTI9_5_IRQHandler</STRONG> (Thumb, 0 bytes, Stack size 0 bytes, startup_stm32f10x_md.o(.text))
<BR>[Address Reference Count : 1]<UL><LI> startup_stm32f10x_md.o(RESET)
</UL>
<P><STRONG><a name="[18]"></a>FLASH_IRQHandler</STRONG> (Thumb, 0 bytes, Stack size 0 bytes, startup_stm32f10x_md.o(.text))
<BR>[Address Reference Count : 1]<UL><LI> startup_stm32f10x_md.o(RESET)
</UL>
<P><STRONG><a name="[34]"></a>I2C1_ER_IRQHandler</STRONG> (Thumb, 0 bytes, Stack size 0 bytes, startup_stm32f10x_md.o(.text))
<BR>[Address Reference Count : 1]<UL><LI> startup_stm32f10x_md.o(RESET)
</UL>
<P><STRONG><a name="[33]"></a>I2C1_EV_IRQHandler</STRONG> (Thumb, 0 bytes, Stack size 0 bytes, startup_stm32f10x_md.o(.text))
<BR>[Address Reference Count : 1]<UL><LI> startup_stm32f10x_md.o(RESET)
</UL>
<P><STRONG><a name="[36]"></a>I2C2_ER_IRQHandler</STRONG> (Thumb, 0 bytes, Stack size 0 bytes, startup_stm32f10x_md.o(.text))
<BR>[Address Reference Count : 1]<UL><LI> startup_stm32f10x_md.o(RESET)
</UL>
<P><STRONG><a name="[35]"></a>I2C2_EV_IRQHandler</STRONG> (Thumb, 0 bytes, Stack size 0 bytes, startup_stm32f10x_md.o(.text))
<BR>[Address Reference Count : 1]<UL><LI> startup_stm32f10x_md.o(RESET)
</UL>
<P><STRONG><a name="[15]"></a>PVD_IRQHandler</STRONG> (Thumb, 0 bytes, Stack size 0 bytes, startup_stm32f10x_md.o(.text))
<BR>[Address Reference Count : 1]<UL><LI> startup_stm32f10x_md.o(RESET)
</UL>
<P><STRONG><a name="[19]"></a>RCC_IRQHandler</STRONG> (Thumb, 0 bytes, Stack size 0 bytes, startup_stm32f10x_md.o(.text))
<BR>[Address Reference Count : 1]<UL><LI> startup_stm32f10x_md.o(RESET)
</UL>
<P><STRONG><a name="[3d]"></a>RTCAlarm_IRQHandler</STRONG> (Thumb, 0 bytes, Stack size 0 bytes, startup_stm32f10x_md.o(.text))
<BR>[Address Reference Count : 1]<UL><LI> startup_stm32f10x_md.o(RESET)
</UL>
<P><STRONG><a name="[17]"></a>RTC_IRQHandler</STRONG> (Thumb, 0 bytes, Stack size 0 bytes, startup_stm32f10x_md.o(.text))
<BR>[Address Reference Count : 1]<UL><LI> startup_stm32f10x_md.o(RESET)
</UL>
<P><STRONG><a name="[37]"></a>SPI1_IRQHandler</STRONG> (Thumb, 0 bytes, Stack size 0 bytes, startup_stm32f10x_md.o(.text))
<BR>[Address Reference Count : 1]<UL><LI> startup_stm32f10x_md.o(RESET)
</UL>
<P><STRONG><a name="[38]"></a>SPI2_IRQHandler</STRONG> (Thumb, 0 bytes, Stack size 0 bytes, startup_stm32f10x_md.o(.text))
<BR>[Address Reference Count : 1]<UL><LI> startup_stm32f10x_md.o(RESET)
</UL>
<P><STRONG><a name="[16]"></a>TAMPER_IRQHandler</STRONG> (Thumb, 0 bytes, Stack size 0 bytes, startup_stm32f10x_md.o(.text))
<BR>[Address Reference Count : 1]<UL><LI> startup_stm32f10x_md.o(RESET)
</UL>
<P><STRONG><a name="[2c]"></a>TIM1_BRK_IRQHandler</STRONG> (Thumb, 0 bytes, Stack size 0 bytes, startup_stm32f10x_md.o(.text))
<BR>[Address Reference Count : 1]<UL><LI> startup_stm32f10x_md.o(RESET)
</UL>
<P><STRONG><a name="[2f]"></a>TIM1_CC_IRQHandler</STRONG> (Thumb, 0 bytes, Stack size 0 bytes, startup_stm32f10x_md.o(.text))
<BR>[Address Reference Count : 1]<UL><LI> startup_stm32f10x_md.o(RESET)
</UL>
<P><STRONG><a name="[2e]"></a>TIM1_TRG_COM_IRQHandler</STRONG> (Thumb, 0 bytes, Stack size 0 bytes, startup_stm32f10x_md.o(.text))
<BR>[Address Reference Count : 1]<UL><LI> startup_stm32f10x_md.o(RESET)
</UL>
<P><STRONG><a name="[2d]"></a>TIM1_UP_IRQHandler</STRONG> (Thumb, 0 bytes, Stack size 0 bytes, startup_stm32f10x_md.o(.text))
<BR>[Address Reference Count : 1]<UL><LI> startup_stm32f10x_md.o(RESET)
</UL>
<P><STRONG><a name="[31]"></a>TIM3_IRQHandler</STRONG> (Thumb, 0 bytes, Stack size 0 bytes, startup_stm32f10x_md.o(.text))
<BR>[Address Reference Count : 1]<UL><LI> startup_stm32f10x_md.o(RESET)
</UL>
<P><STRONG><a name="[32]"></a>TIM4_IRQHandler</STRONG> (Thumb, 0 bytes, Stack size 0 bytes, startup_stm32f10x_md.o(.text))
<BR>[Address Reference Count : 1]<UL><LI> startup_stm32f10x_md.o(RESET)
</UL>
<P><STRONG><a name="[39]"></a>USART1_IRQHandler</STRONG> (Thumb, 0 bytes, Stack size 0 bytes, startup_stm32f10x_md.o(.text))
<BR>[Address Reference Count : 1]<UL><LI> startup_stm32f10x_md.o(RESET)
</UL>
<P><STRONG><a name="[3a]"></a>USART2_IRQHandler</STRONG> (Thumb, 0 bytes, Stack size 0 bytes, startup_stm32f10x_md.o(.text))
<BR>[Address Reference Count : 1]<UL><LI> startup_stm32f10x_md.o(RESET)
</UL>
<P><STRONG><a name="[3e]"></a>USBWakeUp_IRQHandler</STRONG> (Thumb, 0 bytes, Stack size 0 bytes, startup_stm32f10x_md.o(.text))
<BR>[Address Reference Count : 1]<UL><LI> startup_stm32f10x_md.o(RESET)
</UL>
<P><STRONG><a name="[27]"></a>USB_HP_CAN1_TX_IRQHandler</STRONG> (Thumb, 0 bytes, Stack size 0 bytes, startup_stm32f10x_md.o(.text))
<BR>[Address Reference Count : 1]<UL><LI> startup_stm32f10x_md.o(RESET)
</UL>
<P><STRONG><a name="[28]"></a>USB_LP_CAN1_RX0_IRQHandler</STRONG> (Thumb, 0 bytes, Stack size 0 bytes, startup_stm32f10x_md.o(.text))
<BR>[Address Reference Count : 1]<UL><LI> startup_stm32f10x_md.o(RESET)
</UL>
<P><STRONG><a name="[14]"></a>WWDG_IRQHandler</STRONG> (Thumb, 0 bytes, Stack size 0 bytes, startup_stm32f10x_md.o(.text))
<BR>[Address Reference Count : 1]<UL><LI> startup_stm32f10x_md.o(RESET)
</UL>
<P><STRONG><a name="[52]"></a>__aeabi_memset</STRONG> (Thumb, 14 bytes, Stack size 0 bytes, memseta.o(.text))
<BR><BR>[Called By]<UL><LI><a href="#[79]">&gt;&gt;</a>&nbsp;&nbsp;&nbsp;elog_output
<LI><a href="#[53]">&gt;&gt;</a>&nbsp;&nbsp;&nbsp;_memset$wrapper
<LI><a href="#[51]">&gt;&gt;</a>&nbsp;&nbsp;&nbsp;__aeabi_memclr
</UL>

<P><STRONG><a name="[da]"></a>__aeabi_memset4</STRONG> (Thumb, 0 bytes, Stack size 0 bytes, memseta.o(.text), UNUSED)

<P><STRONG><a name="[db]"></a>__aeabi_memset8</STRONG> (Thumb, 0 bytes, Stack size 0 bytes, memseta.o(.text), UNUSED)

<P><STRONG><a name="[51]"></a>__aeabi_memclr</STRONG> (Thumb, 4 bytes, Stack size 0 bytes, memseta.o(.text))
<BR><BR>[Calls]<UL><LI><a href="#[52]">&gt;&gt;</a>&nbsp;&nbsp;&nbsp;__aeabi_memset
</UL>
<BR>[Called By]<UL><LI><a href="#[9a]">&gt;&gt;</a>&nbsp;&nbsp;&nbsp;elog_set_filter_tag_lvl_default
</UL>

<P><STRONG><a name="[8f]"></a>__aeabi_memclr4</STRONG> (Thumb, 0 bytes, Stack size 0 bytes, memseta.o(.text))
<BR><BR>[Called By]<UL><LI><a href="#[8e]">&gt;&gt;</a>&nbsp;&nbsp;&nbsp;app_key_init
</UL>

<P><STRONG><a name="[dc]"></a>__aeabi_memclr8</STRONG> (Thumb, 0 bytes, Stack size 0 bytes, memseta.o(.text), UNUSED)

<P><STRONG><a name="[53]"></a>_memset$wrapper</STRONG> (Thumb, 18 bytes, Stack size 8 bytes, memseta.o(.text), UNUSED)
<BR><BR>[Calls]<UL><LI><a href="#[52]">&gt;&gt;</a>&nbsp;&nbsp;&nbsp;__aeabi_memset
</UL>

<P><STRONG><a name="[9c]"></a>strstr</STRONG> (Thumb, 36 bytes, Stack size 12 bytes, strstr.o(.text))
<BR><BR>[Stack]<UL><LI>Max Depth = 12<LI>Call Chain = strstr
</UL>
<BR>[Called By]<UL><LI><a href="#[79]">&gt;&gt;</a>&nbsp;&nbsp;&nbsp;elog_output
</UL>

<P><STRONG><a name="[9b]"></a>strlen</STRONG> (Thumb, 14 bytes, Stack size 0 bytes, strlen.o(.text))
<BR><BR>[Called By]<UL><LI><a href="#[79]">&gt;&gt;</a>&nbsp;&nbsp;&nbsp;elog_output
</UL>

<P><STRONG><a name="[95]"></a>strncmp</STRONG> (Thumb, 30 bytes, Stack size 12 bytes, strncmp.o(.text))
<BR><BR>[Stack]<UL><LI>Max Depth = 12<LI>Call Chain = strncmp
</UL>
<BR>[Called By]<UL><LI><a href="#[93]">&gt;&gt;</a>&nbsp;&nbsp;&nbsp;elog_get_filter_tag_lvl
</UL>

<P><STRONG><a name="[54]"></a>atoi</STRONG> (Thumb, 26 bytes, Stack size 16 bytes, atoi.o(.text))
<BR><BR>[Stack]<UL><LI>Max Depth = 88<LI>Call Chain = atoi &rArr; strtol &rArr; _strtoul
</UL>
<BR>[Calls]<UL><LI><a href="#[56]">&gt;&gt;</a>&nbsp;&nbsp;&nbsp;strtol
<LI><a href="#[55]">&gt;&gt;</a>&nbsp;&nbsp;&nbsp;__aeabi_errno_addr
</UL>
<BR>[Called By]<UL><LI><a href="#[bf]">&gt;&gt;</a>&nbsp;&nbsp;&nbsp;set_timetick
</UL>

<P><STRONG><a name="[dd]"></a>__aeabi_uidiv</STRONG> (Thumb, 0 bytes, Stack size 12 bytes, uidiv.o(.text), UNUSED)

<P><STRONG><a name="[8d]"></a>__aeabi_uidivmod</STRONG> (Thumb, 44 bytes, Stack size 12 bytes, uidiv.o(.text), UNUSED)
<BR><BR>[Called By]<UL><LI><a href="#[86]">&gt;&gt;</a>&nbsp;&nbsp;&nbsp;_printf_core
</UL>

<P><STRONG><a name="[57]"></a>__aeabi_uldivmod</STRONG> (Thumb, 98 bytes, Stack size 40 bytes, uldiv.o(.text), UNUSED)
<BR><BR>[Calls]<UL><LI><a href="#[58]">&gt;&gt;</a>&nbsp;&nbsp;&nbsp;__aeabi_llsr
<LI><a href="#[59]">&gt;&gt;</a>&nbsp;&nbsp;&nbsp;__aeabi_llsl
</UL>
<BR>[Called By]<UL><LI><a href="#[86]">&gt;&gt;</a>&nbsp;&nbsp;&nbsp;_printf_core
<LI><a href="#[89]">&gt;&gt;</a>&nbsp;&nbsp;&nbsp;_fp_digits
</UL>

<P><STRONG><a name="[56]"></a>strtol</STRONG> (Thumb, 112 bytes, Stack size 32 bytes, strtol.o(.text))
<BR><BR>[Stack]<UL><LI>Max Depth = 72<LI>Call Chain = strtol &rArr; _strtoul
</UL>
<BR>[Calls]<UL><LI><a href="#[5b]">&gt;&gt;</a>&nbsp;&nbsp;&nbsp;_strtoul
<LI><a href="#[5a]">&gt;&gt;</a>&nbsp;&nbsp;&nbsp;__rt_ctype_table
<LI><a href="#[55]">&gt;&gt;</a>&nbsp;&nbsp;&nbsp;__aeabi_errno_addr
</UL>
<BR>[Called By]<UL><LI><a href="#[54]">&gt;&gt;</a>&nbsp;&nbsp;&nbsp;atoi
</UL>

<P><STRONG><a name="[de]"></a>__I$use$fp</STRONG> (Thumb, 0 bytes, Stack size 48 bytes, iusefp.o(.text), UNUSED)

<P><STRONG><a name="[5c]"></a>__aeabi_dadd</STRONG> (Thumb, 322 bytes, Stack size 48 bytes, dadd.o(.text), UNUSED)
<BR><BR>[Calls]<UL><LI><a href="#[5d]">&gt;&gt;</a>&nbsp;&nbsp;&nbsp;__aeabi_lasr
<LI><a href="#[59]">&gt;&gt;</a>&nbsp;&nbsp;&nbsp;__aeabi_llsl
<LI><a href="#[5f]">&gt;&gt;</a>&nbsp;&nbsp;&nbsp;_double_round
<LI><a href="#[5e]">&gt;&gt;</a>&nbsp;&nbsp;&nbsp;_double_epilogue
</UL>
<BR>[Called By]<UL><LI><a href="#[61]">&gt;&gt;</a>&nbsp;&nbsp;&nbsp;__aeabi_drsub
<LI><a href="#[60]">&gt;&gt;</a>&nbsp;&nbsp;&nbsp;__aeabi_dsub
<LI><a href="#[89]">&gt;&gt;</a>&nbsp;&nbsp;&nbsp;_fp_digits
</UL>

<P><STRONG><a name="[60]"></a>__aeabi_dsub</STRONG> (Thumb, 6 bytes, Stack size 0 bytes, dadd.o(.text), UNUSED)
<BR><BR>[Calls]<UL><LI><a href="#[5c]">&gt;&gt;</a>&nbsp;&nbsp;&nbsp;__aeabi_dadd
</UL>

<P><STRONG><a name="[61]"></a>__aeabi_drsub</STRONG> (Thumb, 6 bytes, Stack size 0 bytes, dadd.o(.text), UNUSED)
<BR><BR>[Calls]<UL><LI><a href="#[5c]">&gt;&gt;</a>&nbsp;&nbsp;&nbsp;__aeabi_dadd
</UL>

<P><STRONG><a name="[62]"></a>__aeabi_dmul</STRONG> (Thumb, 228 bytes, Stack size 48 bytes, dmul.o(.text), UNUSED)
<BR><BR>[Calls]<UL><LI><a href="#[5e]">&gt;&gt;</a>&nbsp;&nbsp;&nbsp;_double_epilogue
</UL>
<BR>[Called By]<UL><LI><a href="#[89]">&gt;&gt;</a>&nbsp;&nbsp;&nbsp;_fp_digits
</UL>

<P><STRONG><a name="[63]"></a>__aeabi_ddiv</STRONG> (Thumb, 222 bytes, Stack size 32 bytes, ddiv.o(.text), UNUSED)
<BR><BR>[Calls]<UL><LI><a href="#[5f]">&gt;&gt;</a>&nbsp;&nbsp;&nbsp;_double_round
</UL>
<BR>[Called By]<UL><LI><a href="#[89]">&gt;&gt;</a>&nbsp;&nbsp;&nbsp;_fp_digits
</UL>

<P><STRONG><a name="[64]"></a>__aeabi_d2ulz</STRONG> (Thumb, 48 bytes, Stack size 0 bytes, dfixul.o(.text), UNUSED)
<BR><BR>[Calls]<UL><LI><a href="#[58]">&gt;&gt;</a>&nbsp;&nbsp;&nbsp;__aeabi_llsr
<LI><a href="#[59]">&gt;&gt;</a>&nbsp;&nbsp;&nbsp;__aeabi_llsl
</UL>
<BR>[Called By]<UL><LI><a href="#[89]">&gt;&gt;</a>&nbsp;&nbsp;&nbsp;_fp_digits
</UL>

<P><STRONG><a name="[8a]"></a>__aeabi_cdrcmple</STRONG> (Thumb, 48 bytes, Stack size 0 bytes, cdrcmple.o(.text), UNUSED)
<BR><BR>[Called By]<UL><LI><a href="#[89]">&gt;&gt;</a>&nbsp;&nbsp;&nbsp;_fp_digits
</UL>

<P><STRONG><a name="[50]"></a>__scatterload</STRONG> (Thumb, 28 bytes, Stack size 0 bytes, init.o(.text))
<BR><BR>[Calls]<UL><LI><a href="#[65]">&gt;&gt;</a>&nbsp;&nbsp;&nbsp;__main_after_scatterload
</UL>
<BR>[Called By]<UL><LI><a href="#[4f]">&gt;&gt;</a>&nbsp;&nbsp;&nbsp;_main_scatterload
</UL>

<P><STRONG><a name="[df]"></a>__scatterload_rt2</STRONG> (Thumb, 0 bytes, Stack size 0 bytes, init.o(.text), UNUSED)

<P><STRONG><a name="[59]"></a>__aeabi_llsl</STRONG> (Thumb, 30 bytes, Stack size 0 bytes, llshl.o(.text), UNUSED)
<BR><BR>[Called By]<UL><LI><a href="#[5e]">&gt;&gt;</a>&nbsp;&nbsp;&nbsp;_double_epilogue
<LI><a href="#[57]">&gt;&gt;</a>&nbsp;&nbsp;&nbsp;__aeabi_uldivmod
<LI><a href="#[5c]">&gt;&gt;</a>&nbsp;&nbsp;&nbsp;__aeabi_dadd
<LI><a href="#[64]">&gt;&gt;</a>&nbsp;&nbsp;&nbsp;__aeabi_d2ulz
</UL>

<P><STRONG><a name="[e0]"></a>_ll_shift_l</STRONG> (Thumb, 0 bytes, Stack size 0 bytes, llshl.o(.text), UNUSED)

<P><STRONG><a name="[58]"></a>__aeabi_llsr</STRONG> (Thumb, 32 bytes, Stack size 0 bytes, llushr.o(.text), UNUSED)
<BR><BR>[Called By]<UL><LI><a href="#[5e]">&gt;&gt;</a>&nbsp;&nbsp;&nbsp;_double_epilogue
<LI><a href="#[57]">&gt;&gt;</a>&nbsp;&nbsp;&nbsp;__aeabi_uldivmod
<LI><a href="#[64]">&gt;&gt;</a>&nbsp;&nbsp;&nbsp;__aeabi_d2ulz
</UL>

<P><STRONG><a name="[e1]"></a>_ll_ushift_r</STRONG> (Thumb, 0 bytes, Stack size 0 bytes, llushr.o(.text), UNUSED)

<P><STRONG><a name="[5d]"></a>__aeabi_lasr</STRONG> (Thumb, 36 bytes, Stack size 0 bytes, llsshr.o(.text), UNUSED)
<BR><BR>[Called By]<UL><LI><a href="#[5c]">&gt;&gt;</a>&nbsp;&nbsp;&nbsp;__aeabi_dadd
</UL>

<P><STRONG><a name="[e2]"></a>_ll_sshift_r</STRONG> (Thumb, 0 bytes, Stack size 0 bytes, llsshr.o(.text), UNUSED)

<P><STRONG><a name="[5a]"></a>__rt_ctype_table</STRONG> (Thumb, 4 bytes, Stack size 0 bytes, ctype_o.o(.text))
<BR><BR>[Called By]<UL><LI><a href="#[56]">&gt;&gt;</a>&nbsp;&nbsp;&nbsp;strtol
</UL>

<P><STRONG><a name="[5b]"></a>_strtoul</STRONG> (Thumb, 158 bytes, Stack size 40 bytes, _strtoul.o(.text))
<BR><BR>[Stack]<UL><LI>Max Depth = 40<LI>Call Chain = _strtoul
</UL>
<BR>[Calls]<UL><LI><a href="#[66]">&gt;&gt;</a>&nbsp;&nbsp;&nbsp;_chval
<LI><a href="#[55]">&gt;&gt;</a>&nbsp;&nbsp;&nbsp;__aeabi_errno_addr
</UL>
<BR>[Called By]<UL><LI><a href="#[56]">&gt;&gt;</a>&nbsp;&nbsp;&nbsp;strtol
</UL>

<P><STRONG><a name="[5f]"></a>_double_round</STRONG> (Thumb, 30 bytes, Stack size 8 bytes, depilogue.o(.text), UNUSED)
<BR><BR>[Called By]<UL><LI><a href="#[5e]">&gt;&gt;</a>&nbsp;&nbsp;&nbsp;_double_epilogue
<LI><a href="#[63]">&gt;&gt;</a>&nbsp;&nbsp;&nbsp;__aeabi_ddiv
<LI><a href="#[5c]">&gt;&gt;</a>&nbsp;&nbsp;&nbsp;__aeabi_dadd
</UL>

<P><STRONG><a name="[5e]"></a>_double_epilogue</STRONG> (Thumb, 156 bytes, Stack size 32 bytes, depilogue.o(.text), UNUSED)
<BR><BR>[Calls]<UL><LI><a href="#[58]">&gt;&gt;</a>&nbsp;&nbsp;&nbsp;__aeabi_llsr
<LI><a href="#[59]">&gt;&gt;</a>&nbsp;&nbsp;&nbsp;__aeabi_llsl
<LI><a href="#[5f]">&gt;&gt;</a>&nbsp;&nbsp;&nbsp;_double_round
</UL>
<BR>[Called By]<UL><LI><a href="#[62]">&gt;&gt;</a>&nbsp;&nbsp;&nbsp;__aeabi_dmul
<LI><a href="#[5c]">&gt;&gt;</a>&nbsp;&nbsp;&nbsp;__aeabi_dadd
</UL>

<P><STRONG><a name="[66]"></a>_chval</STRONG> (Thumb, 28 bytes, Stack size 0 bytes, _chval.o(.text))
<BR><BR>[Called By]<UL><LI><a href="#[5b]">&gt;&gt;</a>&nbsp;&nbsp;&nbsp;_strtoul
</UL>

<P><STRONG><a name="[e3]"></a>__decompress</STRONG> (Thumb, 0 bytes, Stack size unknown bytes, __dczerorl2.o(.text), UNUSED)

<P><STRONG><a name="[e4]"></a>__decompress1</STRONG> (Thumb, 86 bytes, Stack size unknown bytes, __dczerorl2.o(.text), UNUSED)

<P><STRONG><a name="[e]"></a>BusFault_Handler</STRONG> (Thumb, 4 bytes, Stack size 0 bytes, stm32f10x_it.o(i.BusFault_Handler))
<BR>[Address Reference Count : 1]<UL><LI> startup_stm32f10x_md.o(RESET)
</UL>
<P><STRONG><a name="[11]"></a>DebugMon_Handler</STRONG> (Thumb, 2 bytes, Stack size 0 bytes, stm32f10x_it.o(i.DebugMon_Handler))
<BR>[Address Reference Count : 1]<UL><LI> startup_stm32f10x_md.o(RESET)
</UL>
<P><STRONG><a name="[67]"></a>Easylogger_Init</STRONG> (Thumb, 66 bytes, Stack size 8 bytes, app_log.o(i.Easylogger_Init))
<BR><BR>[Stack]<UL><LI>Max Depth = 196<LI>Call Chain = Easylogger_Init &rArr; elog_start &rArr; elog_set_output_enabled &rArr; elog_output &rArr;  elog_output (Cycle)
</UL>
<BR>[Calls]<UL><LI><a href="#[6b]">&gt;&gt;</a>&nbsp;&nbsp;&nbsp;elog_start
<LI><a href="#[69]">&gt;&gt;</a>&nbsp;&nbsp;&nbsp;elog_set_text_color_enabled
<LI><a href="#[6a]">&gt;&gt;</a>&nbsp;&nbsp;&nbsp;elog_set_fmt
<LI><a href="#[68]">&gt;&gt;</a>&nbsp;&nbsp;&nbsp;elog_init
</UL>
<BR>[Called By]<UL><LI><a href="#[3f]">&gt;&gt;</a>&nbsp;&nbsp;&nbsp;main
</UL>

<P><STRONG><a name="[7e]"></a>GPIO_Init</STRONG> (Thumb, 278 bytes, Stack size 24 bytes, stm32f10x_gpio.o(i.GPIO_Init))
<BR><BR>[Stack]<UL><LI>Max Depth = 24<LI>Call Chain = GPIO_Init
</UL>
<BR>[Called By]<UL><LI><a href="#[c0]">&gt;&gt;</a>&nbsp;&nbsp;&nbsp;stm32f1xx_i2c_init
<LI><a href="#[8e]">&gt;&gt;</a>&nbsp;&nbsp;&nbsp;app_key_init
<LI><a href="#[7c]">&gt;&gt;</a>&nbsp;&nbsp;&nbsp;USART1_Configuration
<LI><a href="#[be]">&gt;&gt;</a>&nbsp;&nbsp;&nbsp;sys_init
</UL>

<P><STRONG><a name="[b9]"></a>GPIO_ReadInputDataBit</STRONG> (Thumb, 18 bytes, Stack size 0 bytes, stm32f10x_gpio.o(i.GPIO_ReadInputDataBit))
<BR><BR>[Called By]<UL><LI><a href="#[bb]">&gt;&gt;</a>&nbsp;&nbsp;&nbsp;read_gpio_state
<LI><a href="#[45]">&gt;&gt;</a>&nbsp;&nbsp;&nbsp;key_scan
</UL>

<P><STRONG><a name="[d0]"></a>GPIO_ResetBits</STRONG> (Thumb, 4 bytes, Stack size 0 bytes, stm32f10x_gpio.o(i.GPIO_ResetBits))
<BR><BR>[Called By]<UL><LI><a href="#[4d]">&gt;&gt;</a>&nbsp;&nbsp;&nbsp;sys_ledflash
</UL>

<P><STRONG><a name="[d1]"></a>GPIO_SetBits</STRONG> (Thumb, 4 bytes, Stack size 0 bytes, stm32f10x_gpio.o(i.GPIO_SetBits))
<BR><BR>[Called By]<UL><LI><a href="#[4d]">&gt;&gt;</a>&nbsp;&nbsp;&nbsp;sys_ledflash
</UL>

<P><STRONG><a name="[ba]"></a>GetSysTickVal</STRONG> (Thumb, 6 bytes, Stack size 0 bytes, app_timer.o(i.GetSysTickVal))
<BR><BR>[Called By]<UL><LI><a href="#[45]">&gt;&gt;</a>&nbsp;&nbsp;&nbsp;key_scan
</UL>

<P><STRONG><a name="[c]"></a>HardFault_Handler</STRONG> (Thumb, 4 bytes, Stack size 0 bytes, stm32f10x_it.o(i.HardFault_Handler))
<BR>[Address Reference Count : 1]<UL><LI> startup_stm32f10x_md.o(RESET)
</UL>
<P><STRONG><a name="[d]"></a>MemManage_Handler</STRONG> (Thumb, 4 bytes, Stack size 0 bytes, stm32f10x_it.o(i.MemManage_Handler))
<BR>[Address Reference Count : 1]<UL><LI> startup_stm32f10x_md.o(RESET)
</UL>
<P><STRONG><a name="[b]"></a>NMI_Handler</STRONG> (Thumb, 2 bytes, Stack size 0 bytes, stm32f10x_it.o(i.NMI_Handler))
<BR>[Address Reference Count : 1]<UL><LI> startup_stm32f10x_md.o(RESET)
</UL>
<P><STRONG><a name="[bd]"></a>NVIC_PriorityGroupConfig</STRONG> (Thumb, 10 bytes, Stack size 0 bytes, misc.o(i.NVIC_PriorityGroupConfig))
<BR><BR>[Called By]<UL><LI><a href="#[3f]">&gt;&gt;</a>&nbsp;&nbsp;&nbsp;main
</UL>

<P><STRONG><a name="[6c]"></a>OLED12864_Init</STRONG> (Thumb, 194 bytes, Stack size 8 bytes, app_oled.o(i.OLED12864_Init))
<BR><BR>[Stack]<UL><LI>Max Depth = 96<LI>Call Chain = OLED12864_Init &rArr; OLED_Fill_All &rArr; ssd1306_write_data &rArr; oled12864_write_reg0 &rArr; i2c_bus_xfer
</UL>
<BR>[Calls]<UL><LI><a href="#[6e]">&gt;&gt;</a>&nbsp;&nbsp;&nbsp;OLED_Fill_All
<LI><a href="#[6d]">&gt;&gt;</a>&nbsp;&nbsp;&nbsp;ssd1306_write_cmd
</UL>
<BR>[Called By]<UL><LI><a href="#[3f]">&gt;&gt;</a>&nbsp;&nbsp;&nbsp;main
</UL>

<P><STRONG><a name="[6e]"></a>OLED_Fill_All</STRONG> (Thumb, 58 bytes, Stack size 16 bytes, app_oled.o(i.OLED_Fill_All))
<BR><BR>[Stack]<UL><LI>Max Depth = 88<LI>Call Chain = OLED_Fill_All &rArr; ssd1306_write_data &rArr; oled12864_write_reg0 &rArr; i2c_bus_xfer
</UL>
<BR>[Calls]<UL><LI><a href="#[6f]">&gt;&gt;</a>&nbsp;&nbsp;&nbsp;ssd1306_write_data
<LI><a href="#[6d]">&gt;&gt;</a>&nbsp;&nbsp;&nbsp;ssd1306_write_cmd
</UL>
<BR>[Called By]<UL><LI><a href="#[45]">&gt;&gt;</a>&nbsp;&nbsp;&nbsp;key_scan
<LI><a href="#[6c]">&gt;&gt;</a>&nbsp;&nbsp;&nbsp;OLED12864_Init
</UL>

<P><STRONG><a name="[12]"></a>PendSV_Handler</STRONG> (Thumb, 2 bytes, Stack size 0 bytes, stm32f10x_it.o(i.PendSV_Handler))
<BR>[Address Reference Count : 1]<UL><LI> startup_stm32f10x_md.o(RESET)
</UL>
<P><STRONG><a name="[7d]"></a>RCC_APB2PeriphClockCmd</STRONG> (Thumb, 26 bytes, Stack size 0 bytes, stm32f10x_rcc.o(i.RCC_APB2PeriphClockCmd))
<BR><BR>[Called By]<UL><LI><a href="#[c0]">&gt;&gt;</a>&nbsp;&nbsp;&nbsp;stm32f1xx_i2c_init
<LI><a href="#[7c]">&gt;&gt;</a>&nbsp;&nbsp;&nbsp;USART1_Configuration
<LI><a href="#[be]">&gt;&gt;</a>&nbsp;&nbsp;&nbsp;sys_init
</UL>

<P><STRONG><a name="[84]"></a>RCC_GetClocksFreq</STRONG> (Thumb, 192 bytes, Stack size 12 bytes, stm32f10x_rcc.o(i.RCC_GetClocksFreq))
<BR><BR>[Stack]<UL><LI>Max Depth = 12<LI>Call Chain = RCC_GetClocksFreq
</UL>
<BR>[Called By]<UL><LI><a href="#[7f]">&gt;&gt;</a>&nbsp;&nbsp;&nbsp;USART_Init
</UL>

<P><STRONG><a name="[76]"></a>RCC_HCLKConfig</STRONG> (Thumb, 18 bytes, Stack size 0 bytes, stm32f10x_rcc.o(i.RCC_HCLKConfig))
<BR><BR>[Called By]<UL><LI><a href="#[73]">&gt;&gt;</a>&nbsp;&nbsp;&nbsp;SystemTickConfig
</UL>

<P><STRONG><a name="[75]"></a>RCC_PCLK1Config</STRONG> (Thumb, 18 bytes, Stack size 0 bytes, stm32f10x_rcc.o(i.RCC_PCLK1Config))
<BR><BR>[Called By]<UL><LI><a href="#[73]">&gt;&gt;</a>&nbsp;&nbsp;&nbsp;SystemTickConfig
</UL>

<P><STRONG><a name="[77]"></a>RCC_PCLK2Config</STRONG> (Thumb, 20 bytes, Stack size 0 bytes, stm32f10x_rcc.o(i.RCC_PCLK2Config))
<BR><BR>[Called By]<UL><LI><a href="#[73]">&gt;&gt;</a>&nbsp;&nbsp;&nbsp;SystemTickConfig
</UL>

<P><STRONG><a name="[10]"></a>SVC_Handler</STRONG> (Thumb, 2 bytes, Stack size 0 bytes, stm32f10x_it.o(i.SVC_Handler))
<BR>[Address Reference Count : 1]<UL><LI> startup_stm32f10x_md.o(RESET)
</UL>
<P><STRONG><a name="[74]"></a>SysTick_CLKSourceConfig</STRONG> (Thumb, 40 bytes, Stack size 0 bytes, misc.o(i.SysTick_CLKSourceConfig))
<BR><BR>[Called By]<UL><LI><a href="#[73]">&gt;&gt;</a>&nbsp;&nbsp;&nbsp;SystemTickConfig
</UL>

<P><STRONG><a name="[13]"></a>SysTick_Handler</STRONG> (Thumb, 18 bytes, Stack size 8 bytes, app_timer.o(i.SysTick_Handler))
<BR><BR>[Stack]<UL><LI>Max Depth = 48<LI>Call Chain = SysTick_Handler &rArr; stim_tick &rArr; insert_event
</UL>
<BR>[Calls]<UL><LI><a href="#[72]">&gt;&gt;</a>&nbsp;&nbsp;&nbsp;stim_tick
</UL>
<BR>[Address Reference Count : 1]<UL><LI> startup_stm32f10x_md.o(RESET)
</UL>
<P><STRONG><a name="[40]"></a>SystemInit</STRONG> (Thumb, 78 bytes, Stack size 8 bytes, system_stm32f10x.o(i.SystemInit))
<BR><BR>[Stack]<UL><LI>Max Depth = 28<LI>Call Chain = SystemInit &rArr; SetSysClock &rArr; SetSysClockTo72
</UL>
<BR>[Calls]<UL><LI><a href="#[70]">&gt;&gt;</a>&nbsp;&nbsp;&nbsp;SetSysClock
</UL>
<BR>[Address Reference Count : 1]<UL><LI> startup_stm32f10x_md.o(.text)
</UL>
<P><STRONG><a name="[73]"></a>SystemTickConfig</STRONG> (Thumb, 70 bytes, Stack size 16 bytes, app_timer.o(i.SystemTickConfig))
<BR><BR>[Stack]<UL><LI>Max Depth = 16<LI>Call Chain = SystemTickConfig
</UL>
<BR>[Calls]<UL><LI><a href="#[74]">&gt;&gt;</a>&nbsp;&nbsp;&nbsp;SysTick_CLKSourceConfig
<LI><a href="#[77]">&gt;&gt;</a>&nbsp;&nbsp;&nbsp;RCC_PCLK2Config
<LI><a href="#[75]">&gt;&gt;</a>&nbsp;&nbsp;&nbsp;RCC_PCLK1Config
<LI><a href="#[76]">&gt;&gt;</a>&nbsp;&nbsp;&nbsp;RCC_HCLKConfig
</UL>
<BR>[Called By]<UL><LI><a href="#[bc]">&gt;&gt;</a>&nbsp;&nbsp;&nbsp;stim_init
</UL>

<P><STRONG><a name="[30]"></a>TIM2_IRQHandler</STRONG> (Thumb, 64 bytes, Stack size 16 bytes, app_timer.o(i.TIM2_IRQHandler))
<BR><BR>[Stack]<UL><LI>Max Depth = 156<LI>Call Chain = TIM2_IRQHandler &rArr; elog_output &rArr;  elog_output (Cycle)
</UL>
<BR>[Calls]<UL><LI><a href="#[79]">&gt;&gt;</a>&nbsp;&nbsp;&nbsp;elog_output
<LI><a href="#[78]">&gt;&gt;</a>&nbsp;&nbsp;&nbsp;TIM_GetITStatus
<LI><a href="#[7b]">&gt;&gt;</a>&nbsp;&nbsp;&nbsp;TIM_Cmd
<LI><a href="#[7a]">&gt;&gt;</a>&nbsp;&nbsp;&nbsp;TIM_ClearITPendingBit
</UL>
<BR>[Address Reference Count : 1]<UL><LI> startup_stm32f10x_md.o(RESET)
</UL>
<P><STRONG><a name="[7a]"></a>TIM_ClearITPendingBit</STRONG> (Thumb, 6 bytes, Stack size 0 bytes, stm32f10x_tim.o(i.TIM_ClearITPendingBit))
<BR><BR>[Called By]<UL><LI><a href="#[30]">&gt;&gt;</a>&nbsp;&nbsp;&nbsp;TIM2_IRQHandler
</UL>

<P><STRONG><a name="[7b]"></a>TIM_Cmd</STRONG> (Thumb, 24 bytes, Stack size 0 bytes, stm32f10x_tim.o(i.TIM_Cmd))
<BR><BR>[Called By]<UL><LI><a href="#[30]">&gt;&gt;</a>&nbsp;&nbsp;&nbsp;TIM2_IRQHandler
<LI><a href="#[3b]">&gt;&gt;</a>&nbsp;&nbsp;&nbsp;USART3_IRQHandler
</UL>

<P><STRONG><a name="[78]"></a>TIM_GetITStatus</STRONG> (Thumb, 34 bytes, Stack size 12 bytes, stm32f10x_tim.o(i.TIM_GetITStatus))
<BR><BR>[Stack]<UL><LI>Max Depth = 12<LI>Call Chain = TIM_GetITStatus
</UL>
<BR>[Called By]<UL><LI><a href="#[30]">&gt;&gt;</a>&nbsp;&nbsp;&nbsp;TIM2_IRQHandler
</UL>

<P><STRONG><a name="[83]"></a>TIM_SetCounter</STRONG> (Thumb, 4 bytes, Stack size 0 bytes, stm32f10x_tim.o(i.TIM_SetCounter))
<BR><BR>[Called By]<UL><LI><a href="#[3b]">&gt;&gt;</a>&nbsp;&nbsp;&nbsp;USART3_IRQHandler
</UL>

<P><STRONG><a name="[7c]"></a>USART1_Configuration</STRONG> (Thumb, 124 bytes, Stack size 32 bytes, bsp_uart.o(i.USART1_Configuration))
<BR><BR>[Stack]<UL><LI>Max Depth = 100<LI>Call Chain = USART1_Configuration &rArr; USART_Init &rArr; RCC_GetClocksFreq
</UL>
<BR>[Calls]<UL><LI><a href="#[7e]">&gt;&gt;</a>&nbsp;&nbsp;&nbsp;GPIO_Init
<LI><a href="#[7d]">&gt;&gt;</a>&nbsp;&nbsp;&nbsp;RCC_APB2PeriphClockCmd
<LI><a href="#[7f]">&gt;&gt;</a>&nbsp;&nbsp;&nbsp;USART_Init
<LI><a href="#[80]">&gt;&gt;</a>&nbsp;&nbsp;&nbsp;USART_Cmd
</UL>
<BR>[Called By]<UL><LI><a href="#[3f]">&gt;&gt;</a>&nbsp;&nbsp;&nbsp;main
</UL>

<P><STRONG><a name="[3b]"></a>USART3_IRQHandler</STRONG> (Thumb, 94 bytes, Stack size 8 bytes, atk_mw8266d.o(i.USART3_IRQHandler))
<BR><BR>[Stack]<UL><LI>Max Depth = 24<LI>Call Chain = USART3_IRQHandler &rArr; USART_GetITStatus
</UL>
<BR>[Calls]<UL><LI><a href="#[82]">&gt;&gt;</a>&nbsp;&nbsp;&nbsp;USART_ReceiveData
<LI><a href="#[81]">&gt;&gt;</a>&nbsp;&nbsp;&nbsp;USART_GetITStatus
<LI><a href="#[83]">&gt;&gt;</a>&nbsp;&nbsp;&nbsp;TIM_SetCounter
<LI><a href="#[7b]">&gt;&gt;</a>&nbsp;&nbsp;&nbsp;TIM_Cmd
</UL>
<BR>[Address Reference Count : 1]<UL><LI> startup_stm32f10x_md.o(RESET)
</UL>
<P><STRONG><a name="[80]"></a>USART_Cmd</STRONG> (Thumb, 24 bytes, Stack size 0 bytes, stm32f10x_usart.o(i.USART_Cmd))
<BR><BR>[Called By]<UL><LI><a href="#[7c]">&gt;&gt;</a>&nbsp;&nbsp;&nbsp;USART1_Configuration
</UL>

<P><STRONG><a name="[81]"></a>USART_GetITStatus</STRONG> (Thumb, 84 bytes, Stack size 16 bytes, stm32f10x_usart.o(i.USART_GetITStatus))
<BR><BR>[Stack]<UL><LI>Max Depth = 16<LI>Call Chain = USART_GetITStatus
</UL>
<BR>[Called By]<UL><LI><a href="#[3b]">&gt;&gt;</a>&nbsp;&nbsp;&nbsp;USART3_IRQHandler
</UL>

<P><STRONG><a name="[7f]"></a>USART_Init</STRONG> (Thumb, 210 bytes, Stack size 56 bytes, stm32f10x_usart.o(i.USART_Init))
<BR><BR>[Stack]<UL><LI>Max Depth = 68<LI>Call Chain = USART_Init &rArr; RCC_GetClocksFreq
</UL>
<BR>[Calls]<UL><LI><a href="#[84]">&gt;&gt;</a>&nbsp;&nbsp;&nbsp;RCC_GetClocksFreq
</UL>
<BR>[Called By]<UL><LI><a href="#[7c]">&gt;&gt;</a>&nbsp;&nbsp;&nbsp;USART1_Configuration
</UL>

<P><STRONG><a name="[82]"></a>USART_ReceiveData</STRONG> (Thumb, 10 bytes, Stack size 0 bytes, stm32f10x_usart.o(i.USART_ReceiveData))
<BR><BR>[Called By]<UL><LI><a href="#[3b]">&gt;&gt;</a>&nbsp;&nbsp;&nbsp;USART3_IRQHandler
</UL>

<P><STRONG><a name="[f]"></a>UsageFault_Handler</STRONG> (Thumb, 4 bytes, Stack size 0 bytes, stm32f10x_it.o(i.UsageFault_Handler))
<BR>[Address Reference Count : 1]<UL><LI> startup_stm32f10x_md.o(RESET)
</UL>
<P><STRONG><a name="[85]"></a>__0printf</STRONG> (Thumb, 22 bytes, Stack size 24 bytes, printfa.o(i.__0printf), UNUSED)
<BR><BR>[Calls]<UL><LI><a href="#[86]">&gt;&gt;</a>&nbsp;&nbsp;&nbsp;_printf_core
</UL>

<P><STRONG><a name="[e5]"></a>__1printf</STRONG> (Thumb, 0 bytes, Stack size 24 bytes, printfa.o(i.__0printf), UNUSED)

<P><STRONG><a name="[a7]"></a>__2printf</STRONG> (Thumb, 0 bytes, Stack size 24 bytes, printfa.o(i.__0printf))
<BR><BR>[Stack]<UL><LI>Max Depth = 24<LI>Call Chain = __2printf
</UL>
<BR>[Called By]<UL><LI><a href="#[a4]">&gt;&gt;</a>&nbsp;&nbsp;&nbsp;elog_port_output
</UL>

<P><STRONG><a name="[e6]"></a>__c89printf</STRONG> (Thumb, 0 bytes, Stack size 24 bytes, printfa.o(i.__0printf), UNUSED)

<P><STRONG><a name="[e7]"></a>printf</STRONG> (Thumb, 0 bytes, Stack size 24 bytes, printfa.o(i.__0printf), UNUSED)

<P><STRONG><a name="[87]"></a>__0snprintf</STRONG> (Thumb, 48 bytes, Stack size 40 bytes, printfa.o(i.__0snprintf), UNUSED)
<BR><BR>[Calls]<UL><LI><a href="#[86]">&gt;&gt;</a>&nbsp;&nbsp;&nbsp;_printf_core
</UL>

<P><STRONG><a name="[e8]"></a>__1snprintf</STRONG> (Thumb, 0 bytes, Stack size 40 bytes, printfa.o(i.__0snprintf), UNUSED)

<P><STRONG><a name="[a2]"></a>__2snprintf</STRONG> (Thumb, 0 bytes, Stack size 40 bytes, printfa.o(i.__0snprintf))
<BR><BR>[Stack]<UL><LI>Max Depth = 40<LI>Call Chain = __2snprintf
</UL>
<BR>[Called By]<UL><LI><a href="#[79]">&gt;&gt;</a>&nbsp;&nbsp;&nbsp;elog_output
</UL>

<P><STRONG><a name="[e9]"></a>__c89snprintf</STRONG> (Thumb, 0 bytes, Stack size 40 bytes, printfa.o(i.__0snprintf), UNUSED)

<P><STRONG><a name="[ea]"></a>snprintf</STRONG> (Thumb, 0 bytes, Stack size 40 bytes, printfa.o(i.__0snprintf), UNUSED)

<P><STRONG><a name="[88]"></a>__0vsnprintf</STRONG> (Thumb, 46 bytes, Stack size 24 bytes, printfa.o(i.__0vsnprintf), UNUSED)
<BR><BR>[Calls]<UL><LI><a href="#[86]">&gt;&gt;</a>&nbsp;&nbsp;&nbsp;_printf_core
</UL>

<P><STRONG><a name="[eb]"></a>__1vsnprintf</STRONG> (Thumb, 0 bytes, Stack size 24 bytes, printfa.o(i.__0vsnprintf), UNUSED)

<P><STRONG><a name="[ec]"></a>__2vsnprintf</STRONG> (Thumb, 0 bytes, Stack size 24 bytes, printfa.o(i.__0vsnprintf), UNUSED)

<P><STRONG><a name="[ed]"></a>__c89vsnprintf</STRONG> (Thumb, 0 bytes, Stack size 24 bytes, printfa.o(i.__0vsnprintf), UNUSED)

<P><STRONG><a name="[a3]"></a>vsnprintf</STRONG> (Thumb, 0 bytes, Stack size 24 bytes, printfa.o(i.__0vsnprintf))
<BR><BR>[Stack]<UL><LI>Max Depth = 24<LI>Call Chain = vsnprintf
</UL>
<BR>[Called By]<UL><LI><a href="#[79]">&gt;&gt;</a>&nbsp;&nbsp;&nbsp;elog_output
</UL>

<P><STRONG><a name="[55]"></a>__aeabi_errno_addr</STRONG> (Thumb, 4 bytes, Stack size 0 bytes, errno.o(i.__aeabi_errno_addr))
<BR><BR>[Called By]<UL><LI><a href="#[5b]">&gt;&gt;</a>&nbsp;&nbsp;&nbsp;_strtoul
<LI><a href="#[56]">&gt;&gt;</a>&nbsp;&nbsp;&nbsp;strtol
<LI><a href="#[54]">&gt;&gt;</a>&nbsp;&nbsp;&nbsp;atoi
</UL>

<P><STRONG><a name="[ee]"></a>__rt_errno_addr</STRONG> (Thumb, 0 bytes, Stack size 0 bytes, errno.o(i.__aeabi_errno_addr), UNUSED)

<P><STRONG><a name="[ef]"></a>__scatterload_copy</STRONG> (Thumb, 14 bytes, Stack size unknown bytes, handlers.o(i.__scatterload_copy), UNUSED)

<P><STRONG><a name="[f0]"></a>__scatterload_null</STRONG> (Thumb, 2 bytes, Stack size unknown bytes, handlers.o(i.__scatterload_null), UNUSED)

<P><STRONG><a name="[f1]"></a>__scatterload_zeroinit</STRONG> (Thumb, 14 bytes, Stack size unknown bytes, handlers.o(i.__scatterload_zeroinit), UNUSED)

<P><STRONG><a name="[8e]"></a>app_key_init</STRONG> (Thumb, 96 bytes, Stack size 8 bytes, app_key.o(i.app_key_init))
<BR><BR>[Stack]<UL><LI>Max Depth = 32<LI>Call Chain = app_key_init &rArr; GPIO_Init
</UL>
<BR>[Calls]<UL><LI><a href="#[7e]">&gt;&gt;</a>&nbsp;&nbsp;&nbsp;GPIO_Init
<LI><a href="#[8f]">&gt;&gt;</a>&nbsp;&nbsp;&nbsp;__aeabi_memclr4
</UL>
<BR>[Called By]<UL><LI><a href="#[3f]">&gt;&gt;</a>&nbsp;&nbsp;&nbsp;main
</UL>

<P><STRONG><a name="[93]"></a>elog_get_filter_tag_lvl</STRONG> (Thumb, 162 bytes, Stack size 40 bytes, elog.o(i.elog_get_filter_tag_lvl))
<BR><BR>[Stack]<UL><LI>Max Depth = 52 + In Cycle
<LI>Call Chain = elog_get_filter_tag_lvl &rArr;  elog_output (Cycle)
</UL>
<BR>[Calls]<UL><LI><a href="#[96]">&gt;&gt;</a>&nbsp;&nbsp;&nbsp;elog_output_unlock
<LI><a href="#[94]">&gt;&gt;</a>&nbsp;&nbsp;&nbsp;elog_output_lock
<LI><a href="#[79]">&gt;&gt;</a>&nbsp;&nbsp;&nbsp;elog_output
<LI><a href="#[95]">&gt;&gt;</a>&nbsp;&nbsp;&nbsp;strncmp
</UL>
<BR>[Called By]<UL><LI><a href="#[79]">&gt;&gt;</a>&nbsp;&nbsp;&nbsp;elog_output
</UL>

<P><STRONG><a name="[68]"></a>elog_init</STRONG> (Thumb, 76 bytes, Stack size 8 bytes, elog.o(i.elog_init))
<BR><BR>[Stack]<UL><LI>Max Depth = 180<LI>Call Chain = elog_init &rArr; elog_set_filter_lvl &rArr; elog_output &rArr;  elog_output (Cycle)
</UL>
<BR>[Calls]<UL><LI><a href="#[97]">&gt;&gt;</a>&nbsp;&nbsp;&nbsp;elog_port_init
<LI><a href="#[69]">&gt;&gt;</a>&nbsp;&nbsp;&nbsp;elog_set_text_color_enabled
<LI><a href="#[99]">&gt;&gt;</a>&nbsp;&nbsp;&nbsp;elog_set_filter_lvl
<LI><a href="#[98]">&gt;&gt;</a>&nbsp;&nbsp;&nbsp;elog_output_lock_enabled
<LI><a href="#[9a]">&gt;&gt;</a>&nbsp;&nbsp;&nbsp;elog_set_filter_tag_lvl_default
</UL>
<BR>[Called By]<UL><LI><a href="#[67]">&gt;&gt;</a>&nbsp;&nbsp;&nbsp;Easylogger_Init
</UL>

<P><STRONG><a name="[79]"></a>elog_output</STRONG> (Thumb, 818 bytes, Stack size 88 bytes, elog.o(i.elog_output))
<BR><BR>[Stack]<UL><LI>Max Depth = 140 + In Cycle
<LI>Call Chain = elog_output &rArr;  elog_output (Cycle)
</UL>
<BR>[Calls]<UL><LI><a href="#[9d]">&gt;&gt;</a>&nbsp;&nbsp;&nbsp;elog_strcpy
<LI><a href="#[a4]">&gt;&gt;</a>&nbsp;&nbsp;&nbsp;elog_port_output
<LI><a href="#[9f]">&gt;&gt;</a>&nbsp;&nbsp;&nbsp;elog_port_get_time
<LI><a href="#[a1]">&gt;&gt;</a>&nbsp;&nbsp;&nbsp;elog_port_get_t_info
<LI><a href="#[a0]">&gt;&gt;</a>&nbsp;&nbsp;&nbsp;elog_port_get_p_info
<LI><a href="#[96]">&gt;&gt;</a>&nbsp;&nbsp;&nbsp;elog_output_unlock
<LI><a href="#[94]">&gt;&gt;</a>&nbsp;&nbsp;&nbsp;elog_output_lock
<LI><a href="#[93]">&gt;&gt;</a>&nbsp;&nbsp;&nbsp;elog_get_filter_tag_lvl
<LI><a href="#[9e]">&gt;&gt;</a>&nbsp;&nbsp;&nbsp;get_fmt_enabled
<LI><a href="#[79]">&gt;&gt;</a>&nbsp;&nbsp;&nbsp;elog_output
<LI><a href="#[9b]">&gt;&gt;</a>&nbsp;&nbsp;&nbsp;strlen
<LI><a href="#[9c]">&gt;&gt;</a>&nbsp;&nbsp;&nbsp;strstr
<LI><a href="#[52]">&gt;&gt;</a>&nbsp;&nbsp;&nbsp;__aeabi_memset
<LI><a href="#[a3]">&gt;&gt;</a>&nbsp;&nbsp;&nbsp;vsnprintf
<LI><a href="#[a2]">&gt;&gt;</a>&nbsp;&nbsp;&nbsp;__2snprintf
</UL>
<BR>[Called By]<UL><LI><a href="#[30]">&gt;&gt;</a>&nbsp;&nbsp;&nbsp;TIM2_IRQHandler
<LI><a href="#[9d]">&gt;&gt;</a>&nbsp;&nbsp;&nbsp;elog_strcpy
<LI><a href="#[6b]">&gt;&gt;</a>&nbsp;&nbsp;&nbsp;elog_start
<LI><a href="#[a8]">&gt;&gt;</a>&nbsp;&nbsp;&nbsp;elog_set_output_enabled
<LI><a href="#[6a]">&gt;&gt;</a>&nbsp;&nbsp;&nbsp;elog_set_fmt
<LI><a href="#[99]">&gt;&gt;</a>&nbsp;&nbsp;&nbsp;elog_set_filter_lvl
<LI><a href="#[93]">&gt;&gt;</a>&nbsp;&nbsp;&nbsp;elog_get_filter_tag_lvl
<LI><a href="#[9e]">&gt;&gt;</a>&nbsp;&nbsp;&nbsp;get_fmt_enabled
<LI><a href="#[45]">&gt;&gt;</a>&nbsp;&nbsp;&nbsp;key_scan
<LI><a href="#[79]">&gt;&gt;</a>&nbsp;&nbsp;&nbsp;elog_output
<LI><a href="#[3f]">&gt;&gt;</a>&nbsp;&nbsp;&nbsp;main
<LI><a href="#[44]">&gt;&gt;</a>&nbsp;&nbsp;&nbsp;runlater_test
</UL>

<P><STRONG><a name="[94]"></a>elog_output_lock</STRONG> (Thumb, 34 bytes, Stack size 8 bytes, elog.o(i.elog_output_lock))
<BR><BR>[Stack]<UL><LI>Max Depth = 8<LI>Call Chain = elog_output_lock
</UL>
<BR>[Calls]<UL><LI><a href="#[a5]">&gt;&gt;</a>&nbsp;&nbsp;&nbsp;elog_port_output_lock
</UL>
<BR>[Called By]<UL><LI><a href="#[93]">&gt;&gt;</a>&nbsp;&nbsp;&nbsp;elog_get_filter_tag_lvl
<LI><a href="#[79]">&gt;&gt;</a>&nbsp;&nbsp;&nbsp;elog_output
</UL>

<P><STRONG><a name="[98]"></a>elog_output_lock_enabled</STRONG> (Thumb, 60 bytes, Stack size 8 bytes, elog.o(i.elog_output_lock_enabled))
<BR><BR>[Stack]<UL><LI>Max Depth = 8<LI>Call Chain = elog_output_lock_enabled
</UL>
<BR>[Calls]<UL><LI><a href="#[a6]">&gt;&gt;</a>&nbsp;&nbsp;&nbsp;elog_port_output_unlock
<LI><a href="#[a5]">&gt;&gt;</a>&nbsp;&nbsp;&nbsp;elog_port_output_lock
</UL>
<BR>[Called By]<UL><LI><a href="#[68]">&gt;&gt;</a>&nbsp;&nbsp;&nbsp;elog_init
</UL>

<P><STRONG><a name="[96]"></a>elog_output_unlock</STRONG> (Thumb, 34 bytes, Stack size 8 bytes, elog.o(i.elog_output_unlock))
<BR><BR>[Stack]<UL><LI>Max Depth = 8<LI>Call Chain = elog_output_unlock
</UL>
<BR>[Calls]<UL><LI><a href="#[a6]">&gt;&gt;</a>&nbsp;&nbsp;&nbsp;elog_port_output_unlock
</UL>
<BR>[Called By]<UL><LI><a href="#[93]">&gt;&gt;</a>&nbsp;&nbsp;&nbsp;elog_get_filter_tag_lvl
<LI><a href="#[79]">&gt;&gt;</a>&nbsp;&nbsp;&nbsp;elog_output
</UL>

<P><STRONG><a name="[a0]"></a>elog_port_get_p_info</STRONG> (Thumb, 4 bytes, Stack size 0 bytes, elog_port.o(i.elog_port_get_p_info))
<BR><BR>[Called By]<UL><LI><a href="#[79]">&gt;&gt;</a>&nbsp;&nbsp;&nbsp;elog_output
</UL>

<P><STRONG><a name="[a1]"></a>elog_port_get_t_info</STRONG> (Thumb, 4 bytes, Stack size 0 bytes, elog_port.o(i.elog_port_get_t_info))
<BR><BR>[Called By]<UL><LI><a href="#[79]">&gt;&gt;</a>&nbsp;&nbsp;&nbsp;elog_output
</UL>

<P><STRONG><a name="[9f]"></a>elog_port_get_time</STRONG> (Thumb, 4 bytes, Stack size 0 bytes, elog_port.o(i.elog_port_get_time))
<BR><BR>[Called By]<UL><LI><a href="#[79]">&gt;&gt;</a>&nbsp;&nbsp;&nbsp;elog_output
</UL>

<P><STRONG><a name="[97]"></a>elog_port_init</STRONG> (Thumb, 4 bytes, Stack size 0 bytes, elog_port.o(i.elog_port_init))
<BR><BR>[Called By]<UL><LI><a href="#[68]">&gt;&gt;</a>&nbsp;&nbsp;&nbsp;elog_init
</UL>

<P><STRONG><a name="[a4]"></a>elog_port_output</STRONG> (Thumb, 18 bytes, Stack size 16 bytes, elog_port.o(i.elog_port_output))
<BR><BR>[Stack]<UL><LI>Max Depth = 40<LI>Call Chain = elog_port_output &rArr; __2printf
</UL>
<BR>[Calls]<UL><LI><a href="#[a7]">&gt;&gt;</a>&nbsp;&nbsp;&nbsp;__2printf
</UL>
<BR>[Called By]<UL><LI><a href="#[79]">&gt;&gt;</a>&nbsp;&nbsp;&nbsp;elog_output
</UL>

<P><STRONG><a name="[a5]"></a>elog_port_output_lock</STRONG> (Thumb, 2 bytes, Stack size 0 bytes, elog_port.o(i.elog_port_output_lock))
<BR><BR>[Called By]<UL><LI><a href="#[98]">&gt;&gt;</a>&nbsp;&nbsp;&nbsp;elog_output_lock_enabled
<LI><a href="#[94]">&gt;&gt;</a>&nbsp;&nbsp;&nbsp;elog_output_lock
</UL>

<P><STRONG><a name="[a6]"></a>elog_port_output_unlock</STRONG> (Thumb, 2 bytes, Stack size 0 bytes, elog_port.o(i.elog_port_output_unlock))
<BR><BR>[Called By]<UL><LI><a href="#[96]">&gt;&gt;</a>&nbsp;&nbsp;&nbsp;elog_output_unlock
<LI><a href="#[98]">&gt;&gt;</a>&nbsp;&nbsp;&nbsp;elog_output_lock_enabled
</UL>

<P><STRONG><a name="[99]"></a>elog_set_filter_lvl</STRONG> (Thumb, 74 bytes, Stack size 32 bytes, elog.o(i.elog_set_filter_lvl))
<BR><BR>[Stack]<UL><LI>Max Depth = 172<LI>Call Chain = elog_set_filter_lvl &rArr; elog_output &rArr;  elog_output (Cycle)
</UL>
<BR>[Calls]<UL><LI><a href="#[79]">&gt;&gt;</a>&nbsp;&nbsp;&nbsp;elog_output
</UL>
<BR>[Called By]<UL><LI><a href="#[68]">&gt;&gt;</a>&nbsp;&nbsp;&nbsp;elog_init
</UL>

<P><STRONG><a name="[6a]"></a>elog_set_fmt</STRONG> (Thumb, 78 bytes, Stack size 32 bytes, elog.o(i.elog_set_fmt))
<BR><BR>[Stack]<UL><LI>Max Depth = 172<LI>Call Chain = elog_set_fmt &rArr; elog_output &rArr;  elog_output (Cycle)
</UL>
<BR>[Calls]<UL><LI><a href="#[79]">&gt;&gt;</a>&nbsp;&nbsp;&nbsp;elog_output
</UL>
<BR>[Called By]<UL><LI><a href="#[67]">&gt;&gt;</a>&nbsp;&nbsp;&nbsp;Easylogger_Init
</UL>

<P><STRONG><a name="[a8]"></a>elog_set_output_enabled</STRONG> (Thumb, 82 bytes, Stack size 32 bytes, elog.o(i.elog_set_output_enabled))
<BR><BR>[Stack]<UL><LI>Max Depth = 172<LI>Call Chain = elog_set_output_enabled &rArr; elog_output &rArr;  elog_output (Cycle)
</UL>
<BR>[Calls]<UL><LI><a href="#[79]">&gt;&gt;</a>&nbsp;&nbsp;&nbsp;elog_output
</UL>
<BR>[Called By]<UL><LI><a href="#[6b]">&gt;&gt;</a>&nbsp;&nbsp;&nbsp;elog_start
</UL>

<P><STRONG><a name="[69]"></a>elog_set_text_color_enabled</STRONG> (Thumb, 8 bytes, Stack size 0 bytes, elog.o(i.elog_set_text_color_enabled))
<BR><BR>[Called By]<UL><LI><a href="#[68]">&gt;&gt;</a>&nbsp;&nbsp;&nbsp;elog_init
<LI><a href="#[67]">&gt;&gt;</a>&nbsp;&nbsp;&nbsp;Easylogger_Init
</UL>

<P><STRONG><a name="[6b]"></a>elog_start</STRONG> (Thumb, 46 bytes, Stack size 16 bytes, elog.o(i.elog_start))
<BR><BR>[Stack]<UL><LI>Max Depth = 188<LI>Call Chain = elog_start &rArr; elog_set_output_enabled &rArr; elog_output &rArr;  elog_output (Cycle)
</UL>
<BR>[Calls]<UL><LI><a href="#[a8]">&gt;&gt;</a>&nbsp;&nbsp;&nbsp;elog_set_output_enabled
<LI><a href="#[79]">&gt;&gt;</a>&nbsp;&nbsp;&nbsp;elog_output
</UL>
<BR>[Called By]<UL><LI><a href="#[67]">&gt;&gt;</a>&nbsp;&nbsp;&nbsp;Easylogger_Init
</UL>

<P><STRONG><a name="[9d]"></a>elog_strcpy</STRONG> (Thumb, 162 bytes, Stack size 40 bytes, elog_utils.o(i.elog_strcpy))
<BR><BR>[Stack]<UL><LI>Max Depth = 40 + In Cycle
<LI>Call Chain = elog_strcpy &rArr;  elog_output (Cycle)
</UL>
<BR>[Calls]<UL><LI><a href="#[79]">&gt;&gt;</a>&nbsp;&nbsp;&nbsp;elog_output
</UL>
<BR>[Called By]<UL><LI><a href="#[79]">&gt;&gt;</a>&nbsp;&nbsp;&nbsp;elog_output
</UL>

<P><STRONG><a name="[42]"></a>fputc</STRONG> (Thumb, 24 bytes, Stack size 0 bytes, bsp_uart.o(i.fputc))
<BR>[Address Reference Count : 1]<UL><LI> printfa.o(i.__0printf)
</UL>
<P><STRONG><a name="[af]"></a>i2c_bitops_bus_xfer</STRONG> (Thumb, 140 bytes, Stack size 32 bytes, i2c_bitops.o(i.i2c_bitops_bus_xfer))
<BR><BR>[Stack]<UL><LI>Max Depth = 120<LI>Call Chain = i2c_bitops_bus_xfer &rArr; i2c_bitops_send_address &rArr; i2c_send_address &rArr; i2c_bitops_send_byte &rArr; i2c_bitops_wait_ack
</UL>
<BR>[Calls]<UL><LI><a href="#[b3]">&gt;&gt;</a>&nbsp;&nbsp;&nbsp;i2c_bitops_stop
<LI><a href="#[b0]">&gt;&gt;</a>&nbsp;&nbsp;&nbsp;i2c_bitops_start
<LI><a href="#[b2]">&gt;&gt;</a>&nbsp;&nbsp;&nbsp;i2c_bitops_send_address
<LI><a href="#[b1]">&gt;&gt;</a>&nbsp;&nbsp;&nbsp;i2c_bitops_restart
<LI><a href="#[ad]">&gt;&gt;</a>&nbsp;&nbsp;&nbsp;i2c_bitops_bus_write
<LI><a href="#[a9]">&gt;&gt;</a>&nbsp;&nbsp;&nbsp;i2c_bitops_bus_read
</UL>
<BR>[Called By]<UL><LI><a href="#[4c]">&gt;&gt;</a>&nbsp;&nbsp;&nbsp;ops_i2c_bus_xfer
</UL>

<P><STRONG><a name="[c5]"></a>i2c_bus_xfer</STRONG> (Thumb, 28 bytes, Stack size 24 bytes, i2c_core.o(i.i2c_bus_xfer))
<BR><BR>[Stack]<UL><LI>Max Depth = 24<LI>Call Chain = i2c_bus_xfer
</UL>
<BR>[Called By]<UL><LI><a href="#[c4]">&gt;&gt;</a>&nbsp;&nbsp;&nbsp;oled12864_write_reg0
</UL>

<P><STRONG><a name="[45]"></a>key_scan</STRONG> (Thumb, 574 bytes, Stack size 16 bytes, app_key.o(i.key_scan))
<BR><BR>[Stack]<UL><LI>Max Depth = 156<LI>Call Chain = key_scan &rArr; elog_output &rArr;  elog_output (Cycle)
</UL>
<BR>[Calls]<UL><LI><a href="#[b9]">&gt;&gt;</a>&nbsp;&nbsp;&nbsp;GPIO_ReadInputDataBit
<LI><a href="#[6e]">&gt;&gt;</a>&nbsp;&nbsp;&nbsp;OLED_Fill_All
<LI><a href="#[ba]">&gt;&gt;</a>&nbsp;&nbsp;&nbsp;GetSysTickVal
<LI><a href="#[bb]">&gt;&gt;</a>&nbsp;&nbsp;&nbsp;read_gpio_state
<LI><a href="#[79]">&gt;&gt;</a>&nbsp;&nbsp;&nbsp;elog_output
</UL>
<BR>[Address Reference Count : 1]<UL><LI> main.o(i.main)
</UL>
<P><STRONG><a name="[3f]"></a>main</STRONG> (Thumb, 248 bytes, Stack size 16 bytes, main.o(i.main))
<BR><BR>[Stack]<UL><LI>Max Depth = 212<LI>Call Chain = main &rArr; Easylogger_Init &rArr; elog_start &rArr; elog_set_output_enabled &rArr; elog_output &rArr;  elog_output (Cycle)
</UL>
<BR>[Calls]<UL><LI><a href="#[bd]">&gt;&gt;</a>&nbsp;&nbsp;&nbsp;NVIC_PriorityGroupConfig
<LI><a href="#[c0]">&gt;&gt;</a>&nbsp;&nbsp;&nbsp;stm32f1xx_i2c_init
<LI><a href="#[c1]">&gt;&gt;</a>&nbsp;&nbsp;&nbsp;stim_runlater
<LI><a href="#[c3]">&gt;&gt;</a>&nbsp;&nbsp;&nbsp;stim_mainloop
<LI><a href="#[c2]">&gt;&gt;</a>&nbsp;&nbsp;&nbsp;stim_loop
<LI><a href="#[bc]">&gt;&gt;</a>&nbsp;&nbsp;&nbsp;stim_init
<LI><a href="#[79]">&gt;&gt;</a>&nbsp;&nbsp;&nbsp;elog_output
<LI><a href="#[8e]">&gt;&gt;</a>&nbsp;&nbsp;&nbsp;app_key_init
<LI><a href="#[7c]">&gt;&gt;</a>&nbsp;&nbsp;&nbsp;USART1_Configuration
<LI><a href="#[6c]">&gt;&gt;</a>&nbsp;&nbsp;&nbsp;OLED12864_Init
<LI><a href="#[67]">&gt;&gt;</a>&nbsp;&nbsp;&nbsp;Easylogger_Init
<LI><a href="#[be]">&gt;&gt;</a>&nbsp;&nbsp;&nbsp;sys_init
<LI><a href="#[bf]">&gt;&gt;</a>&nbsp;&nbsp;&nbsp;set_timetick
</UL>
<BR>[Address Reference Count : 1]<UL><LI> entry9a.o(.ARM.Collect$$$$0000000B)
</UL>
<P><STRONG><a name="[4c]"></a>ops_i2c_bus_xfer</STRONG> (Thumb, 20 bytes, Stack size 16 bytes, i2c_hw.o(i.ops_i2c_bus_xfer))
<BR><BR>[Stack]<UL><LI>Max Depth = 136<LI>Call Chain = ops_i2c_bus_xfer &rArr; i2c_bitops_bus_xfer &rArr; i2c_bitops_send_address &rArr; i2c_send_address &rArr; i2c_bitops_send_byte &rArr; i2c_bitops_wait_ack
</UL>
<BR>[Calls]<UL><LI><a href="#[af]">&gt;&gt;</a>&nbsp;&nbsp;&nbsp;i2c_bitops_bus_xfer
</UL>
<BR>[Address Reference Count : 1]<UL><LI> i2c_hw.o(i.stm32f1xx_i2c_init)
</UL>
<P><STRONG><a name="[bb]"></a>read_gpio_state</STRONG> (Thumb, 62 bytes, Stack size 8 bytes, app_key.o(i.read_gpio_state))
<BR><BR>[Stack]<UL><LI>Max Depth = 8<LI>Call Chain = read_gpio_state
</UL>
<BR>[Calls]<UL><LI><a href="#[b9]">&gt;&gt;</a>&nbsp;&nbsp;&nbsp;GPIO_ReadInputDataBit
</UL>
<BR>[Called By]<UL><LI><a href="#[45]">&gt;&gt;</a>&nbsp;&nbsp;&nbsp;key_scan
</UL>

<P><STRONG><a name="[cc]"></a>stim_delay</STRONG> (Thumb, 34 bytes, Stack size 16 bytes, smarttimer.o(i.stim_delay))
<BR><BR>[Stack]<UL><LI>Max Depth = 64<LI>Call Chain = stim_delay &rArr; push_event &rArr; insert_event
</UL>
<BR>[Calls]<UL><LI><a href="#[c7]">&gt;&gt;</a>&nbsp;&nbsp;&nbsp;push_event
</UL>
<BR>[Called By]<UL><LI><a href="#[44]">&gt;&gt;</a>&nbsp;&nbsp;&nbsp;runlater_test
</UL>

<P><STRONG><a name="[bc]"></a>stim_init</STRONG> (Thumb, 88 bytes, Stack size 16 bytes, smarttimer.o(i.stim_init))
<BR><BR>[Stack]<UL><LI>Max Depth = 32<LI>Call Chain = stim_init &rArr; SystemTickConfig
</UL>
<BR>[Calls]<UL><LI><a href="#[cd]">&gt;&gt;</a>&nbsp;&nbsp;&nbsp;init_linked
<LI><a href="#[73]">&gt;&gt;</a>&nbsp;&nbsp;&nbsp;SystemTickConfig
</UL>
<BR>[Called By]<UL><LI><a href="#[3f]">&gt;&gt;</a>&nbsp;&nbsp;&nbsp;main
</UL>

<P><STRONG><a name="[cb]"></a>stim_kill_event</STRONG> (Thumb, 66 bytes, Stack size 24 bytes, smarttimer.o(i.stim_kill_event))
<BR><BR>[Stack]<UL><LI>Max Depth = 32<LI>Call Chain = stim_kill_event &rArr; find_event
</UL>
<BR>[Calls]<UL><LI><a href="#[ca]">&gt;&gt;</a>&nbsp;&nbsp;&nbsp;remove_node
<LI><a href="#[cf]">&gt;&gt;</a>&nbsp;&nbsp;&nbsp;free_event
<LI><a href="#[ce]">&gt;&gt;</a>&nbsp;&nbsp;&nbsp;find_event
</UL>
<BR>[Called By]<UL><LI><a href="#[4e]">&gt;&gt;</a>&nbsp;&nbsp;&nbsp;remove_sysled
</UL>

<P><STRONG><a name="[c2]"></a>stim_loop</STRONG> (Thumb, 34 bytes, Stack size 24 bytes, smarttimer.o(i.stim_loop))
<BR><BR>[Stack]<UL><LI>Max Depth = 72<LI>Call Chain = stim_loop &rArr; push_event &rArr; insert_event
</UL>
<BR>[Calls]<UL><LI><a href="#[c7]">&gt;&gt;</a>&nbsp;&nbsp;&nbsp;push_event
</UL>
<BR>[Called By]<UL><LI><a href="#[3f]">&gt;&gt;</a>&nbsp;&nbsp;&nbsp;main
<LI><a href="#[be]">&gt;&gt;</a>&nbsp;&nbsp;&nbsp;sys_init
<LI><a href="#[bf]">&gt;&gt;</a>&nbsp;&nbsp;&nbsp;set_timetick
</UL>

<P><STRONG><a name="[c3]"></a>stim_mainloop</STRONG> (Thumb, 104 bytes, Stack size 16 bytes, smarttimer.o(i.stim_mainloop))
<BR><BR>[Stack]<UL><LI>Max Depth = 16<LI>Call Chain = stim_mainloop
</UL>
<BR>[Calls]<UL><LI><a href="#[ca]">&gt;&gt;</a>&nbsp;&nbsp;&nbsp;remove_node
<LI><a href="#[cf]">&gt;&gt;</a>&nbsp;&nbsp;&nbsp;free_event
</UL>
<BR>[Called By]<UL><LI><a href="#[3f]">&gt;&gt;</a>&nbsp;&nbsp;&nbsp;main
</UL>

<P><STRONG><a name="[c1]"></a>stim_runlater</STRONG> (Thumb, 28 bytes, Stack size 16 bytes, smarttimer.o(i.stim_runlater))
<BR><BR>[Stack]<UL><LI>Max Depth = 64<LI>Call Chain = stim_runlater &rArr; push_event &rArr; insert_event
</UL>
<BR>[Calls]<UL><LI><a href="#[c7]">&gt;&gt;</a>&nbsp;&nbsp;&nbsp;push_event
</UL>
<BR>[Called By]<UL><LI><a href="#[3f]">&gt;&gt;</a>&nbsp;&nbsp;&nbsp;main
<LI><a href="#[be]">&gt;&gt;</a>&nbsp;&nbsp;&nbsp;sys_init
</UL>

<P><STRONG><a name="[72]"></a>stim_tick</STRONG> (Thumb, 170 bytes, Stack size 16 bytes, smarttimer.o(i.stim_tick))
<BR><BR>[Stack]<UL><LI>Max Depth = 40<LI>Call Chain = stim_tick &rArr; insert_event
</UL>
<BR>[Calls]<UL><LI><a href="#[ca]">&gt;&gt;</a>&nbsp;&nbsp;&nbsp;remove_node
<LI><a href="#[c9]">&gt;&gt;</a>&nbsp;&nbsp;&nbsp;recyle_event
<LI><a href="#[b6]">&gt;&gt;</a>&nbsp;&nbsp;&nbsp;insert_event
</UL>
<BR>[Called By]<UL><LI><a href="#[13]">&gt;&gt;</a>&nbsp;&nbsp;&nbsp;SysTick_Handler
</UL>

<P><STRONG><a name="[c0]"></a>stm32f1xx_i2c_init</STRONG> (Thumb, 82 bytes, Stack size 16 bytes, i2c_hw.o(i.stm32f1xx_i2c_init))
<BR><BR>[Stack]<UL><LI>Max Depth = 40<LI>Call Chain = stm32f1xx_i2c_init &rArr; GPIO_Init
</UL>
<BR>[Calls]<UL><LI><a href="#[7e]">&gt;&gt;</a>&nbsp;&nbsp;&nbsp;GPIO_Init
<LI><a href="#[7d]">&gt;&gt;</a>&nbsp;&nbsp;&nbsp;RCC_APB2PeriphClockCmd
</UL>
<BR>[Called By]<UL><LI><a href="#[3f]">&gt;&gt;</a>&nbsp;&nbsp;&nbsp;main
</UL>

<P><STRONG><a name="[6]"></a>tok_conrtolGame_page</STRONG> (Thumb, 2 bytes, Stack size 0 bytes, app_menu.o(i.tok_conrtolGame_page))
<BR>[Address Reference Count : 1]<UL><LI> app_menu.o(.data)
</UL>
<P><STRONG><a name="[5]"></a>tok_dht11_page</STRONG> (Thumb, 2 bytes, Stack size 0 bytes, app_menu.o(i.tok_dht11_page))
<BR>[Address Reference Count : 1]<UL><LI> app_menu.o(.data)
</UL>
<P><STRONG><a name="[0]"></a>tok_home_page</STRONG> (Thumb, 132 bytes, Stack size 8 bytes, app_menu.o(i.tok_home_page))
<BR><BR>[Stack]<UL><LI>Max Depth = 136<LI>Call Chain = tok_home_page &rArr; x_oled1306_DrawBMP &rArr; oled1306_set_cursor &rArr; ssd1306_write_cmd &rArr; oled12864_write_reg0 &rArr; i2c_bus_xfer
</UL>
<BR>[Calls]<UL><LI><a href="#[d2]">&gt;&gt;</a>&nbsp;&nbsp;&nbsp;x_oled1306_DrawBMP
</UL>
<BR>[Address Reference Count : 1]<UL><LI> app_menu.o(.data)
</UL>
<P><STRONG><a name="[4]"></a>tok_info_page</STRONG> (Thumb, 132 bytes, Stack size 8 bytes, app_menu.o(i.tok_info_page))
<BR><BR>[Stack]<UL><LI>Max Depth = 136<LI>Call Chain = tok_info_page &rArr; x_oled1306_DrawBMP &rArr; oled1306_set_cursor &rArr; ssd1306_write_cmd &rArr; oled12864_write_reg0 &rArr; i2c_bus_xfer
</UL>
<BR>[Calls]<UL><LI><a href="#[d2]">&gt;&gt;</a>&nbsp;&nbsp;&nbsp;x_oled1306_DrawBMP
</UL>
<BR>[Address Reference Count : 1]<UL><LI> app_menu.o(.data)
</UL>
<P><STRONG><a name="[8]"></a>tok_information_page</STRONG> (Thumb, 2 bytes, Stack size 0 bytes, app_menu.o(i.tok_information_page))
<BR>[Address Reference Count : 1]<UL><LI> app_menu.o(.data)
</UL>
<P><STRONG><a name="[9]"></a>tok_led_page</STRONG> (Thumb, 2 bytes, Stack size 0 bytes, app_menu.o(i.tok_led_page))
<BR>[Address Reference Count : 1]<UL><LI> app_menu.o(.data)
</UL>
<P><STRONG><a name="[2]"></a>tok_palygame_page</STRONG> (Thumb, 132 bytes, Stack size 8 bytes, app_menu.o(i.tok_palygame_page))
<BR><BR>[Stack]<UL><LI>Max Depth = 136<LI>Call Chain = tok_palygame_page &rArr; x_oled1306_DrawBMP &rArr; oled1306_set_cursor &rArr; ssd1306_write_cmd &rArr; oled12864_write_reg0 &rArr; i2c_bus_xfer
</UL>
<BR>[Calls]<UL><LI><a href="#[d2]">&gt;&gt;</a>&nbsp;&nbsp;&nbsp;x_oled1306_DrawBMP
</UL>
<BR>[Address Reference Count : 1]<UL><LI> app_menu.o(.data)
</UL>
<P><STRONG><a name="[7]"></a>tok_set_page</STRONG> (Thumb, 2 bytes, Stack size 0 bytes, app_menu.o(i.tok_set_page))
<BR>[Address Reference Count : 1]<UL><LI> app_menu.o(.data)
</UL>
<P><STRONG><a name="[3]"></a>tok_setting_page</STRONG> (Thumb, 132 bytes, Stack size 8 bytes, app_menu.o(i.tok_setting_page))
<BR><BR>[Stack]<UL><LI>Max Depth = 136<LI>Call Chain = tok_setting_page &rArr; x_oled1306_DrawBMP &rArr; oled1306_set_cursor &rArr; ssd1306_write_cmd &rArr; oled12864_write_reg0 &rArr; i2c_bus_xfer
</UL>
<BR>[Calls]<UL><LI><a href="#[d2]">&gt;&gt;</a>&nbsp;&nbsp;&nbsp;x_oled1306_DrawBMP
</UL>
<BR>[Address Reference Count : 1]<UL><LI> app_menu.o(.data)
</UL>
<P><STRONG><a name="[1]"></a>tok_temperature_page</STRONG> (Thumb, 132 bytes, Stack size 8 bytes, app_menu.o(i.tok_temperature_page))
<BR><BR>[Stack]<UL><LI>Max Depth = 136<LI>Call Chain = tok_temperature_page &rArr; x_oled1306_DrawBMP &rArr; oled1306_set_cursor &rArr; ssd1306_write_cmd &rArr; oled12864_write_reg0 &rArr; i2c_bus_xfer
</UL>
<BR>[Calls]<UL><LI><a href="#[d2]">&gt;&gt;</a>&nbsp;&nbsp;&nbsp;x_oled1306_DrawBMP
</UL>
<BR>[Address Reference Count : 1]<UL><LI> app_menu.o(.data)
</UL>
<P><STRONG><a name="[d2]"></a>x_oled1306_DrawBMP</STRONG> (Thumb, 116 bytes, Stack size 40 bytes, app_oled.o(i.x_oled1306_DrawBMP))
<BR><BR>[Stack]<UL><LI>Max Depth = 128<LI>Call Chain = x_oled1306_DrawBMP &rArr; oled1306_set_cursor &rArr; ssd1306_write_cmd &rArr; oled12864_write_reg0 &rArr; i2c_bus_xfer
</UL>
<BR>[Calls]<UL><LI><a href="#[6f]">&gt;&gt;</a>&nbsp;&nbsp;&nbsp;ssd1306_write_data
<LI><a href="#[c6]">&gt;&gt;</a>&nbsp;&nbsp;&nbsp;oled1306_set_cursor
</UL>
<BR>[Called By]<UL><LI><a href="#[1]">&gt;&gt;</a>&nbsp;&nbsp;&nbsp;tok_temperature_page
<LI><a href="#[3]">&gt;&gt;</a>&nbsp;&nbsp;&nbsp;tok_setting_page
<LI><a href="#[2]">&gt;&gt;</a>&nbsp;&nbsp;&nbsp;tok_palygame_page
<LI><a href="#[4]">&gt;&gt;</a>&nbsp;&nbsp;&nbsp;tok_info_page
<LI><a href="#[0]">&gt;&gt;</a>&nbsp;&nbsp;&nbsp;tok_home_page
</UL>
<P>
<H3>
Local Symbols
</H3>
<P><STRONG><a name="[90]"></a>changeday</STRONG> (Thumb, 96 bytes, Stack size 8 bytes, main.o(i.changeday))
<BR><BR>[Stack]<UL><LI>Max Depth = 8<LI>Call Chain = changeday
</UL>
<BR>[Calls]<UL><LI><a href="#[92]">&gt;&gt;</a>&nbsp;&nbsp;&nbsp;isLeap
<LI><a href="#[91]">&gt;&gt;</a>&nbsp;&nbsp;&nbsp;increaseday
</UL>
<BR>[Called By]<UL><LI><a href="#[46]">&gt;&gt;</a>&nbsp;&nbsp;&nbsp;simulation_rtc
</UL>

<P><STRONG><a name="[91]"></a>increaseday</STRONG> (Thumb, 48 bytes, Stack size 0 bytes, main.o(i.increaseday))
<BR><BR>[Called By]<UL><LI><a href="#[90]">&gt;&gt;</a>&nbsp;&nbsp;&nbsp;changeday
</UL>

<P><STRONG><a name="[92]"></a>isLeap</STRONG> (Thumb, 50 bytes, Stack size 0 bytes, main.o(i.isLeap))
<BR><BR>[Called By]<UL><LI><a href="#[90]">&gt;&gt;</a>&nbsp;&nbsp;&nbsp;changeday
</UL>

<P><STRONG><a name="[4e]"></a>remove_sysled</STRONG> (Thumb, 14 bytes, Stack size 8 bytes, main.o(i.remove_sysled))
<BR><BR>[Stack]<UL><LI>Max Depth = 40<LI>Call Chain = remove_sysled &rArr; stim_kill_event &rArr; find_event
</UL>
<BR>[Calls]<UL><LI><a href="#[cb]">&gt;&gt;</a>&nbsp;&nbsp;&nbsp;stim_kill_event
</UL>
<BR>[Address Reference Count : 1]<UL><LI> main.o(i.sys_init)
</UL>
<P><STRONG><a name="[44]"></a>runlater_test</STRONG> (Thumb, 126 bytes, Stack size 24 bytes, main.o(i.runlater_test))
<BR><BR>[Stack]<UL><LI>Max Depth = 164<LI>Call Chain = runlater_test &rArr; elog_output &rArr;  elog_output (Cycle)
</UL>
<BR>[Calls]<UL><LI><a href="#[cc]">&gt;&gt;</a>&nbsp;&nbsp;&nbsp;stim_delay
<LI><a href="#[79]">&gt;&gt;</a>&nbsp;&nbsp;&nbsp;elog_output
</UL>
<BR>[Address Reference Count : 1]<UL><LI> main.o(i.main)
</UL>
<P><STRONG><a name="[bf]"></a>set_timetick</STRONG> (Thumb, 88 bytes, Stack size 8 bytes, main.o(i.set_timetick))
<BR><BR>[Stack]<UL><LI>Max Depth = 96<LI>Call Chain = set_timetick &rArr; atoi &rArr; strtol &rArr; _strtoul
</UL>
<BR>[Calls]<UL><LI><a href="#[c2]">&gt;&gt;</a>&nbsp;&nbsp;&nbsp;stim_loop
<LI><a href="#[54]">&gt;&gt;</a>&nbsp;&nbsp;&nbsp;atoi
</UL>
<BR>[Called By]<UL><LI><a href="#[3f]">&gt;&gt;</a>&nbsp;&nbsp;&nbsp;main
</UL>

<P><STRONG><a name="[46]"></a>simulation_rtc</STRONG> (Thumb, 64 bytes, Stack size 8 bytes, main.o(i.simulation_rtc))
<BR><BR>[Stack]<UL><LI>Max Depth = 16<LI>Call Chain = simulation_rtc &rArr; changeday
</UL>
<BR>[Calls]<UL><LI><a href="#[90]">&gt;&gt;</a>&nbsp;&nbsp;&nbsp;changeday
</UL>
<BR>[Address Reference Count : 1]<UL><LI> main.o(i.set_timetick)
</UL>
<P><STRONG><a name="[be]"></a>sys_init</STRONG> (Thumb, 72 bytes, Stack size 8 bytes, main.o(i.sys_init))
<BR><BR>[Stack]<UL><LI>Max Depth = 80<LI>Call Chain = sys_init &rArr; stim_loop &rArr; push_event &rArr; insert_event
</UL>
<BR>[Calls]<UL><LI><a href="#[7e]">&gt;&gt;</a>&nbsp;&nbsp;&nbsp;GPIO_Init
<LI><a href="#[7d]">&gt;&gt;</a>&nbsp;&nbsp;&nbsp;RCC_APB2PeriphClockCmd
<LI><a href="#[c1]">&gt;&gt;</a>&nbsp;&nbsp;&nbsp;stim_runlater
<LI><a href="#[c2]">&gt;&gt;</a>&nbsp;&nbsp;&nbsp;stim_loop
</UL>
<BR>[Called By]<UL><LI><a href="#[3f]">&gt;&gt;</a>&nbsp;&nbsp;&nbsp;main
</UL>

<P><STRONG><a name="[4d]"></a>sys_ledflash</STRONG> (Thumb, 48 bytes, Stack size 8 bytes, main.o(i.sys_ledflash))
<BR><BR>[Stack]<UL><LI>Max Depth = 8<LI>Call Chain = sys_ledflash
</UL>
<BR>[Calls]<UL><LI><a href="#[d1]">&gt;&gt;</a>&nbsp;&nbsp;&nbsp;GPIO_SetBits
<LI><a href="#[d0]">&gt;&gt;</a>&nbsp;&nbsp;&nbsp;GPIO_ResetBits
</UL>
<BR>[Address Reference Count : 1]<UL><LI> main.o(i.sys_init)
</UL>
<P><STRONG><a name="[70]"></a>SetSysClock</STRONG> (Thumb, 8 bytes, Stack size 8 bytes, system_stm32f10x.o(i.SetSysClock))
<BR><BR>[Stack]<UL><LI>Max Depth = 20<LI>Call Chain = SetSysClock &rArr; SetSysClockTo72
</UL>
<BR>[Calls]<UL><LI><a href="#[71]">&gt;&gt;</a>&nbsp;&nbsp;&nbsp;SetSysClockTo72
</UL>
<BR>[Called By]<UL><LI><a href="#[40]">&gt;&gt;</a>&nbsp;&nbsp;&nbsp;SystemInit
</UL>

<P><STRONG><a name="[71]"></a>SetSysClockTo72</STRONG> (Thumb, 214 bytes, Stack size 12 bytes, system_stm32f10x.o(i.SetSysClockTo72))
<BR><BR>[Stack]<UL><LI>Max Depth = 12<LI>Call Chain = SetSysClockTo72
</UL>
<BR>[Called By]<UL><LI><a href="#[70]">&gt;&gt;</a>&nbsp;&nbsp;&nbsp;SetSysClock
</UL>

<P><STRONG><a name="[9a]"></a>elog_set_filter_tag_lvl_default</STRONG> (Thumb, 54 bytes, Stack size 8 bytes, elog.o(i.elog_set_filter_tag_lvl_default))
<BR><BR>[Stack]<UL><LI>Max Depth = 8<LI>Call Chain = elog_set_filter_tag_lvl_default
</UL>
<BR>[Calls]<UL><LI><a href="#[51]">&gt;&gt;</a>&nbsp;&nbsp;&nbsp;__aeabi_memclr
</UL>
<BR>[Called By]<UL><LI><a href="#[68]">&gt;&gt;</a>&nbsp;&nbsp;&nbsp;elog_init
</UL>

<P><STRONG><a name="[9e]"></a>get_fmt_enabled</STRONG> (Thumb, 88 bytes, Stack size 32 bytes, elog.o(i.get_fmt_enabled))
<BR><BR>[Stack]<UL><LI>Max Depth = 32 + In Cycle
<LI>Call Chain = get_fmt_enabled &rArr;  elog_output (Cycle)
</UL>
<BR>[Calls]<UL><LI><a href="#[79]">&gt;&gt;</a>&nbsp;&nbsp;&nbsp;elog_output
</UL>
<BR>[Called By]<UL><LI><a href="#[79]">&gt;&gt;</a>&nbsp;&nbsp;&nbsp;elog_output
</UL>

<P><STRONG><a name="[ce]"></a>find_event</STRONG> (Thumb, 34 bytes, Stack size 8 bytes, smarttimer.o(i.find_event))
<BR><BR>[Stack]<UL><LI>Max Depth = 8<LI>Call Chain = find_event
</UL>
<BR>[Called By]<UL><LI><a href="#[cb]">&gt;&gt;</a>&nbsp;&nbsp;&nbsp;stim_kill_event
</UL>

<P><STRONG><a name="[cf]"></a>free_event</STRONG> (Thumb, 34 bytes, Stack size 0 bytes, smarttimer.o(i.free_event))
<BR><BR>[Called By]<UL><LI><a href="#[c3]">&gt;&gt;</a>&nbsp;&nbsp;&nbsp;stim_mainloop
<LI><a href="#[cb]">&gt;&gt;</a>&nbsp;&nbsp;&nbsp;stim_kill_event
</UL>

<P><STRONG><a name="[cd]"></a>init_linked</STRONG> (Thumb, 10 bytes, Stack size 0 bytes, smarttimer.o(i.init_linked))
<BR><BR>[Called By]<UL><LI><a href="#[bc]">&gt;&gt;</a>&nbsp;&nbsp;&nbsp;stim_init
</UL>

<P><STRONG><a name="[b6]"></a>insert_event</STRONG> (Thumb, 80 bytes, Stack size 24 bytes, smarttimer.o(i.insert_event))
<BR><BR>[Stack]<UL><LI>Max Depth = 24<LI>Call Chain = insert_event
</UL>
<BR>[Calls]<UL><LI><a href="#[b7]">&gt;&gt;</a>&nbsp;&nbsp;&nbsp;insert_to_tail
<LI><a href="#[b8]">&gt;&gt;</a>&nbsp;&nbsp;&nbsp;insert_node_prev
</UL>
<BR>[Called By]<UL><LI><a href="#[c7]">&gt;&gt;</a>&nbsp;&nbsp;&nbsp;push_event
<LI><a href="#[72]">&gt;&gt;</a>&nbsp;&nbsp;&nbsp;stim_tick
</UL>

<P><STRONG><a name="[b8]"></a>insert_node_prev</STRONG> (Thumb, 32 bytes, Stack size 0 bytes, smarttimer.o(i.insert_node_prev))
<BR><BR>[Called By]<UL><LI><a href="#[b6]">&gt;&gt;</a>&nbsp;&nbsp;&nbsp;insert_event
</UL>

<P><STRONG><a name="[b7]"></a>insert_to_tail</STRONG> (Thumb, 36 bytes, Stack size 0 bytes, smarttimer.o(i.insert_to_tail))
<BR><BR>[Called By]<UL><LI><a href="#[c9]">&gt;&gt;</a>&nbsp;&nbsp;&nbsp;recyle_event
<LI><a href="#[b6]">&gt;&gt;</a>&nbsp;&nbsp;&nbsp;insert_event
</UL>

<P><STRONG><a name="[c8]"></a>malloc_event</STRONG> (Thumb, 56 bytes, Stack size 0 bytes, smarttimer.o(i.malloc_event))
<BR><BR>[Called By]<UL><LI><a href="#[c7]">&gt;&gt;</a>&nbsp;&nbsp;&nbsp;push_event
</UL>

<P><STRONG><a name="[c7]"></a>push_event</STRONG> (Thumb, 112 bytes, Stack size 24 bytes, smarttimer.o(i.push_event))
<BR><BR>[Stack]<UL><LI>Max Depth = 48<LI>Call Chain = push_event &rArr; insert_event
</UL>
<BR>[Calls]<UL><LI><a href="#[c8]">&gt;&gt;</a>&nbsp;&nbsp;&nbsp;malloc_event
<LI><a href="#[b6]">&gt;&gt;</a>&nbsp;&nbsp;&nbsp;insert_event
</UL>
<BR>[Called By]<UL><LI><a href="#[c1]">&gt;&gt;</a>&nbsp;&nbsp;&nbsp;stim_runlater
<LI><a href="#[c2]">&gt;&gt;</a>&nbsp;&nbsp;&nbsp;stim_loop
<LI><a href="#[cc]">&gt;&gt;</a>&nbsp;&nbsp;&nbsp;stim_delay
</UL>

<P><STRONG><a name="[c9]"></a>recyle_event</STRONG> (Thumb, 36 bytes, Stack size 16 bytes, smarttimer.o(i.recyle_event))
<BR><BR>[Stack]<UL><LI>Max Depth = 16<LI>Call Chain = recyle_event
</UL>
<BR>[Calls]<UL><LI><a href="#[ca]">&gt;&gt;</a>&nbsp;&nbsp;&nbsp;remove_node
<LI><a href="#[b7]">&gt;&gt;</a>&nbsp;&nbsp;&nbsp;insert_to_tail
</UL>
<BR>[Called By]<UL><LI><a href="#[72]">&gt;&gt;</a>&nbsp;&nbsp;&nbsp;stim_tick
</UL>

<P><STRONG><a name="[ca]"></a>remove_node</STRONG> (Thumb, 58 bytes, Stack size 0 bytes, smarttimer.o(i.remove_node))
<BR><BR>[Called By]<UL><LI><a href="#[c9]">&gt;&gt;</a>&nbsp;&nbsp;&nbsp;recyle_event
<LI><a href="#[72]">&gt;&gt;</a>&nbsp;&nbsp;&nbsp;stim_tick
<LI><a href="#[c3]">&gt;&gt;</a>&nbsp;&nbsp;&nbsp;stim_mainloop
<LI><a href="#[cb]">&gt;&gt;</a>&nbsp;&nbsp;&nbsp;stim_kill_event
</UL>

<P><STRONG><a name="[a9]"></a>i2c_bitops_bus_read</STRONG> (Thumb, 72 bytes, Stack size 32 bytes, i2c_bitops.o(i.i2c_bitops_bus_read))
<BR><BR>[Stack]<UL><LI>Max Depth = 48<LI>Call Chain = i2c_bitops_bus_read &rArr; i2c_bitops_recv_byte
</UL>
<BR>[Calls]<UL><LI><a href="#[aa]">&gt;&gt;</a>&nbsp;&nbsp;&nbsp;i2c_bitops_recv_byte
<LI><a href="#[ac]">&gt;&gt;</a>&nbsp;&nbsp;&nbsp;i2c_bitops_not_ack
<LI><a href="#[ab]">&gt;&gt;</a>&nbsp;&nbsp;&nbsp;i2c_bitops_create_ack
</UL>
<BR>[Called By]<UL><LI><a href="#[af]">&gt;&gt;</a>&nbsp;&nbsp;&nbsp;i2c_bitops_bus_xfer
</UL>

<P><STRONG><a name="[ad]"></a>i2c_bitops_bus_write</STRONG> (Thumb, 72 bytes, Stack size 32 bytes, i2c_bitops.o(i.i2c_bitops_bus_write))
<BR><BR>[Stack]<UL><LI>Max Depth = 64<LI>Call Chain = i2c_bitops_bus_write &rArr; i2c_bitops_send_byte &rArr; i2c_bitops_wait_ack
</UL>
<BR>[Calls]<UL><LI><a href="#[ae]">&gt;&gt;</a>&nbsp;&nbsp;&nbsp;i2c_bitops_send_byte
</UL>
<BR>[Called By]<UL><LI><a href="#[af]">&gt;&gt;</a>&nbsp;&nbsp;&nbsp;i2c_bitops_bus_xfer
</UL>

<P><STRONG><a name="[ab]"></a>i2c_bitops_create_ack</STRONG> (Thumb, 36 bytes, Stack size 8 bytes, i2c_bitops.o(i.i2c_bitops_create_ack))
<BR><BR>[Stack]<UL><LI>Max Depth = 8<LI>Call Chain = i2c_bitops_create_ack
</UL>
<BR>[Called By]<UL><LI><a href="#[a9]">&gt;&gt;</a>&nbsp;&nbsp;&nbsp;i2c_bitops_bus_read
</UL>

<P><STRONG><a name="[ac]"></a>i2c_bitops_not_ack</STRONG> (Thumb, 36 bytes, Stack size 8 bytes, i2c_bitops.o(i.i2c_bitops_not_ack))
<BR><BR>[Stack]<UL><LI>Max Depth = 8<LI>Call Chain = i2c_bitops_not_ack
</UL>
<BR>[Called By]<UL><LI><a href="#[a9]">&gt;&gt;</a>&nbsp;&nbsp;&nbsp;i2c_bitops_bus_read
</UL>

<P><STRONG><a name="[aa]"></a>i2c_bitops_recv_byte</STRONG> (Thumb, 78 bytes, Stack size 16 bytes, i2c_bitops.o(i.i2c_bitops_recv_byte))
<BR><BR>[Stack]<UL><LI>Max Depth = 16<LI>Call Chain = i2c_bitops_recv_byte
</UL>
<BR>[Called By]<UL><LI><a href="#[a9]">&gt;&gt;</a>&nbsp;&nbsp;&nbsp;i2c_bitops_bus_read
</UL>

<P><STRONG><a name="[b1]"></a>i2c_bitops_restart</STRONG> (Thumb, 42 bytes, Stack size 8 bytes, i2c_bitops.o(i.i2c_bitops_restart))
<BR><BR>[Stack]<UL><LI>Max Depth = 8<LI>Call Chain = i2c_bitops_restart
</UL>
<BR>[Called By]<UL><LI><a href="#[af]">&gt;&gt;</a>&nbsp;&nbsp;&nbsp;i2c_bitops_bus_xfer
</UL>

<P><STRONG><a name="[b2]"></a>i2c_bitops_send_address</STRONG> (Thumb, 168 bytes, Stack size 32 bytes, i2c_bitops.o(i.i2c_bitops_send_address))
<BR><BR>[Stack]<UL><LI>Max Depth = 88<LI>Call Chain = i2c_bitops_send_address &rArr; i2c_send_address &rArr; i2c_bitops_send_byte &rArr; i2c_bitops_wait_ack
</UL>
<BR>[Calls]<UL><LI><a href="#[b4]">&gt;&gt;</a>&nbsp;&nbsp;&nbsp;i2c_send_address
<LI><a href="#[b0]">&gt;&gt;</a>&nbsp;&nbsp;&nbsp;i2c_bitops_start
</UL>
<BR>[Called By]<UL><LI><a href="#[af]">&gt;&gt;</a>&nbsp;&nbsp;&nbsp;i2c_bitops_bus_xfer
</UL>

<P><STRONG><a name="[ae]"></a>i2c_bitops_send_byte</STRONG> (Thumb, 68 bytes, Stack size 16 bytes, i2c_bitops.o(i.i2c_bitops_send_byte))
<BR><BR>[Stack]<UL><LI>Max Depth = 32<LI>Call Chain = i2c_bitops_send_byte &rArr; i2c_bitops_wait_ack
</UL>
<BR>[Calls]<UL><LI><a href="#[b5]">&gt;&gt;</a>&nbsp;&nbsp;&nbsp;i2c_bitops_wait_ack
</UL>
<BR>[Called By]<UL><LI><a href="#[b4]">&gt;&gt;</a>&nbsp;&nbsp;&nbsp;i2c_send_address
<LI><a href="#[ad]">&gt;&gt;</a>&nbsp;&nbsp;&nbsp;i2c_bitops_bus_write
</UL>

<P><STRONG><a name="[b0]"></a>i2c_bitops_start</STRONG> (Thumb, 24 bytes, Stack size 8 bytes, i2c_bitops.o(i.i2c_bitops_start))
<BR><BR>[Stack]<UL><LI>Max Depth = 8<LI>Call Chain = i2c_bitops_start
</UL>
<BR>[Called By]<UL><LI><a href="#[af]">&gt;&gt;</a>&nbsp;&nbsp;&nbsp;i2c_bitops_bus_xfer
<LI><a href="#[b4]">&gt;&gt;</a>&nbsp;&nbsp;&nbsp;i2c_send_address
<LI><a href="#[b2]">&gt;&gt;</a>&nbsp;&nbsp;&nbsp;i2c_bitops_send_address
</UL>

<P><STRONG><a name="[b3]"></a>i2c_bitops_stop</STRONG> (Thumb, 36 bytes, Stack size 8 bytes, i2c_bitops.o(i.i2c_bitops_stop))
<BR><BR>[Stack]<UL><LI>Max Depth = 8<LI>Call Chain = i2c_bitops_stop
</UL>
<BR>[Called By]<UL><LI><a href="#[af]">&gt;&gt;</a>&nbsp;&nbsp;&nbsp;i2c_bitops_bus_xfer
<LI><a href="#[b4]">&gt;&gt;</a>&nbsp;&nbsp;&nbsp;i2c_send_address
</UL>

<P><STRONG><a name="[b5]"></a>i2c_bitops_wait_ack</STRONG> (Thumb, 46 bytes, Stack size 16 bytes, i2c_bitops.o(i.i2c_bitops_wait_ack))
<BR><BR>[Stack]<UL><LI>Max Depth = 16<LI>Call Chain = i2c_bitops_wait_ack
</UL>
<BR>[Called By]<UL><LI><a href="#[ae]">&gt;&gt;</a>&nbsp;&nbsp;&nbsp;i2c_bitops_send_byte
</UL>

<P><STRONG><a name="[b4]"></a>i2c_send_address</STRONG> (Thumb, 74 bytes, Stack size 24 bytes, i2c_bitops.o(i.i2c_send_address))
<BR><BR>[Stack]<UL><LI>Max Depth = 56<LI>Call Chain = i2c_send_address &rArr; i2c_bitops_send_byte &rArr; i2c_bitops_wait_ack
</UL>
<BR>[Calls]<UL><LI><a href="#[b3]">&gt;&gt;</a>&nbsp;&nbsp;&nbsp;i2c_bitops_stop
<LI><a href="#[b0]">&gt;&gt;</a>&nbsp;&nbsp;&nbsp;i2c_bitops_start
<LI><a href="#[ae]">&gt;&gt;</a>&nbsp;&nbsp;&nbsp;i2c_bitops_send_byte
</UL>
<BR>[Called By]<UL><LI><a href="#[b2]">&gt;&gt;</a>&nbsp;&nbsp;&nbsp;i2c_bitops_send_address
</UL>

<P><STRONG><a name="[4b]"></a>gpio_delayus</STRONG> (Thumb, 28 bytes, Stack size 8 bytes, i2c_hw.o(i.gpio_delayus))
<BR><BR>[Stack]<UL><LI>Max Depth = 8<LI>Call Chain = gpio_delayus
</UL>
<BR>[Address Reference Count : 1]<UL><LI> i2c_hw.o(i.stm32f1xx_i2c_init)
</UL>
<P><STRONG><a name="[4a]"></a>gpio_get_scl</STRONG> (Thumb, 12 bytes, Stack size 0 bytes, i2c_hw.o(i.gpio_get_scl))
<BR>[Address Reference Count : 1]<UL><LI> i2c_hw.o(i.stm32f1xx_i2c_init)
</UL>
<P><STRONG><a name="[48]"></a>gpio_get_sda</STRONG> (Thumb, 10 bytes, Stack size 0 bytes, i2c_hw.o(i.gpio_get_sda))
<BR>[Address Reference Count : 1]<UL><LI> i2c_hw.o(i.stm32f1xx_i2c_init)
</UL>
<P><STRONG><a name="[49]"></a>gpio_set_scl</STRONG> (Thumb, 20 bytes, Stack size 0 bytes, i2c_hw.o(i.gpio_set_scl))
<BR>[Address Reference Count : 1]<UL><LI> i2c_hw.o(i.stm32f1xx_i2c_init)
</UL>
<P><STRONG><a name="[47]"></a>gpio_set_sda</STRONG> (Thumb, 20 bytes, Stack size 0 bytes, i2c_hw.o(i.gpio_set_sda))
<BR>[Address Reference Count : 1]<UL><LI> i2c_hw.o(i.stm32f1xx_i2c_init)
</UL>
<P><STRONG><a name="[c4]"></a>oled12864_write_reg0</STRONG> (Thumb, 64 bytes, Stack size 40 bytes, app_oled.o(i.oled12864_write_reg0))
<BR><BR>[Stack]<UL><LI>Max Depth = 64<LI>Call Chain = oled12864_write_reg0 &rArr; i2c_bus_xfer
</UL>
<BR>[Calls]<UL><LI><a href="#[c5]">&gt;&gt;</a>&nbsp;&nbsp;&nbsp;i2c_bus_xfer
</UL>
<BR>[Called By]<UL><LI><a href="#[6f]">&gt;&gt;</a>&nbsp;&nbsp;&nbsp;ssd1306_write_data
<LI><a href="#[6d]">&gt;&gt;</a>&nbsp;&nbsp;&nbsp;ssd1306_write_cmd
</UL>

<P><STRONG><a name="[c6]"></a>oled1306_set_cursor</STRONG> (Thumb, 38 bytes, Stack size 16 bytes, app_oled.o(i.oled1306_set_cursor))
<BR><BR>[Stack]<UL><LI>Max Depth = 88<LI>Call Chain = oled1306_set_cursor &rArr; ssd1306_write_cmd &rArr; oled12864_write_reg0 &rArr; i2c_bus_xfer
</UL>
<BR>[Calls]<UL><LI><a href="#[6d]">&gt;&gt;</a>&nbsp;&nbsp;&nbsp;ssd1306_write_cmd
</UL>
<BR>[Called By]<UL><LI><a href="#[d2]">&gt;&gt;</a>&nbsp;&nbsp;&nbsp;x_oled1306_DrawBMP
</UL>

<P><STRONG><a name="[6d]"></a>ssd1306_write_cmd</STRONG> (Thumb, 14 bytes, Stack size 8 bytes, app_oled.o(i.ssd1306_write_cmd))
<BR><BR>[Stack]<UL><LI>Max Depth = 72<LI>Call Chain = ssd1306_write_cmd &rArr; oled12864_write_reg0 &rArr; i2c_bus_xfer
</UL>
<BR>[Calls]<UL><LI><a href="#[c4]">&gt;&gt;</a>&nbsp;&nbsp;&nbsp;oled12864_write_reg0
</UL>
<BR>[Called By]<UL><LI><a href="#[6e]">&gt;&gt;</a>&nbsp;&nbsp;&nbsp;OLED_Fill_All
<LI><a href="#[6c]">&gt;&gt;</a>&nbsp;&nbsp;&nbsp;OLED12864_Init
<LI><a href="#[c6]">&gt;&gt;</a>&nbsp;&nbsp;&nbsp;oled1306_set_cursor
</UL>

<P><STRONG><a name="[6f]"></a>ssd1306_write_data</STRONG> (Thumb, 14 bytes, Stack size 8 bytes, app_oled.o(i.ssd1306_write_data))
<BR><BR>[Stack]<UL><LI>Max Depth = 72<LI>Call Chain = ssd1306_write_data &rArr; oled12864_write_reg0 &rArr; i2c_bus_xfer
</UL>
<BR>[Calls]<UL><LI><a href="#[c4]">&gt;&gt;</a>&nbsp;&nbsp;&nbsp;oled12864_write_reg0
</UL>
<BR>[Called By]<UL><LI><a href="#[6e]">&gt;&gt;</a>&nbsp;&nbsp;&nbsp;OLED_Fill_All
<LI><a href="#[d2]">&gt;&gt;</a>&nbsp;&nbsp;&nbsp;x_oled1306_DrawBMP
</UL>

<P><STRONG><a name="[89]"></a>_fp_digits</STRONG> (Thumb, 366 bytes, Stack size 64 bytes, printfa.o(i._fp_digits), UNUSED)
<BR><BR>[Calls]<UL><LI><a href="#[57]">&gt;&gt;</a>&nbsp;&nbsp;&nbsp;__aeabi_uldivmod
<LI><a href="#[62]">&gt;&gt;</a>&nbsp;&nbsp;&nbsp;__aeabi_dmul
<LI><a href="#[63]">&gt;&gt;</a>&nbsp;&nbsp;&nbsp;__aeabi_ddiv
<LI><a href="#[5c]">&gt;&gt;</a>&nbsp;&nbsp;&nbsp;__aeabi_dadd
<LI><a href="#[64]">&gt;&gt;</a>&nbsp;&nbsp;&nbsp;__aeabi_d2ulz
<LI><a href="#[8a]">&gt;&gt;</a>&nbsp;&nbsp;&nbsp;__aeabi_cdrcmple
</UL>
<BR>[Called By]<UL><LI><a href="#[86]">&gt;&gt;</a>&nbsp;&nbsp;&nbsp;_printf_core
</UL>

<P><STRONG><a name="[86]"></a>_printf_core</STRONG> (Thumb, 1704 bytes, Stack size 136 bytes, printfa.o(i._printf_core), UNUSED)
<BR><BR>[Calls]<UL><LI><a href="#[57]">&gt;&gt;</a>&nbsp;&nbsp;&nbsp;__aeabi_uldivmod
<LI><a href="#[8d]">&gt;&gt;</a>&nbsp;&nbsp;&nbsp;__aeabi_uidivmod
<LI><a href="#[8b]">&gt;&gt;</a>&nbsp;&nbsp;&nbsp;_printf_pre_padding
<LI><a href="#[8c]">&gt;&gt;</a>&nbsp;&nbsp;&nbsp;_printf_post_padding
<LI><a href="#[89]">&gt;&gt;</a>&nbsp;&nbsp;&nbsp;_fp_digits
</UL>
<BR>[Called By]<UL><LI><a href="#[88]">&gt;&gt;</a>&nbsp;&nbsp;&nbsp;__0vsnprintf
<LI><a href="#[87]">&gt;&gt;</a>&nbsp;&nbsp;&nbsp;__0snprintf
<LI><a href="#[85]">&gt;&gt;</a>&nbsp;&nbsp;&nbsp;__0printf
</UL>

<P><STRONG><a name="[8c]"></a>_printf_post_padding</STRONG> (Thumb, 36 bytes, Stack size 24 bytes, printfa.o(i._printf_post_padding), UNUSED)
<BR><BR>[Called By]<UL><LI><a href="#[86]">&gt;&gt;</a>&nbsp;&nbsp;&nbsp;_printf_core
</UL>

<P><STRONG><a name="[8b]"></a>_printf_pre_padding</STRONG> (Thumb, 46 bytes, Stack size 24 bytes, printfa.o(i._printf_pre_padding), UNUSED)
<BR><BR>[Called By]<UL><LI><a href="#[86]">&gt;&gt;</a>&nbsp;&nbsp;&nbsp;_printf_core
</UL>

<P><STRONG><a name="[43]"></a>_snputc</STRONG> (Thumb, 22 bytes, Stack size 0 bytes, printfa.o(i._snputc))
<BR>[Address Reference Count : 2]<UL><LI> printfa.o(i.__0snprintf)
<LI> printfa.o(i.__0vsnprintf)
</UL><P>
<H3>
Undefined Global Symbols
</H3><HR></body></html>
