Component: ARM Compiler 5.06 update 7 (build 960) Tool: armlink [4d3601]

==============================================================================

Section Cross References

    startup_stm32f10x_hd.o(RESET) refers to startup_stm32f10x_hd.o(STACK) for __initial_sp
    startup_stm32f10x_hd.o(RESET) refers to startup_stm32f10x_hd.o(.text) for Reset_Handler
    startup_stm32f10x_hd.o(RESET) refers to stm32f10x_it.o(i.NMI_Handler) for NMI_Handler
    startup_stm32f10x_hd.o(RESET) refers to stm32f10x_it.o(i.HardFault_Handler) for HardFault_Handler
    startup_stm32f10x_hd.o(RESET) refers to stm32f10x_it.o(i.MemManage_Handler) for MemManage_Handler
    startup_stm32f10x_hd.o(RESET) refers to stm32f10x_it.o(i.BusFault_Handler) for BusFault_Handler
    startup_stm32f10x_hd.o(RESET) refers to stm32f10x_it.o(i.UsageFault_Handler) for UsageFault_Handler
    startup_stm32f10x_hd.o(RESET) refers to stm32f10x_it.o(i.SVC_Handler) for SVC_Handler
    startup_stm32f10x_hd.o(RESET) refers to stm32f10x_it.o(i.DebugMon_Handler) for DebugMon_Handler
    startup_stm32f10x_hd.o(RESET) refers to stm32f10x_it.o(i.PendSV_Handler) for PendSV_Handler
    startup_stm32f10x_hd.o(RESET) refers to app_timer.o(i.SysTick_Handler) for SysTick_Handler
    startup_stm32f10x_hd.o(RESET) refers to iqs7211e.o(i.EXTI0_IRQHandler) for EXTI0_IRQHandler
    startup_stm32f10x_hd.o(RESET) refers to app_timer.o(i.TIM2_IRQHandler) for TIM2_IRQHandler
    startup_stm32f10x_hd.o(.text) refers to system_stm32f10x.o(i.SystemInit) for SystemInit
    startup_stm32f10x_hd.o(.text) refers to entry.o(.ARM.Collect$$$$00000000) for __main
    stm32f10x_adc.o(i.ADC_DeInit) refers to stm32f10x_rcc.o(i.RCC_APB2PeriphResetCmd) for RCC_APB2PeriphResetCmd
    stm32f10x_bkp.o(i.BKP_DeInit) refers to stm32f10x_rcc.o(i.RCC_BackupResetCmd) for RCC_BackupResetCmd
    stm32f10x_can.o(i.CAN_DeInit) refers to stm32f10x_rcc.o(i.RCC_APB1PeriphResetCmd) for RCC_APB1PeriphResetCmd
    stm32f10x_can.o(i.CAN_GetITStatus) refers to stm32f10x_can.o(i.CheckITStatus) for CheckITStatus
    stm32f10x_cec.o(i.CEC_DeInit) refers to stm32f10x_rcc.o(i.RCC_APB1PeriphResetCmd) for RCC_APB1PeriphResetCmd
    stm32f10x_dac.o(i.DAC_DeInit) refers to stm32f10x_rcc.o(i.RCC_APB1PeriphResetCmd) for RCC_APB1PeriphResetCmd
    stm32f10x_flash.o(i.FLASH_EnableWriteProtection) refers to stm32f10x_flash.o(i.FLASH_WaitForLastOperation) for FLASH_WaitForLastOperation
    stm32f10x_flash.o(i.FLASH_EraseAllBank1Pages) refers to stm32f10x_flash.o(i.FLASH_WaitForLastBank1Operation) for FLASH_WaitForLastBank1Operation
    stm32f10x_flash.o(i.FLASH_EraseAllPages) refers to stm32f10x_flash.o(i.FLASH_WaitForLastOperation) for FLASH_WaitForLastOperation
    stm32f10x_flash.o(i.FLASH_EraseOptionBytes) refers to stm32f10x_flash.o(i.FLASH_GetReadOutProtectionStatus) for FLASH_GetReadOutProtectionStatus
    stm32f10x_flash.o(i.FLASH_EraseOptionBytes) refers to stm32f10x_flash.o(i.FLASH_WaitForLastOperation) for FLASH_WaitForLastOperation
    stm32f10x_flash.o(i.FLASH_ErasePage) refers to stm32f10x_flash.o(i.FLASH_WaitForLastOperation) for FLASH_WaitForLastOperation
    stm32f10x_flash.o(i.FLASH_ProgramHalfWord) refers to stm32f10x_flash.o(i.FLASH_WaitForLastOperation) for FLASH_WaitForLastOperation
    stm32f10x_flash.o(i.FLASH_ProgramOptionByteData) refers to stm32f10x_flash.o(i.FLASH_WaitForLastOperation) for FLASH_WaitForLastOperation
    stm32f10x_flash.o(i.FLASH_ProgramWord) refers to stm32f10x_flash.o(i.FLASH_WaitForLastOperation) for FLASH_WaitForLastOperation
    stm32f10x_flash.o(i.FLASH_ReadOutProtection) refers to stm32f10x_flash.o(i.FLASH_WaitForLastOperation) for FLASH_WaitForLastOperation
    stm32f10x_flash.o(i.FLASH_UserOptionByteConfig) refers to stm32f10x_flash.o(i.FLASH_WaitForLastOperation) for FLASH_WaitForLastOperation
    stm32f10x_flash.o(i.FLASH_WaitForLastBank1Operation) refers to stm32f10x_flash.o(i.FLASH_GetBank1Status) for FLASH_GetBank1Status
    stm32f10x_flash.o(i.FLASH_WaitForLastOperation) refers to stm32f10x_flash.o(i.FLASH_GetBank1Status) for FLASH_GetBank1Status
    stm32f10x_gpio.o(i.GPIO_AFIODeInit) refers to stm32f10x_rcc.o(i.RCC_APB2PeriphResetCmd) for RCC_APB2PeriphResetCmd
    stm32f10x_gpio.o(i.GPIO_DeInit) refers to stm32f10x_rcc.o(i.RCC_APB2PeriphResetCmd) for RCC_APB2PeriphResetCmd
    stm32f10x_i2c.o(i.I2C_DeInit) refers to stm32f10x_rcc.o(i.RCC_APB1PeriphResetCmd) for RCC_APB1PeriphResetCmd
    stm32f10x_i2c.o(i.I2C_Init) refers to stm32f10x_rcc.o(i.RCC_GetClocksFreq) for RCC_GetClocksFreq
    stm32f10x_pwr.o(i.PWR_DeInit) refers to stm32f10x_rcc.o(i.RCC_APB1PeriphResetCmd) for RCC_APB1PeriphResetCmd
    stm32f10x_rcc.o(i.RCC_GetClocksFreq) refers to stm32f10x_rcc.o(.data) for APBAHBPrescTable
    stm32f10x_rcc.o(i.RCC_WaitForHSEStartUp) refers to stm32f10x_rcc.o(i.RCC_GetFlagStatus) for RCC_GetFlagStatus
    stm32f10x_rtc.o(i.RTC_SetAlarm) refers to stm32f10x_rtc.o(i.RTC_EnterConfigMode) for RTC_EnterConfigMode
[...]
    Removing stm32f10x_tim.o(i.TIM_SetCompare4), (6 bytes).
    Removing stm32f10x_tim.o(i.TIM_SetCounter), (4 bytes).
    Removing stm32f10x_tim.o(i.TIM_SetIC1Prescaler), (18 bytes).
    Removing stm32f10x_tim.o(i.TIM_SetIC2Prescaler), (26 bytes).
    Removing stm32f10x_tim.o(i.TIM_SetIC3Prescaler), (18 bytes).
    Removing stm32f10x_tim.o(i.TIM_SetIC4Prescaler), (26 bytes).
    Removing stm32f10x_tim.o(i.TIM_TIxExternalClockConfig), (62 bytes).
    Removing stm32f10x_tim.o(i.TIM_TimeBaseInit), (164 bytes).
    Removing stm32f10x_tim.o(i.TIM_TimeBaseStructInit), (18 bytes).
    Removing stm32f10x_tim.o(i.TIM_UpdateDisableConfig), (24 bytes).
    Removing stm32f10x_tim.o(i.TIM_UpdateRequestConfig), (24 bytes).
    Removing stm32f10x_usart.o(i.USART_ClearFlag), (18 bytes).
    Removing stm32f10x_usart.o(i.USART_ClearITPendingBit), (30 bytes).
    Removing stm32f10x_usart.o(i.USART_ClockInit), (34 bytes).
    Removing stm32f10x_usart.o(i.USART_ClockStructInit), (12 bytes).
    Removing stm32f10x_usart.o(i.USART_DMACmd), (18 bytes).
    Removing stm32f10x_usart.o(i.USART_DeInit), (156 bytes).
    Removing stm32f10x_usart.o(i.USART_GetFlagStatus), (26 bytes).
    Removing stm32f10x_usart.o(i.USART_GetITStatus), (84 bytes).
    Removing stm32f10x_usart.o(i.USART_HalfDuplexCmd), (24 bytes).
    Removing stm32f10x_usart.o(i.USART_ITConfig), (74 bytes).
    Removing stm32f10x_usart.o(i.USART_IrDACmd), (24 bytes).
    Removing stm32f10x_usart.o(i.USART_IrDAConfig), (18 bytes).
    Removing stm32f10x_usart.o(i.USART_LINBreakDetectLengthConfig), (18 bytes).
    Removing stm32f10x_usart.o(i.USART_LINCmd), (24 bytes).
    Removing stm32f10x_usart.o(i.USART_OneBitMethodCmd), (24 bytes).
    Removing stm32f10x_usart.o(i.USART_OverSampling8Cmd), (22 bytes).
    Removing stm32f10x_usart.o(i.USART_ReceiveData), (10 bytes).
    Removing stm32f10x_usart.o(i.USART_ReceiverWakeUpCmd), (24 bytes).
    Removing stm32f10x_usart.o(i.USART_SendBreak), (10 bytes).
    Removing stm32f10x_usart.o(i.USART_SendData), (8 bytes).
    Removing stm32f10x_usart.o(i.USART_SetAddress), (18 bytes).
    Removing stm32f10x_usart.o(i.USART_SetGuardTime), (16 bytes).
    Removing stm32f10x_usart.o(i.USART_SetPrescaler), (16 bytes).
    Removing stm32f10x_usart.o(i.USART_SmartCardCmd), (24 bytes).
    Removing stm32f10x_usart.o(i.USART_SmartCardNACKCmd), (24 bytes).
    Removing stm32f10x_usart.o(i.USART_StructInit), (24 bytes).
    Removing stm32f10x_usart.o(i.USART_WakeUpConfig), (18 bytes).
    Removing stm32f10x_wwdg.o(i.WWDG_ClearFlag), (12 bytes).
    Removing stm32f10x_wwdg.o(i.WWDG_DeInit), (22 bytes).
    Removing stm32f10x_wwdg.o(i.WWDG_Enable), (16 bytes).
    Removing stm32f10x_wwdg.o(i.WWDG_EnableIT), (12 bytes).
    Removing stm32f10x_wwdg.o(i.WWDG_GetFlagStatus), (12 bytes).
    Removing stm32f10x_wwdg.o(i.WWDG_SetCounter), (16 bytes).
    Removing stm32f10x_wwdg.o(i.WWDG_SetPrescaler), (24 bytes).
    Removing stm32f10x_wwdg.o(i.WWDG_SetWindowValue), (40 bytes).
    Removing system_stm32f10x.o(i.SystemCoreClockUpdate), (164 bytes).
    Removing bsp_uart.o(i._sys_exit), (4 bytes).
    Removing bsp_uart.o(.bss), (200 bytes).
    Removing elog.o(i.elog_assert_set_hook), (12 bytes).
    Removing elog.o(i.elog_deinit), (32 bytes).
    Removing elog.o(i.elog_find_lvl), (952 bytes).
    Removing elog.o(i.elog_find_tag), (500 bytes).
    Removing elog.o(i.elog_get_output_enabled), (12 bytes).
    Removing elog.o(i.elog_get_text_color_enabled), (12 bytes).
    Removing elog.o(i.elog_hexdump), (404 bytes).
    Removing elog.o(i.elog_raw), (92 bytes).
    Removing elog.o(i.elog_set_filter), (192 bytes).
    Removing elog.o(i.elog_set_filter_kw), (20 bytes).
    Removing elog.o(i.elog_set_filter_tag), (20 bytes).
    Removing elog.o(i.elog_set_filter_tag_lvl), (480 bytes).
    Removing elog.o(i.elog_stop), (132 bytes).
    Removing elog_port.o(i.elog_port_deinit), (2 bytes).
    Removing elog_utils.o(i.elog_cpyln), (272 bytes).
    Removing elog_utils.o(i.elog_memcpy), (240 bytes).
    Removing bsp_delay.o(i.delay_init), (12 bytes).
    Removing app_timer.o(i.TIM2_Init), (108 bytes).
    Removing smarttimer.o(i.stim_remove_event), (68 bytes).
    Removing iqs7211e.o(i.IQS7211E_Extix_Init), (88 bytes).
    Removing iqs7211e.o(i.IQS7211E_RDY_Init), (48 bytes).
    Removing bsp_iic.o(i.ANA_IIC_GPIO_Init), (76 bytes).

483 unused section(s) (total 22890 bytes) removed from the image.

==============================================================================

Image Symbol Table

    Local Symbols

    Symbol Name                              Value     Ov Type        Size  Object(Section)

    ../clib/microlib/ctype/ctype.c           0x00000000   Number         0  ispunct_o.o ABSOLUTE
    ../clib/microlib/ctype/ctype.c           0x00000000   Number         0  isprint_o.o ABSOLUTE
    ../clib/microlib/ctype/ctype.c           0x00000000   Number         0  isgraph_o.o ABSOLUTE
    ../clib/microlib/ctype/ctype.c           0x00000000   Number         0  isxdigit_o.o ABSOLUTE
    ../clib/microlib/ctype/ctype.c           0x00000000   Number         0  isupper_o.o ABSOLUTE
    ../clib/microlib/ctype/ctype.c           0x00000000   Number         0  isspace_o.o ABSOLUTE
    ../clib/microlib/ctype/ctype.c           0x00000000   Number         0  islower_o.o ABSOLUTE
    ../clib/microlib/ctype/ctype.c           0x00000000   Number         0  isdigit_o.o ABSOLUTE
    ../clib/microlib/ctype/ctype.c           0x00000000   Number         0  iscntrl_o.o ABSOLUTE
    ../clib/microlib/ctype/ctype.c           0x00000000   Number         0  isblank_o.o ABSOLUTE
    ../clib/microlib/ctype/ctype.c           0x00000000   Number         0  isalpha_o.o ABSOLUTE
    ../clib/microlib/ctype/ctype.c           0x00000000   Number         0  isalnum_o.o ABSOLUTE
    ../clib/microlib/ctype/ctype.c           0x00000000   Number         0  ctype_o.o ABSOLUTE
    ../clib/microlib/division.c              0x00000000   Number         0  uldiv.o ABSOLUTE
    ../clib/microlib/division.c              0x00000000   Number         0  uidiv.o ABSOLUTE
    ../clib/microlib/errno.c                 0x00000000   Number         0  errno.o ABSOLUTE
    ../clib/microlib/init/entry.s            0x00000000   Number         0  entry8a.o ABSOLUTE
    ../clib/microlib/init/entry.s            0x00000000   Number         0  entry10a.o ABSOLUTE
    ../clib/microlib/init/entry.s            0x00000000   Number         0  entry9a.o ABSOLUTE
    ../clib/microlib/init/entry.s            0x00000000   Number         0  entry12b.o ABSOLUTE
    ../clib/microlib/init/entry.s            0x00000000   Number         0  entry2.o ABSOLUTE
    ../clib/microlib/init/entry.s            0x00000000   Number         0  entry9b.o ABSOLUTE
    ../clib/microlib/init/entry.s            0x00000000   Number         0  entry5.o ABSOLUTE
    ../clib/microlib/init/entry.s            0x00000000   Number         0  entry8b.o ABSOLUTE
    ../clib/microlib/init/entry.s            0x00000000   Number         0  entry7a.o ABSOLUTE
    ../clib/microlib/init/entry.s            0x00000000   Number         0  entry7b.o ABSOLUTE
    ../clib/microlib/init/entry.s            0x00000000   Number         0  entry.o ABSOLUTE
    ../clib/microlib/init/entry.s            0x00000000   Number         0  entry10b.o ABSOLUTE
    ../clib/microlib/init/entry.s            0x00000000   Number         0  entry11a.o ABSOLUTE
    ../clib/microlib/init/entry.s            0x00000000   Number         0  entry11b.o ABSOLUTE
    ../clib/microlib/init/entry.s            0x00000000   Number         0  entry12a.o ABSOLUTE
    ../clib/microlib/longlong.c              0x00000000   Number         0  llushr.o ABSOLUTE
    ../clib/microlib/longlong.c              0x00000000   Number         0  llsshr.o ABSOLUTE
    ../clib/microlib/longlong.c              0x00000000   Number         0  llshl.o ABSOLUTE
    ../clib/microlib/printf/printf.c         0x00000000   Number         0  printf0.o ABSOLUTE
    ../clib/microlib/printf/printf.c         0x00000000   Number         0  printf4.o ABSOLUTE
    ../clib/microlib/printf/printf.c         0x00000000   Number         0  printf5.o ABSOLUTE
    ../clib/microlib/printf/printf.c         0x00000000   Number         0  printf6.o ABSOLUTE
    ../clib/microlib/printf/printf.c         0x00000000   Number         0  printf7.o ABSOLUTE
    ../clib/microlib/printf/printf.c         0x00000000   Number         0  printf8.o ABSOLUTE
    ../clib/microlib/printf/printf.c         0x00000000   Number         0  printfa.o ABSOLUTE
    ../clib/microlib/printf/printf.c         0x00000000   Number         0  printfb.o ABSOLUTE
    ../clib/microlib/printf/printf.c         0x00000000   Number         0  printf3.o ABSOLUTE
    ../clib/microlib/printf/printf.c         0x00000000   Number         0  printf1.o ABSOLUTE
    ../clib/microlib/printf/printf.c         0x00000000   Number         0  printf2.o ABSOLUTE
    ../clib/microlib/printf/stubs.s          0x00000000   Number         0  stubs.o ABSOLUTE
    ../clib/microlib/string/memchr.c         0x00000000   Number         0  memchr.o ABSOLUTE
    ../clib/microlib/string/memset.c         0x00000000   Number         0  memseta.o ABSOLUTE
    ../clib/microlib/string/strlen.c         0x00000000   Number         0  strlen.o ABSOLUTE
    ../clib/microlib/string/strncmp.c        0x00000000   Number         0  strncmp.o ABSOLUTE
    ../clib/microlib/string/strncpy.c        0x00000000   Number         0  strncpy.o ABSOLUTE
    ../clib/microlib/string/strstr.c         0x00000000   Number         0  strstr.o ABSOLUTE
    ../clib/microlib/stubs.s                 0x00000000   Number         0  useno.o ABSOLUTE
    ../clib/microlib/stubs.s                 0x00000000   Number         0  iusefp.o ABSOLUTE
    ../clib/scanf.c                          0x00000000   Number         0  _chval.o ABSOLUTE
    ../clib/scanf.c                          0x00000000   Number         0  strtol.o ABSOLUTE
    ../clib/scanf.c                          0x00000000   Number         0  atoi.o ABSOLUTE
    ../clib/scanf.c                          0x00000000   Number         0  _strtoul.o ABSOLUTE
    ../fplib/microlib/fpadd.c                0x00000000   Number         0  dadd.o ABSOLUTE
    ../fplib/microlib/fpdiv.c                0x00000000   Number         0  ddiv.o ABSOLUTE
    ../fplib/microlib/fpepilogue.c           0x00000000   Number         0  depilogue.o ABSOLUTE
    ../fplib/microlib/fpfix.c                0x00000000   Number         0  dfixul.o ABSOLUTE
    ../fplib/microlib/fpmul.c                0x00000000   Number         0  dmul.o ABSOLUTE
    CORE\\core_cm3.c                         0x00000000   Number         0  core_cm3.o ABSOLUTE
    CORE\core_cm3.c                          0x00000000   Number         0  core_cm3.o ABSOLUTE
    CORE\startup_stm32f10x_hd.s              0x00000000   Number         0  startup_stm32f10x_hd.o ABSOLUTE
    STM32F10x_FWLib\src\misc.c               0x00000000   Number         0  misc.o ABSOLUTE
    STM32F10x_FWLib\src\stm32f10x_adc.c      0x00000000   Number         0  stm32f10x_adc.o ABSOLUTE
    STM32F10x_FWLib\src\stm32f10x_bkp.c      0x00000000   Number         0  stm32f10x_bkp.o ABSOLUTE
    STM32F10x_FWLib\src\stm32f10x_can.c      0x00000000   Number         0  stm32f10x_can.o ABSOLUTE
    STM32F10x_FWLib\src\stm32f10x_cec.c      0x00000000   Number         0  stm32f10x_cec.o ABSOLUTE
    STM32F10x_FWLib\src\stm32f10x_crc.c      0x00000000   Number         0  stm32f10x_crc.o ABSOLUTE
    STM32F10x_FWLib\src\stm32f10x_dac.c      0x00000000   Number         0  stm32f10x_dac.o ABSOLUTE
    STM32F10x_FWLib\src\stm32f10x_dbgmcu.c   0x00000000   Number         0  stm32f10x_dbgmcu.o ABSOLUTE
    STM32F10x_FWLib\src\stm32f10x_dma.c      0x00000000   Number         0  stm32f10x_dma.o ABSOLUTE
    STM32F10x_FWLib\src\stm32f10x_exti.c     0x00000000   Number         0  stm32f10x_exti.o ABSOLUTE
    STM32F10x_FWLib\src\stm32f10x_flash.c    0x00000000   Number         0  stm32f10x_flash.o ABSOLUTE
    STM32F10x_FWLib\src\stm32f10x_fsmc.c     0x00000000   Number         0  stm32f10x_fsmc.o ABSOLUTE
    STM32F10x_FWLib\src\stm32f10x_gpio.c     0x00000000   Number         0  stm32f10x_gpio.o ABSOLUTE
    STM32F10x_FWLib\src\stm32f10x_i2c.c      0x00000000   Number         0  stm32f10x_i2c.o ABSOLUTE
    STM32F10x_FWLib\src\stm32f10x_iwdg.c     0x00000000   Number         0  stm32f10x_iwdg.o ABSOLUTE
    STM32F10x_FWLib\src\stm32f10x_pwr.c      0x00000000   Number         0  stm32f10x_pwr.o ABSOLUTE
    STM32F10x_FWLib\src\stm32f10x_rcc.c      0x00000000   Number         0  stm32f10x_rcc.o ABSOLUTE
    STM32F10x_FWLib\src\stm32f10x_rtc.c      0x00000000   Number         0  stm32f10x_rtc.o ABSOLUTE
    STM32F10x_FWLib\src\stm32f10x_sdio.c     0x00000000   Number         0  stm32f10x_sdio.o ABSOLUTE
    STM32F10x_FWLib\src\stm32f10x_spi.c      0x00000000   Number         0  stm32f10x_spi.o ABSOLUTE
    STM32F10x_FWLib\src\stm32f10x_tim.c      0x00000000   Number         0  stm32f10x_tim.o ABSOLUTE
    STM32F10x_FWLib\src\stm32f10x_usart.c    0x00000000   Number         0  stm32f10x_usart.o ABSOLUTE
    STM32F10x_FWLib\src\stm32f10x_wwdg.c     0x00000000   Number         0  stm32f10x_wwdg.o ABSOLUTE
    USER\Delay\bsp_delay.c                   0x00000000   Number         0  bsp_delay.o ABSOLUTE
    USER\I2C\bsp_iic.c                       0x00000000   Number         0  bsp_iic.o ABSOLUTE
    USER\IQS7211E\IQS7211E.c                 0x00000000   Number         0  iqs7211e.o ABSOLUTE
    USER\KEY\app_key.c                       0x00000000   Number         0  app_key.o ABSOLUTE
    USER\KEY\app_key_scan.c                  0x00000000   Number         0  app_key_scan.o ABSOLUTE
    USER\TIM\app_timer.c                     0x00000000   Number         0  app_timer.o ABSOLUTE
    USER\TIM\smarttimer.c                    0x00000000   Number         0  smarttimer.o ABSOLUTE
    USER\main.c                              0x00000000   Number         0  main.o ABSOLUTE
    USER\stm32f10x_it.c                      0x00000000   Number         0  stm32f10x_it.o ABSOLUTE
    USER\system_stm32f10x.c                  0x00000000   Number         0  system_stm32f10x.o ABSOLUTE
    USER\uart\app_log.c                      0x00000000   Number         0  app_log.o ABSOLUTE
    USER\uart\bsp_uart.c                     0x00000000   Number         0  bsp_uart.o ABSOLUTE
    USER\uart\elog.c                         0x00000000   Number         0  elog.o ABSOLUTE
    USER\uart\elog_port.c                    0x00000000   Number         0  elog_port.o ABSOLUTE
    USER\uart\elog_utils.c                   0x00000000   Number         0  elog_utils.o ABSOLUTE
    cdrcmple.s                               0x00000000   Number         0  cdrcmple.o ABSOLUTE
    dc.s                                     0x00000000   Number         0  dc.o ABSOLUTE
    handlers.s                               0x00000000   Number         0  handlers.o ABSOLUTE
    init.s                                   0x00000000   Number         0  init.o ABSOLUTE
    RESET                                    0x08000000   Section      304  startup_stm32f10x_hd.o(RESET)
    .ARM.Collect$$$$00000000                 0x08000130   Section        0  entry.o(.ARM.Collect$$$$00000000)
    .ARM.Collect$$$$00000001                 0x08000130   Section        4  entry2.o(.ARM.Collect$$$$00000001)
    .ARM.Collect$$$$00000004                 0x08000134   Section        4  entry5.o(.ARM.Collect$$$$00000004)
    .ARM.Collect$$$$00000008                 0x08000138   Section        0  entry7b.o(.ARM.Collect$$$$00000008)
    .ARM.Collect$$$$0000000A                 0x08000138   Section        0  entry8b.o(.ARM.Collect$$$$0000000A)
    .ARM.Collect$$$$0000000B                 0x08000138   Section        8  entry9a.o(.ARM.Collect$$$$0000000B)
    .ARM.Collect$$$$0000000E                 0x08000140   Section        4  entry12b.o(.ARM.Collect$$$$0000000E)
    .ARM.Collect$$$$0000000F                 0x08000144   Section        0  entry10a.o(.ARM.Collect$$$$0000000F)
    .ARM.Collect$$$$00000011                 0x08000144   Section        0  entry11a.o(.ARM.Collect$$$$00000011)
    .ARM.Collect$$$$00002712                 0x08000144   Section        4  entry2.o(.ARM.Collect$$$$00002712)
    __lit__00000000                          0x08000144   Data           4  entry2.o(.ARM.Collect$$$$00002712)
    .text                                    0x08000148   Section       36  startup_stm32f10x_hd.o(.text)
    .text                                    0x0800016c   Section        0  memseta.o(.text)
    .text                                    0x08000190   Section        0  strstr.o(.text)
    .text                                    0x080001b4   Section        0  strlen.o(.text)
    .text                                    0x080001c2   Section        0  strncmp.o(.text)
    .text                                    0x080001e0   Section        0  atoi.o(.text)
    .text                                    0x080001fa   Section        0  uidiv.o(.text)
    .text                                    0x08000226   Section        0  uldiv.o(.text)
    .text                                    0x08000288   Section        0  strtol.o(.text)
    .text                                    0x080002f8   Section        0  dadd.o(.text)
    .text                                    0x080002f8   Section        0  iusefp.o(.text)
    .text                                    0x08000446   Section        0  dmul.o(.text)
    .text                                    0x0800052a   Section        0  ddiv.o(.text)
    .text                                    0x08000608   Section        0  dfixul.o(.text)
    .text                                    0x08000638   Section       48  cdrcmple.o(.text)
    .text                                    0x08000668   Section       36  init.o(.text)
    .text                                    0x0800068c   Section        0  llshl.o(.text)
    .text                                    0x080006aa   Section        0  llushr.o(.text)
    .text                                    0x080006ca   Section        0  llsshr.o(.text)
    .text                                    0x080006f0   Section        0  ctype_o.o(.text)
    .text                                    0x080006f8   Section        0  _strtoul.o(.text)
    .text                                    0x08000796   Section        0  depilogue.o(.text)
    .text                                    0x08000850   Section        0  _chval.o(.text)
    i.ANA_I2C_Start                          0x0800086c   Section        0  bsp_iic.o(i.ANA_I2C_Start)
    i.ANA_I2C_Stop                           0x080008b8   Section        0  bsp_iic.o(i.ANA_I2C_Stop)
    i.ANA_IIC_Ack                            0x080008fc   Section        0  bsp_iic.o(i.ANA_IIC_Ack)
    i.ANA_IIC_Delay                          0x08000948   Section        0  bsp_iic.o(i.ANA_IIC_Delay)
    i.ANA_IIC_NAck                           0x0800095c   Section        0  bsp_iic.o(i.ANA_IIC_NAck)
    i.ANA_IIC_Read_Byte                      0x080009a8   Section        0  bsp_iic.o(i.ANA_IIC_Read_Byte)
    i.ANA_IIC_Send_Byte                      0x08000a14   Section        0  bsp_iic.o(i.ANA_IIC_Send_Byte)
    i.ANA_IIC_Wait_Ack                       0x08000a70   Section        0  bsp_iic.o(i.ANA_IIC_Wait_Ack)
    i.BusFault_Handler                       0x08000ad4   Section        0  stm32f10x_it.o(i.BusFault_Handler)
    i.DebugMon_Handler                       0x08000ad8   Section        0  stm32f10x_it.o(i.DebugMon_Handler)
    i.EXTI0_IRQHandler                       0x08000adc   Section        0  iqs7211e.o(i.EXTI0_IRQHandler)
    i.EXTI_ClearITPendingBit                 0x08000b08   Section        0  stm32f10x_exti.o(i.EXTI_ClearITPendingBit)
    i.Easylogger_Init                        0x08000b14   Section        0  app_log.o(i.Easylogger_Init)
    i.GPIO_Init                              0x08000b56   Section        0  stm32f10x_gpio.o(i.GPIO_Init)
    i.GPIO_ReadInputDataBit                  0x08000c6c   Section        0  stm32f10x_gpio.o(i.GPIO_ReadInputDataBit)
    i.GPIO_ResetBits                         0x08000c7e   Section        0  stm32f10x_gpio.o(i.GPIO_ResetBits)
    i.GPIO_SetBits                           0x08000c82   Section        0  stm32f10x_gpio.o(i.GPIO_SetBits)
    i.GetSysTickVal                          0x08000c88   Section        0  app_timer.o(i.GetSysTickVal)
    i.HardFault_Handler                      0x08000c94   Section        0  stm32f10x_it.o(i.HardFault_Handler)
    i.IQS7211E_Init                          0x08000c98   Section        0  iqs7211e.o(i.IQS7211E_Init)
    i.IQS7211E_Read_Byte                     0x0800116a   Section        0  iqs7211e.o(i.IQS7211E_Read_Byte)
    i.IQS7211E_Read_Len                      0x080011a4   Section        0  iqs7211e.o(i.IQS7211E_Read_Len)
    i.IQS7211E_Stop_Bit_Disabled             0x0800120e   Section        0  iqs7211e.o(i.IQS7211E_Stop_Bit_Disabled)
    i.IQS7211E_Stop_I2C_Comm_Window          0x08001224   Section        0  iqs7211e.o(i.IQS7211E_Stop_I2C_Comm_Window)
    i.IQS7211E_Write_Byte                    0x0800123a   Section        0  iqs7211e.o(i.IQS7211E_Write_Byte)
    i.IQS7211E_Write_Len                     0x08001280   Section        0  iqs7211e.o(i.IQS7211E_Write_Len)
    i.KeyScan                                0x080012d8   Section        0  app_key_scan.o(i.KeyScan)
    i.Key_Task                               0x080014f0   Section        0  main.o(i.Key_Task)
    Key_Task                                 0x080014f1   Thumb Code    20  main.o(i.Key_Task)
    i.MemManage_Handler                      0x0800150c   Section        0  stm32f10x_it.o(i.MemManage_Handler)
    i.NMI_Handler                            0x08001510   Section        0  stm32f10x_it.o(i.NMI_Handler)
    i.NVIC_PriorityGroupConfig               0x08001514   Section        0  misc.o(i.NVIC_PriorityGroupConfig)
    i.PendSV_Handler                         0x08001528   Section        0  stm32f10x_it.o(i.PendSV_Handler)
    i.Process_IQS7211E_Events                0x0800152c   Section        0  iqs7211e.o(i.Process_IQS7211E_Events)
    i.RCC_APB2PeriphClockCmd                 0x080018a4   Section        0  stm32f10x_rcc.o(i.RCC_APB2PeriphClockCmd)
    i.RCC_GetClocksFreq                      0x080018c4   Section        0  stm32f10x_rcc.o(i.RCC_GetClocksFreq)
    i.RCC_HCLKConfig                         0x08001998   Section        0  stm32f10x_rcc.o(i.RCC_HCLKConfig)
    i.RCC_PCLK1Config                        0x080019b0   Section        0  stm32f10x_rcc.o(i.RCC_PCLK1Config)
    i.RCC_PCLK2Config                        0x080019c8   Section        0  stm32f10x_rcc.o(i.RCC_PCLK2Config)
    i.SVC_Handler                            0x080019e0   Section        0  stm32f10x_it.o(i.SVC_Handler)
    i.SetSysClock                            0x080019e2   Section        0  system_stm32f10x.o(i.SetSysClock)
    SetSysClock                              0x080019e3   Thumb Code     8  system_stm32f10x.o(i.SetSysClock)
    i.SetSysClockTo72                        0x080019ec   Section        0  system_stm32f10x.o(i.SetSysClockTo72)
    SetSysClockTo72                          0x080019ed   Thumb Code   214  system_stm32f10x.o(i.SetSysClockTo72)
    i.SysTick_CLKSourceConfig                0x08001acc   Section        0  misc.o(i.SysTick_CLKSourceConfig)
    i.SysTick_Handler                        0x08001af4   Section        0  app_timer.o(i.SysTick_Handler)
    i.SystemInit                             0x08001b0c   Section        0  system_stm32f10x.o(i.SystemInit)
    i.SystemTickConfig                       0x08001b6c   Section        0  app_timer.o(i.SystemTickConfig)
    i.TIM2_IRQHandler                        0x08001bb8   Section        0  app_timer.o(i.TIM2_IRQHandler)
    i.TIM_ClearITPendingBit                  0x08001bd2   Section        0  stm32f10x_tim.o(i.TIM_ClearITPendingBit)
    i.TIM_GetITStatus                        0x08001bd8   Section        0  stm32f10x_tim.o(i.TIM_GetITStatus)
    i.USART1_Configuration                   0x08001bfc   Section        0  bsp_uart.o(i.USART1_Configuration)
    i.USART_Cmd                              0x08001c80   Section        0  stm32f10x_usart.o(i.USART_Cmd)
    i.USART_Init                             0x08001c98   Section        0  stm32f10x_usart.o(i.USART_Init)
    i.UsageFault_Handler                     0x08001d70   Section        0  stm32f10x_it.o(i.UsageFault_Handler)
    i.__0printf                              0x08001d74   Section        0  printfa.o(i.__0printf)
    i.__0snprintf                            0x08001d94   Section        0  printfa.o(i.__0snprintf)
    i.__0vsnprintf                           0x08001dc8   Section        0  printfa.o(i.__0vsnprintf)
    i.__aeabi_errno_addr                     0x08001dfc   Section        0  errno.o(i.__aeabi_errno_addr)
    i.__scatterload_copy                     0x08001e04   Section       14  handlers.o(i.__scatterload_copy)
    i.__scatterload_null                     0x08001e12   Section        2  handlers.o(i.__scatterload_null)
    i.__scatterload_zeroinit                 0x08001e14   Section       14  handlers.o(i.__scatterload_zeroinit)
    i._fp_digits                             0x08001e24   Section        0  printfa.o(i._fp_digits)
    _fp_digits                               0x08001e25   Thumb Code   366  printfa.o(i._fp_digits)
    i._printf_core                           0x08001fa8   Section        0  printfa.o(i._printf_core)
    _printf_core                             0x08001fa9   Thumb Code  1704  printfa.o(i._printf_core)
    i._printf_post_padding                   0x0800265c   Section        0  printfa.o(i._printf_post_padding)
    _printf_post_padding                     0x0800265d   Thumb Code    36  printfa.o(i._printf_post_padding)
    i._printf_pre_padding                    0x08002680   Section        0  printfa.o(i._printf_pre_padding)
    _printf_pre_padding                      0x08002681   Thumb Code    46  printfa.o(i._printf_pre_padding)
    i._snputc                                0x080026ae   Section        0  printfa.o(i._snputc)
    _snputc                                  0x080026af   Thumb Code    22  printfa.o(i._snputc)
    i.app_Key_Init                           0x080026c4   Section        0  app_key.o(i.app_Key_Init)
    i.changeday                              0x08002788   Section        0  main.o(i.changeday)
    changeday                                0x08002789   Thumb Code    96  main.o(i.changeday)
    i.delay_ms                               0x080027ec   Section        0  bsp_delay.o(i.delay_ms)
    i.delay_us                               0x0800283c   Section        0  bsp_delay.o(i.delay_us)
    i.elog_get_filter_tag_lvl                0x0800288c   Section        0  elog.o(i.elog_get_filter_tag_lvl)
    i.elog_init                              0x08002990   Section        0  elog.o(i.elog_init)
    i.elog_output                            0x080029e0   Section        0  elog.o(i.elog_output)
    i.elog_output_lock                       0x08002db4   Section        0  elog.o(i.elog_output_lock)
    i.elog_output_lock_enabled               0x08002ddc   Section        0  elog.o(i.elog_output_lock_enabled)
    i.elog_output_unlock                     0x08002e1c   Section        0  elog.o(i.elog_output_unlock)
    i.elog_port_get_p_info                   0x08002e44   Section        0  elog_port.o(i.elog_port_get_p_info)
    i.elog_port_get_t_info                   0x08002e4c   Section        0  elog_port.o(i.elog_port_get_t_info)
    i.elog_port_get_time                     0x08002e54   Section        0  elog_port.o(i.elog_port_get_time)
    i.elog_port_init                         0x08002e5c   Section        0  elog_port.o(i.elog_port_init)
    i.elog_port_output                       0x08002e60   Section        0  elog_port.o(i.elog_port_output)
    i.elog_port_output_lock                  0x08002e7c   Section        0  elog_port.o(i.elog_port_output_lock)
    i.elog_port_output_unlock                0x08002e7e   Section        0  elog_port.o(i.elog_port_output_unlock)
    i.elog_set_filter_lvl                    0x08002e80   Section        0  elog.o(i.elog_set_filter_lvl)
    i.elog_set_filter_tag_lvl_default        0x08002f34   Section        0  elog.o(i.elog_set_filter_tag_lvl_default)
    elog_set_filter_tag_lvl_default          0x08002f35   Thumb Code    54  elog.o(i.elog_set_filter_tag_lvl_default)
    i.elog_set_fmt                           0x08002f70   Section        0  elog.o(i.elog_set_fmt)
    i.elog_set_output_enabled                0x08003028   Section        0  elog.o(i.elog_set_output_enabled)
    i.elog_set_text_color_enabled            0x080030f0   Section        0  elog.o(i.elog_set_text_color_enabled)
    i.elog_start                             0x080030fc   Section        0  elog.o(i.elog_start)
    i.elog_strcpy                            0x08003180   Section        0  elog_utils.o(i.elog_strcpy)
    i.find_event                             0x08003278   Section        0  smarttimer.o(i.find_event)
    find_event                               0x08003279   Thumb Code    34  smarttimer.o(i.find_event)
    i.fputc                                  0x0800329c   Section        0  bsp_uart.o(i.fputc)
    i.free_event                             0x080032b8   Section        0  smarttimer.o(i.free_event)
    free_event                               0x080032b9   Thumb Code    34  smarttimer.o(i.free_event)
    i.get_fmt_enabled                        0x080032e4   Section        0  elog.o(i.get_fmt_enabled)
    get_fmt_enabled                          0x080032e5   Thumb Code    88  elog.o(i.get_fmt_enabled)
    i.increaseday                            0x080033a4   Section        0  main.o(i.increaseday)
    increaseday                              0x080033a5   Thumb Code    48  main.o(i.increaseday)
    i.init_linked                            0x080033d8   Section        0  smarttimer.o(i.init_linked)
    init_linked                              0x080033d9   Thumb Code    10  smarttimer.o(i.init_linked)
    i.insert_event                           0x080033e2   Section        0  smarttimer.o(i.insert_event)
    insert_event                             0x080033e3   Thumb Code    80  smarttimer.o(i.insert_event)
    i.insert_node_prev                       0x08003432   Section        0  smarttimer.o(i.insert_node_prev)
    insert_node_prev                         0x08003433   Thumb Code    32  smarttimer.o(i.insert_node_prev)
    i.insert_to_tail                         0x08003452   Section        0  smarttimer.o(i.insert_to_tail)
    insert_to_tail                           0x08003453   Thumb Code    36  smarttimer.o(i.insert_to_tail)
    i.isLeap                                 0x08003476   Section        0  main.o(i.isLeap)
    isLeap                                   0x08003477   Thumb Code    50  main.o(i.isLeap)
    i.main                                   0x080034a8   Section        0  main.o(i.main)
    i.malloc_event                           0x08003674   Section        0  smarttimer.o(i.malloc_event)
    malloc_event                             0x08003675   Thumb Code    56  smarttimer.o(i.malloc_event)
    i.push_event                             0x080036b0   Section        0  smarttimer.o(i.push_event)
    push_event                               0x080036b1   Thumb Code   112  smarttimer.o(i.push_event)
    i.recyle_event                           0x08003730   Section        0  smarttimer.o(i.recyle_event)
    recyle_event                             0x08003731   Thumb Code    36  smarttimer.o(i.recyle_event)
    i.remove_node                            0x0800375c   Section        0  smarttimer.o(i.remove_node)
    remove_node                              0x0800375d   Thumb Code    58  smarttimer.o(i.remove_node)
    i.remove_sysled                          0x08003798   Section        0  main.o(i.remove_sysled)
    remove_sysled                            0x08003799   Thumb Code    14  main.o(i.remove_sysled)
    i.runlater_test                          0x080037ac   Section        0  main.o(i.runlater_test)
    runlater_test                            0x080037ad   Thumb Code   126  main.o(i.runlater_test)
    i.set_timetick                           0x080038b8   Section        0  main.o(i.set_timetick)
    set_timetick                             0x080038b9   Thumb Code    88  main.o(i.set_timetick)
    i.simulation_rtc                         0x0800391c   Section        0  main.o(i.simulation_rtc)
    simulation_rtc                           0x0800391d   Thumb Code    64  main.o(i.simulation_rtc)
    i.stim_delay                             0x08003960   Section        0  smarttimer.o(i.stim_delay)
    i.stim_init                              0x08003988   Section        0  smarttimer.o(i.stim_init)
    i.stim_kill_event                        0x080039f8   Section        0  smarttimer.o(i.stim_kill_event)
    i.stim_loop                              0x08003a40   Section        0  smarttimer.o(i.stim_loop)
    i.stim_mainloop                          0x08003a64   Section        0  smarttimer.o(i.stim_mainloop)
    i.stim_runlater                          0x08003ad8   Section        0  smarttimer.o(i.stim_runlater)
    i.stim_tick                              0x08003af4   Section        0  smarttimer.o(i.stim_tick)
    i.sys_init                               0x08003bac   Section        0  main.o(i.sys_init)
    sys_init                                 0x08003bad   Thumb Code    70  main.o(i.sys_init)
    i.sys_ledflash                           0x08003c04   Section        0  main.o(i.sys_ledflash)
    sys_ledflash                             0x08003c05   Thumb Code    84  main.o(i.sys_ledflash)
    .constdata                               0x08003c90   Section       52  main.o(.constdata)
    __FUNCTION__                             0x08003ca4   Data          13  main.o(.constdata)
    __FUNCTION__                             0x08003cb1   Data          14  main.o(.constdata)
    __FUNCTION__                             0x08003cbf   Data           5  main.o(.constdata)
    .constdata                               0x08003cc4   Section      198  elog.o(.constdata)
    __FUNCTION__                             0x08003cc4   Data          11  elog.o(.constdata)
    __FUNCTION__                             0x08003ccf   Data          10  elog.o(.constdata)
    __FUNCTION__                             0x08003cd9   Data          24  elog.o(.constdata)
    __FUNCTION__                             0x08003cf1   Data          13  elog.o(.constdata)
    __FUNCTION__                             0x08003cfe   Data          16  elog.o(.constdata)
    __FUNCTION__                             0x08003d0e   Data          20  elog.o(.constdata)
    __FUNCTION__                             0x08003d22   Data          24  elog.o(.constdata)
    __FUNCTION__                             0x08003d3a   Data          24  elog.o(.constdata)
    __FUNCTION__                             0x08003d52   Data          12  elog.o(.constdata)
    __FUNCTION__                             0x08003d5e   Data          16  elog.o(.constdata)
    __FUNCTION__                             0x08003d6e   Data          14  elog.o(.constdata)
    __FUNCTION__                             0x08003d7c   Data          14  elog.o(.constdata)
    .constdata                               0x08003d8a   Section       35  elog_utils.o(.constdata)
    __FUNCTION__                             0x08003d8a   Data          12  elog_utils.o(.constdata)
    __FUNCTION__                             0x08003d96   Data          11  elog_utils.o(.constdata)
    __FUNCTION__                             0x08003da1   Data          12  elog_utils.o(.constdata)
    .constdata                               0x08003dad   Section       13  app_key.o(.constdata)
    __FUNCTION__                             0x08003dad   Data          13  app_key.o(.constdata)
    .constdata                               0x08003dba   Section        8  app_key_scan.o(.constdata)
    __FUNCTION__                             0x08003dba   Data           8  app_key_scan.o(.constdata)
    .constdata                               0x08003dc2   Section      129  ctype_o.o(.constdata)
    .constdata                               0x08003e44   Section        4  ctype_o.o(.constdata)
    table                                    0x08003e44   Data           4  ctype_o.o(.constdata)
    .conststring                             0x08003e48   Section       70  elog.o(.conststring)
    .conststring                             0x08003e90   Section       71  iqs7211e.o(.conststring)
    .data                                    0x20000000   Section       20  stm32f10x_rcc.o(.data)
    APBAHBPrescTable                         0x20000000   Data          16  stm32f10x_rcc.o(.data)
    ADCPrescTable                            0x20000010   Data           4  stm32f10x_rcc.o(.data)
    .data                                    0x20000014   Section       11  main.o(.data)
    sysled_id                                0x2000001c   Data           1  main.o(.data)
    syskey_id                                0x2000001d   Data           1  main.o(.data)
    flag                                     0x2000001e   Data           1  main.o(.data)
    .data                                    0x20000020   Section       20  system_stm32f10x.o(.data)
    .data                                    0x20000034   Section        8  bsp_uart.o(.data)
    .data                                    0x2000003c   Section       52  elog.o(.data)
    level_output_info                        0x2000003c   Data          24  elog.o(.data)
    color_output_info                        0x20000054   Data          24  elog.o(.data)
    .data                                    0x20000070   Section       26  app_key_scan.o(.data)
    KeyStartTime                             0x20000078   Data           4  app_key_scan.o(.data)
    TrigFlag                                 0x2000007c   Data           1  app_key_scan.o(.data)
    PreKeyVal                                0x2000007d   Data           1  app_key_scan.o(.data)
    WaitKeyUp                                0x2000007e   Data           1  app_key_scan.o(.data)
    ClickStartTime                           0x20000080   Data           4  app_key_scan.o(.data)
    LastClickTime                            0x20000084   Data           4  app_key_scan.o(.data)
    DoubleClickFlag                          0x20000088   Data           1  app_key_scan.o(.data)
    ClickFlag                                0x20000089   Data           1  app_key_scan.o(.data)
    .data                                    0x2000008c   Section        4  app_timer.o(.data)
    .data                                    0x20000090   Section        4  smarttimer.o(.data)
    current_tick                             0x20000090   Data           4  smarttimer.o(.data)
    .data                                    0x20000094   Section        1  iqs7211e.o(.data)
    Finger_Amount                            0x20000094   Data           1  iqs7211e.o(.data)
    .data                                    0x20000098   Section        4  errno.o(.data)
    _errno                                   0x20000098   Data           4  errno.o(.data)
    .bss                                     0x2000009c   Section     1272  elog.o(.bss)
    elog                                     0x2000009c   Data         248  elog.o(.bss)
    log_buf                                  0x20000194   Data        1024  elog.o(.bss)
    .bss                                     0x20000594   Section      620  smarttimer.o(.bss)
    event_pool                               0x20000594   Data         480  smarttimer.o(.bss)
    list_manager                             0x20000774   Data          28  smarttimer.o(.bss)
    recycle_list                             0x20000790   Data          12  smarttimer.o(.bss)
    callback_list                            0x2000079c   Data          80  smarttimer.o(.bss)
    mark_list                                0x200007ec   Data          20  smarttimer.o(.bss)
    STACK                                    0x20000800   Section     1024  startup_stm32f10x_hd.o(STACK)

    Global Symbols

    Symbol Name                              Value     Ov Type        Size  Object(Section)

    BuildAttributes$$THM_ISAv4$P$D$K$B$S$PE$A:L22UL41UL21$X:L11$S22US41US21$IEEE1$IW$USESV6$~STKCKD$USESV7$~SHL$OSPACE$ROPI$EBA8$MICROLIB$REQ8$PRES8$EABIv2 0x00000000   Number         0  anon$$obj.o ABSOLUTE
    __ARM_use_no_argv                        0x00000000   Number         0  main.o ABSOLUTE
    __use_no_errno                           0x00000000   Number         0  useno.o ABSOLUTE
    __use_no_exception_handling              0x00000000   Number         0  useno.o ABSOLUTE
    __use_no_fp                              0x00000000   Number         0  useno.o ABSOLUTE
    __use_no_heap                            0x00000000   Number         0  useno.o ABSOLUTE
    __use_no_heap_region                     0x00000000   Number         0  useno.o ABSOLUTE
    __use_no_semihosting                     0x00000000   Number         0  useno.o ABSOLUTE
    __use_no_semihosting_swi                 0x00000000   Number         0  useno.o ABSOLUTE
    __use_no_signal_handling                 0x00000000   Number         0  useno.o ABSOLUTE
    _printf_a                                0x00000000   Number         0  stubs.o ABSOLUTE
    _printf_c                                0x00000000   Number         0  stubs.o ABSOLUTE
    _printf_charcount                        0x00000000   Number         0  stubs.o ABSOLUTE
    _printf_d                                0x00000000   Number         0  stubs.o ABSOLUTE
    _printf_e                                0x00000000   Number         0  stubs.o ABSOLUTE
    _printf_f                                0x00000000   Number         0  stubs.o ABSOLUTE
    _printf_flags                            0x00000000   Number         0  stubs.o ABSOLUTE
    _printf_fp_dec                           0x00000000   Number         0  stubs.o ABSOLUTE
    _printf_fp_hex                           0x00000000   Number         0  stubs.o ABSOLUTE
    _printf_g                                0x00000000   Number         0  stubs.o ABSOLUTE
    _printf_i                                0x00000000   Number         0  stubs.o ABSOLUTE
    _printf_int_dec                          0x00000000   Number         0  stubs.o ABSOLUTE
    _printf_l                                0x00000000   Number         0  stubs.o ABSOLUTE
    _printf_lc                               0x00000000   Number         0  stubs.o ABSOLUTE
    _printf_ll                               0x00000000   Number         0  stubs.o ABSOLUTE
    _printf_lld                              0x00000000   Number         0  stubs.o ABSOLUTE
    _printf_lli                              0x00000000   Number         0  stubs.o ABSOLUTE
    _printf_llo                              0x00000000   Number         0  stubs.o ABSOLUTE
    _printf_llu                              0x00000000   Number         0  stubs.o ABSOLUTE
    _printf_llx                              0x00000000   Number         0  stubs.o ABSOLUTE
    _printf_longlong_dec                     0x00000000   Number         0  stubs.o ABSOLUTE
    _printf_longlong_hex                     0x00000000   Number         0  stubs.o ABSOLUTE
    _printf_longlong_oct                     0x00000000   Number         0  stubs.o ABSOLUTE
    _printf_ls                               0x00000000   Number         0  stubs.o ABSOLUTE
    _printf_mbtowc                           0x00000000   Number         0  stubs.o ABSOLUTE
    _printf_n                                0x00000000   Number         0  stubs.o ABSOLUTE
    _printf_o                                0x00000000   Number         0  stubs.o ABSOLUTE
    _printf_p                                0x00000000   Number         0  stubs.o ABSOLUTE
    _printf_percent                          0x00000000   Number         0  stubs.o ABSOLUTE
    _printf_pre_padding                      0x00000000   Number         0  stubs.o ABSOLUTE
    _printf_return_value                     0x00000000   Number         0  stubs.o ABSOLUTE
    _printf_s                                0x00000000   Number         0  stubs.o ABSOLUTE
    _printf_sizespec                         0x00000000   Number         0  stubs.o ABSOLUTE
    _printf_str                              0x00000000   Number         0  stubs.o ABSOLUTE
    _printf_truncate_signed                  0x00000000   Number         0  stubs.o ABSOLUTE
    _printf_truncate_unsigned                0x00000000   Number         0  stubs.o ABSOLUTE
    _printf_u                                0x00000000   Number         0  stubs.o ABSOLUTE
    _printf_wc                               0x00000000   Number         0  stubs.o ABSOLUTE
    _printf_wctomb                           0x00000000   Number         0  stubs.o ABSOLUTE
    _printf_widthprec                        0x00000000   Number         0  stubs.o ABSOLUTE
    _printf_x                                0x00000000   Number         0  stubs.o ABSOLUTE
    __arm_fini_                               - Undefined Weak Reference
    __cpp_initialize__aeabi_                  - Undefined Weak Reference
    __cxa_finalize                            - Undefined Weak Reference
    __decompress                              - Undefined Weak Reference
    _clock_init                               - Undefined Weak Reference
    _microlib_exit                            - Undefined Weak Reference
    __Vectors_Size                           0x00000130   Number         0  startup_stm32f10x_hd.o ABSOLUTE
    __Vectors                                0x08000000   Data           4  startup_stm32f10x_hd.o(RESET)
    __Vectors_End                            0x08000130   Data           0  startup_stm32f10x_hd.o(RESET)
    __main                                   0x08000131   Thumb Code     0  entry.o(.ARM.Collect$$$$00000000)
    _main_stk                                0x08000131   Thumb Code     0  entry2.o(.ARM.Collect$$$$00000001)
    _main_scatterload                        0x08000135   Thumb Code     0  entry5.o(.ARM.Collect$$$$00000004)
    __main_after_scatterload                 0x08000139   Thumb Code     0  entry5.o(.ARM.Collect$$$$00000004)
    _main_clock                              0x08000139   Thumb Code     0  entry7b.o(.ARM.Collect$$$$00000008)
    _main_cpp_init                           0x08000139   Thumb Code     0  entry8b.o(.ARM.Collect$$$$0000000A)
    _main_init                               0x08000139   Thumb Code     0  entry9a.o(.ARM.Collect$$$$0000000B)
    __rt_lib_shutdown_fini                   0x08000141   Thumb Code     0  entry12b.o(.ARM.Collect$$$$0000000E)
    __rt_final_cpp                           0x08000145   Thumb Code     0  entry10a.o(.ARM.Collect$$$$0000000F)
    __rt_final_exit                          0x08000145   Thumb Code     0  entry11a.o(.ARM.Collect$$$$00000011)
    Reset_Handler                            0x08000149   Thumb Code     8  startup_stm32f10x_hd.o(.text)
    ADC1_2_IRQHandler                        0x08000163   Thumb Code     0  startup_stm32f10x_hd.o(.text)
    ADC3_IRQHandler                          0x08000163   Thumb Code     0  startup_stm32f10x_hd.o(.text)
    CAN1_RX1_IRQHandler                      0x08000163   Thumb Code     0  startup_stm32f10x_hd.o(.text)
    CAN1_SCE_IRQHandler                      0x08000163   Thumb Code     0  startup_stm32f10x_hd.o(.text)
    DMA1_Channel1_IRQHandler                 0x08000163   Thumb Code     0  startup_stm32f10x_hd.o(.text)
    DMA1_Channel2_IRQHandler                 0x08000163   Thumb Code     0  startup_stm32f10x_hd.o(.text)
    DMA1_Channel3_IRQHandler                 0x08000163   Thumb Code     0  startup_stm32f10x_hd.o(.text)
    DMA1_Channel4_IRQHandler                 0x08000163   Thumb Code     0  startup_stm32f10x_hd.o(.text)
    DMA1_Channel5_IRQHandler                 0x08000163   Thumb Code     0  startup_stm32f10x_hd.o(.text)
    DMA1_Channel6_IRQHandler                 0x08000163   Thumb Code     0  startup_stm32f10x_hd.o(.text)
    DMA1_Channel7_IRQHandler                 0x08000163   Thumb Code     0  startup_stm32f10x_hd.o(.text)
    DMA2_Channel1_IRQHandler                 0x08000163   Thumb Code     0  startup_stm32f10x_hd.o(.text)
    DMA2_Channel2_IRQHandler                 0x08000163   Thumb Code     0  startup_stm32f10x_hd.o(.text)
    DMA2_Channel3_IRQHandler                 0x08000163   Thumb Code     0  startup_stm32f10x_hd.o(.text)
    DMA2_Channel4_5_IRQHandler               0x08000163   Thumb Code     0  startup_stm32f10x_hd.o(.text)
    EXTI15_10_IRQHandler                     0x08000163   Thumb Code     0  startup_stm32f10x_hd.o(.text)
    EXTI1_IRQHandler                         0x08000163   Thumb Code     0  startup_stm32f10x_hd.o(.text)
    EXTI2_IRQHandler                         0x08000163   Thumb Code     0  startup_stm32f10x_hd.o(.text)
    EXTI3_IRQHandler                         0x08000163   Thumb Code     0  startup_stm32f10x_hd.o(.text)
    EXTI4_IRQHandler                         0x08000163   Thumb Code     0  startup_stm32f10x_hd.o(.text)
    EXTI9_5_IRQHandler                       0x08000163   Thumb Code     0  startup_stm32f10x_hd.o(.text)
    FLASH_IRQHandler                         0x08000163   Thumb Code     0  startup_stm32f10x_hd.o(.text)
    FSMC_IRQHandler                          0x08000163   Thumb Code     0  startup_stm32f10x_hd.o(.text)
    I2C1_ER_IRQHandler                       0x08000163   Thumb Code     0  startup_stm32f10x_hd.o(.text)
    I2C1_EV_IRQHandler                       0x08000163   Thumb Code     0  startup_stm32f10x_hd.o(.text)
    I2C2_ER_IRQHandler                       0x08000163   Thumb Code     0  startup_stm32f10x_hd.o(.text)
    I2C2_EV_IRQHandler                       0x08000163   Thumb Code     0  startup_stm32f10x_hd.o(.text)
    PVD_IRQHandler                           0x08000163   Thumb Code     0  startup_stm32f10x_hd.o(.text)
    RCC_IRQHandler                           0x08000163   Thumb Code     0  startup_stm32f10x_hd.o(.text)
    RTCAlarm_IRQHandler                      0x08000163   Thumb Code     0  startup_stm32f10x_hd.o(.text)
    RTC_IRQHandler                           0x08000163   Thumb Code     0  startup_stm32f10x_hd.o(.text)
    SDIO_IRQHandler                          0x08000163   Thumb Code     0  startup_stm32f10x_hd.o(.text)
    SPI1_IRQHandler                          0x08000163   Thumb Code     0  startup_stm32f10x_hd.o(.text)
    SPI2_IRQHandler                          0x08000163   Thumb Code     0  startup_stm32f10x_hd.o(.text)
    SPI3_IRQHandler                          0x08000163   Thumb Code     0  startup_stm32f10x_hd.o(.text)
    TAMPER_IRQHandler                        0x08000163   Thumb Code     0  startup_stm32f10x_hd.o(.text)
    TIM1_BRK_IRQHandler                      0x08000163   Thumb Code     0  startup_stm32f10x_hd.o(.text)
    TIM1_CC_IRQHandler                       0x08000163   Thumb Code     0  startup_stm32f10x_hd.o(.text)
    TIM1_TRG_COM_IRQHandler                  0x08000163   Thumb Code     0  startup_stm32f10x_hd.o(.text)
    TIM1_UP_IRQHandler                       0x08000163   Thumb Code     0  startup_stm32f10x_hd.o(.text)
    TIM3_IRQHandler                          0x08000163   Thumb Code     0  startup_stm32f10x_hd.o(.text)
    TIM4_IRQHandler                          0x08000163   Thumb Code     0  startup_stm32f10x_hd.o(.text)
    TIM5_IRQHandler                          0x08000163   Thumb Code     0  startup_stm32f10x_hd.o(.text)
    TIM6_IRQHandler                          0x08000163   Thumb Code     0  startup_stm32f10x_hd.o(.text)
    TIM7_IRQHandler                          0x08000163   Thumb Code     0  startup_stm32f10x_hd.o(.text)
    TIM8_BRK_IRQHandler                      0x08000163   Thumb Code     0  startup_stm32f10x_hd.o(.text)
    TIM8_CC_IRQHandler                       0x08000163   Thumb Code     0  startup_stm32f10x_hd.o(.text)
    TIM8_TRG_COM_IRQHandler                  0x08000163   Thumb Code     0  startup_stm32f10x_hd.o(.text)
    TIM8_UP_IRQHandler                       0x08000163   Thumb Code     0  startup_stm32f10x_hd.o(.text)
    UART4_IRQHandler                         0x08000163   Thumb Code     0  startup_stm32f10x_hd.o(.text)
    UART5_IRQHandler                         0x08000163   Thumb Code     0  startup_stm32f10x_hd.o(.text)
    USART1_IRQHandler                        0x08000163   Thumb Code     0  startup_stm32f10x_hd.o(.text)
    USART2_IRQHandler                        0x08000163   Thumb Code     0  startup_stm32f10x_hd.o(.text)
    USART3_IRQHandler                        0x08000163   Thumb Code     0  startup_stm32f10x_hd.o(.text)
    USBWakeUp_IRQHandler                     0x08000163   Thumb Code     0  startup_stm32f10x_hd.o(.text)
    USB_HP_CAN1_TX_IRQHandler                0x08000163   Thumb Code     0  startup_stm32f10x_hd.o(.text)
    USB_LP_CAN1_RX0_IRQHandler               0x08000163   Thumb Code     0  startup_stm32f10x_hd.o(.text)
    WWDG_IRQHandler                          0x08000163   Thumb Code     0  startup_stm32f10x_hd.o(.text)
    __aeabi_memset                           0x0800016d   Thumb Code    14  memseta.o(.text)
    __aeabi_memset4                          0x0800016d   Thumb Code     0  memseta.o(.text)
    __aeabi_memset8                          0x0800016d   Thumb Code     0  memseta.o(.text)
    __aeabi_memclr                           0x0800017b   Thumb Code     4  memseta.o(.text)
    __aeabi_memclr4                          0x0800017b   Thumb Code     0  memseta.o(.text)
    __aeabi_memclr8                          0x0800017b   Thumb Code     0  memseta.o(.text)
    _memset$wrapper                          0x0800017f   Thumb Code    18  memseta.o(.text)
    strstr                                   0x08000191   Thumb Code    36  strstr.o(.text)
    strlen                                   0x080001b5   Thumb Code    14  strlen.o(.text)
    strncmp                                  0x080001c3   Thumb Code    30  strncmp.o(.text)
    atoi                                     0x080001e1   Thumb Code    26  atoi.o(.text)
    __aeabi_uidiv                            0x080001fb   Thumb Code     0  uidiv.o(.text)
    __aeabi_uidivmod                         0x080001fb   Thumb Code    44  uidiv.o(.text)
    __aeabi_uldivmod                         0x08000227   Thumb Code    98  uldiv.o(.text)
    strtol                                   0x08000289   Thumb Code   112  strtol.o(.text)
    __I$use$fp                               0x080002f9   Thumb Code     0  iusefp.o(.text)
    __aeabi_dadd                             0x080002f9   Thumb Code   322  dadd.o(.text)
    __aeabi_dsub                             0x0800043b   Thumb Code     6  dadd.o(.text)
    __aeabi_drsub                            0x08000441   Thumb Code     6  dadd.o(.text)
    __aeabi_dmul                             0x08000447   Thumb Code   228  dmul.o(.text)
    __aeabi_ddiv                             0x0800052b   Thumb Code   222  ddiv.o(.text)
    __aeabi_d2ulz                            0x08000609   Thumb Code    48  dfixul.o(.text)
    __aeabi_cdrcmple                         0x08000639   Thumb Code    48  cdrcmple.o(.text)
    __scatterload                            0x08000669   Thumb Code    28  init.o(.text)
    __scatterload_rt2                        0x08000669   Thumb Code     0  init.o(.text)
    __aeabi_llsl                             0x0800068d   Thumb Code    30  llshl.o(.text)
    _ll_shift_l                              0x0800068d   Thumb Code     0  llshl.o(.text)
    __aeabi_llsr                             0x080006ab   Thumb Code    32  llushr.o(.text)
    _ll_ushift_r                             0x080006ab   Thumb Code     0  llushr.o(.text)
    __aeabi_lasr                             0x080006cb   Thumb Code    36  llsshr.o(.text)
    _ll_sshift_r                             0x080006cb   Thumb Code     0  llsshr.o(.text)
    __rt_ctype_table                         0x080006f1   Thumb Code     4  ctype_o.o(.text)
    _strtoul                                 0x080006f9   Thumb Code   158  _strtoul.o(.text)
    _double_round                            0x08000797   Thumb Code    30  depilogue.o(.text)
    _double_epilogue                         0x080007b5   Thumb Code   156  depilogue.o(.text)
    _chval                                   0x08000851   Thumb Code    28  _chval.o(.text)
    ANA_I2C_Start                            0x0800086d   Thumb Code    62  bsp_iic.o(i.ANA_I2C_Start)
    ANA_I2C_Stop                             0x080008b9   Thumb Code    54  bsp_iic.o(i.ANA_I2C_Stop)
    ANA_IIC_Ack                              0x080008fd   Thumb Code    62  bsp_iic.o(i.ANA_IIC_Ack)
    ANA_IIC_Delay                            0x08000949   Thumb Code    14  bsp_iic.o(i.ANA_IIC_Delay)
    ANA_IIC_NAck                             0x0800095d   Thumb Code    62  bsp_iic.o(i.ANA_IIC_NAck)
    ANA_IIC_Read_Byte                        0x080009a9   Thumb Code    94  bsp_iic.o(i.ANA_IIC_Read_Byte)
    ANA_IIC_Send_Byte                        0x08000a15   Thumb Code    80  bsp_iic.o(i.ANA_IIC_Send_Byte)
    ANA_IIC_Wait_Ack                         0x08000a71   Thumb Code    86  bsp_iic.o(i.ANA_IIC_Wait_Ack)
    BusFault_Handler                         0x08000ad5   Thumb Code     4  stm32f10x_it.o(i.BusFault_Handler)
    DebugMon_Handler                         0x08000ad9   Thumb Code     2  stm32f10x_it.o(i.DebugMon_Handler)
    EXTI0_IRQHandler                         0x08000add   Thumb Code    34  iqs7211e.o(i.EXTI0_IRQHandler)
    EXTI_ClearITPendingBit                   0x08000b09   Thumb Code     6  stm32f10x_exti.o(i.EXTI_ClearITPendingBit)
    Easylogger_Init                          0x08000b15   Thumb Code    66  app_log.o(i.Easylogger_Init)
    GPIO_Init                                0x08000b57   Thumb Code   278  stm32f10x_gpio.o(i.GPIO_Init)
    GPIO_ReadInputDataBit                    0x08000c6d   Thumb Code    18  stm32f10x_gpio.o(i.GPIO_ReadInputDataBit)
    GPIO_ResetBits                           0x08000c7f   Thumb Code     4  stm32f10x_gpio.o(i.GPIO_ResetBits)
    GPIO_SetBits                             0x08000c83   Thumb Code     4  stm32f10x_gpio.o(i.GPIO_SetBits)
    GetSysTickVal                            0x08000c89   Thumb Code     6  app_timer.o(i.GetSysTickVal)
    HardFault_Handler                        0x08000c95   Thumb Code     4  stm32f10x_it.o(i.HardFault_Handler)
    IQS7211E_Init                            0x08000c99   Thumb Code  1234  iqs7211e.o(i.IQS7211E_Init)
    IQS7211E_Read_Byte                       0x0800116b   Thumb Code    58  iqs7211e.o(i.IQS7211E_Read_Byte)
    IQS7211E_Read_Len                        0x080011a5   Thumb Code   106  iqs7211e.o(i.IQS7211E_Read_Len)
    IQS7211E_Stop_Bit_Disabled               0x0800120f   Thumb Code    22  iqs7211e.o(i.IQS7211E_Stop_Bit_Disabled)
    IQS7211E_Stop_I2C_Comm_Window            0x08001225   Thumb Code    22  iqs7211e.o(i.IQS7211E_Stop_I2C_Comm_Window)
    IQS7211E_Write_Byte                      0x0800123b   Thumb Code    70  iqs7211e.o(i.IQS7211E_Write_Byte)
    IQS7211E_Write_Len                       0x08001281   Thumb Code    88  iqs7211e.o(i.IQS7211E_Write_Len)
    KeyScan                                  0x080012d9   Thumb Code   382  app_key_scan.o(i.KeyScan)
    MemManage_Handler                        0x0800150d   Thumb Code     4  stm32f10x_it.o(i.MemManage_Handler)
    NMI_Handler                              0x08001511   Thumb Code     2  stm32f10x_it.o(i.NMI_Handler)
    NVIC_PriorityGroupConfig                 0x08001515   Thumb Code    10  misc.o(i.NVIC_PriorityGroupConfig)
    PendSV_Handler                           0x08001529   Thumb Code     2  stm32f10x_it.o(i.PendSV_Handler)
    Process_IQS7211E_Events                  0x0800152d   Thumb Code   476  iqs7211e.o(i.Process_IQS7211E_Events)
    RCC_APB2PeriphClockCmd                   0x080018a5   Thumb Code    26  stm32f10x_rcc.o(i.RCC_APB2PeriphClockCmd)
    RCC_GetClocksFreq                        0x080018c5   Thumb Code   192  stm32f10x_rcc.o(i.RCC_GetClocksFreq)
    RCC_HCLKConfig                           0x08001999   Thumb Code    18  stm32f10x_rcc.o(i.RCC_HCLKConfig)
    RCC_PCLK1Config                          0x080019b1   Thumb Code    18  stm32f10x_rcc.o(i.RCC_PCLK1Config)
    RCC_PCLK2Config                          0x080019c9   Thumb Code    20  stm32f10x_rcc.o(i.RCC_PCLK2Config)
    SVC_Handler                              0x080019e1   Thumb Code     2  stm32f10x_it.o(i.SVC_Handler)
    SysTick_CLKSourceConfig                  0x08001acd   Thumb Code    40  misc.o(i.SysTick_CLKSourceConfig)
    SysTick_Handler                          0x08001af5   Thumb Code    18  app_timer.o(i.SysTick_Handler)
    SystemInit                               0x08001b0d   Thumb Code    78  system_stm32f10x.o(i.SystemInit)
    SystemTickConfig                         0x08001b6d   Thumb Code    70  app_timer.o(i.SystemTickConfig)
    TIM2_IRQHandler                          0x08001bb9   Thumb Code    26  app_timer.o(i.TIM2_IRQHandler)
    TIM_ClearITPendingBit                    0x08001bd3   Thumb Code     6  stm32f10x_tim.o(i.TIM_ClearITPendingBit)
    TIM_GetITStatus                          0x08001bd9   Thumb Code    34  stm32f10x_tim.o(i.TIM_GetITStatus)
    USART1_Configuration                     0x08001bfd   Thumb Code   124  bsp_uart.o(i.USART1_Configuration)
    USART_Cmd                                0x08001c81   Thumb Code    24  stm32f10x_usart.o(i.USART_Cmd)
    USART_Init                               0x08001c99   Thumb Code   210  stm32f10x_usart.o(i.USART_Init)
    UsageFault_Handler                       0x08001d71   Thumb Code     4  stm32f10x_it.o(i.UsageFault_Handler)
    __0printf                                0x08001d75   Thumb Code    22  printfa.o(i.__0printf)
    __1printf                                0x08001d75   Thumb Code     0  printfa.o(i.__0printf)
    __2printf                                0x08001d75   Thumb Code     0  printfa.o(i.__0printf)
    __c89printf                              0x08001d75   Thumb Code     0  printfa.o(i.__0printf)
    printf                                   0x08001d75   Thumb Code     0  printfa.o(i.__0printf)
    __0snprintf                              0x08001d95   Thumb Code    48  printfa.o(i.__0snprintf)
    __1snprintf                              0x08001d95   Thumb Code     0  printfa.o(i.__0snprintf)
    __2snprintf                              0x08001d95   Thumb Code     0  printfa.o(i.__0snprintf)
    __c89snprintf                            0x08001d95   Thumb Code     0  printfa.o(i.__0snprintf)
    snprintf                                 0x08001d95   Thumb Code     0  printfa.o(i.__0snprintf)
    __0vsnprintf                             0x08001dc9   Thumb Code    46  printfa.o(i.__0vsnprintf)
    __1vsnprintf                             0x08001dc9   Thumb Code     0  printfa.o(i.__0vsnprintf)
    __2vsnprintf                             0x08001dc9   Thumb Code     0  printfa.o(i.__0vsnprintf)
    __c89vsnprintf                           0x08001dc9   Thumb Code     0  printfa.o(i.__0vsnprintf)
    vsnprintf                                0x08001dc9   Thumb Code     0  printfa.o(i.__0vsnprintf)
    __aeabi_errno_addr                       0x08001dfd   Thumb Code     4  errno.o(i.__aeabi_errno_addr)
    __rt_errno_addr                          0x08001dfd   Thumb Code     0  errno.o(i.__aeabi_errno_addr)
    __scatterload_copy                       0x08001e05   Thumb Code    14  handlers.o(i.__scatterload_copy)
    __scatterload_null                       0x08001e13   Thumb Code     2  handlers.o(i.__scatterload_null)
    __scatterload_zeroinit                   0x08001e15   Thumb Code    14  handlers.o(i.__scatterload_zeroinit)
    app_Key_Init                             0x080026c5   Thumb Code   132  app_key.o(i.app_Key_Init)
    delay_ms                                 0x080027ed   Thumb Code    78  bsp_delay.o(i.delay_ms)
    delay_us                                 0x0800283d   Thumb Code    76  bsp_delay.o(i.delay_us)
    elog_get_filter_tag_lvl                  0x0800288d   Thumb Code   162  elog.o(i.elog_get_filter_tag_lvl)
    elog_init                                0x08002991   Thumb Code    76  elog.o(i.elog_init)
    elog_output                              0x080029e1   Thumb Code   818  elog.o(i.elog_output)
    elog_output_lock                         0x08002db5   Thumb Code    34  elog.o(i.elog_output_lock)
    elog_output_lock_enabled                 0x08002ddd   Thumb Code    60  elog.o(i.elog_output_lock_enabled)
    elog_output_unlock                       0x08002e1d   Thumb Code    34  elog.o(i.elog_output_unlock)
    elog_port_get_p_info                     0x08002e45   Thumb Code     4  elog_port.o(i.elog_port_get_p_info)
    elog_port_get_t_info                     0x08002e4d   Thumb Code     4  elog_port.o(i.elog_port_get_t_info)
    elog_port_get_time                       0x08002e55   Thumb Code     4  elog_port.o(i.elog_port_get_time)
    elog_port_init                           0x08002e5d   Thumb Code     4  elog_port.o(i.elog_port_init)
    elog_port_output                         0x08002e61   Thumb Code    18  elog_port.o(i.elog_port_output)
    elog_port_output_lock                    0x08002e7d   Thumb Code     2  elog_port.o(i.elog_port_output_lock)
    elog_port_output_unlock                  0x08002e7f   Thumb Code     2  elog_port.o(i.elog_port_output_unlock)
    elog_set_filter_lvl                      0x08002e81   Thumb Code    74  elog.o(i.elog_set_filter_lvl)
    elog_set_fmt                             0x08002f71   Thumb Code    78  elog.o(i.elog_set_fmt)
    elog_set_output_enabled                  0x08003029   Thumb Code    82  elog.o(i.elog_set_output_enabled)
    elog_set_text_color_enabled              0x080030f1   Thumb Code     8  elog.o(i.elog_set_text_color_enabled)
    elog_start                               0x080030fd   Thumb Code    46  elog.o(i.elog_start)
    elog_strcpy                              0x08003181   Thumb Code   162  elog_utils.o(i.elog_strcpy)
    fputc                                    0x0800329d   Thumb Code    24  bsp_uart.o(i.fputc)
    main                                     0x080034a9   Thumb Code   218  main.o(i.main)
    stim_delay                               0x08003961   Thumb Code    34  smarttimer.o(i.stim_delay)
    stim_init                                0x08003989   Thumb Code    88  smarttimer.o(i.stim_init)
    stim_kill_event                          0x080039f9   Thumb Code    66  smarttimer.o(i.stim_kill_event)
    stim_loop                                0x08003a41   Thumb Code    34  smarttimer.o(i.stim_loop)
    stim_mainloop                            0x08003a65   Thumb Code   104  smarttimer.o(i.stim_mainloop)
    stim_runlater                            0x08003ad9   Thumb Code    28  smarttimer.o(i.stim_runlater)
    stim_tick                                0x08003af5   Thumb Code   170  smarttimer.o(i.stim_tick)
    datestr                                  0x08003c90   Data          20  main.o(.constdata)
    __ctype_table                            0x08003dc2   Data         129  ctype_o.o(.constdata)
    Region$$Table$$Base                      0x08003ed8   Number         0  anon$$obj.o(Region$$Table)
    Region$$Table$$Limit                     0x08003ef8   Number         0  anon$$obj.o(Region$$Table)
    m_date                                   0x20000014   Data           8  main.o(.data)
    SystemCoreClock                          0x20000020   Data           4  system_stm32f10x.o(.data)
    AHBPrescTable                            0x20000024   Data          16  system_stm32f10x.o(.data)
    USART_RX_STA                             0x20000034   Data           2  bsp_uart.o(.data)
    __stdout                                 0x20000038   Data           4  bsp_uart.o(.data)
    elog_assert_hook                         0x2000006c   Data           4  elog.o(.data)
    KeyVal                                   0x20000070   Data           4  app_key_scan.o(.data)
    KeyFunc                                  0x20000074   Data           2  app_key_scan.o(.data)
    uwTick                                   0x2000008c   Data           4  app_timer.o(.data)
    __initial_sp                             0x20000c00   Data           0  startup_stm32f10x_hd.o(STACK)



==============================================================================

Memory Map of the image

  Image Entry point : 0x08000131

  Load Region LR_IROM1 (Base: 0x08000000, Size: 0x00003f94, Max: 0x00080000, ABSOLUTE)

    Execution Region ER_IROM1 (Exec base: 0x08000000, Load base: 0x08000000, Size: 0x00003ef8, Max: 0x00080000, ABSOLUTE)

    Exec Addr    Load Addr    Size         Type   Attr      Idx    E Section Name        Object

    0x08000000   0x08000000   0x00000130   Data   RO           19    RESET               startup_stm32f10x_hd.o
    0x08000130   0x08000130   0x00000000   Code   RO         4021  * .ARM.Collect$$$$00000000  mc_w.l(entry.o)
    0x08000130   0x08000130   0x00000004   Code   RO         4299    .ARM.Collect$$$$00000001  mc_w.l(entry2.o)
    0x08000134   0x08000134   0x00000004   Code   RO         4302    .ARM.Collect$$$$00000004  mc_w.l(entry5.o)
    0x08000138   0x08000138   0x00000000   Code   RO         4304    .ARM.Collect$$$$00000008  mc_w.l(entry7b.o)
    0x08000138   0x08000138   0x00000000   Code   RO         4306    .ARM.Collect$$$$0000000A  mc_w.l(entry8b.o)
    0x08000138   0x08000138   0x00000008   Code   RO         4307    .ARM.Collect$$$$0000000B  mc_w.l(entry9a.o)
    0x08000140   0x08000140   0x00000004   Code   RO         4314    .ARM.Collect$$$$0000000E  mc_w.l(entry12b.o)
    0x08000144   0x08000144   0x00000000   Code   RO         4309    .ARM.Collect$$$$0000000F  mc_w.l(entry10a.o)
    0x08000144   0x08000144   0x00000000   Code   RO         4311    .ARM.Collect$$$$00000011  mc_w.l(entry11a.o)
    0x08000144   0x08000144   0x00000004   Code   RO         4300    .ARM.Collect$$$$00002712  mc_w.l(entry2.o)
    0x08000148   0x08000148   0x00000024   Code   RO           20    .text               startup_stm32f10x_hd.o
    0x0800016c   0x0800016c   0x00000024   Code   RO         4024    .text               mc_w.l(memseta.o)
    0x08000190   0x08000190   0x00000024   Code   RO         4026    .text               mc_w.l(strstr.o)
    0x080001b4   0x080001b4   0x0000000e   Code   RO         4030    .text               mc_w.l(strlen.o)
    0x080001c2   0x080001c2   0x0000001e   Code   RO         4034    .text               mc_w.l(strncmp.o)
    0x080001e0   0x080001e0   0x0000001a   Code   RO         4297    .text               mc_w.l(atoi.o)
    0x080001fa   0x080001fa   0x0000002c   Code   RO         4315    .text               mc_w.l(uidiv.o)
    0x08000226   0x08000226   0x00000062   Code   RO         4317    .text               mc_w.l(uldiv.o)
    0x08000288   0x08000288   0x00000070   Code   RO         4326    .text               mc_w.l(strtol.o)
    0x080002f8   0x080002f8   0x00000000   Code   RO         4328    .text               mc_w.l(iusefp.o)
    0x080002f8   0x080002f8   0x0000014e   Code   RO         4329    .text               mf_w.l(dadd.o)
    0x08000446   0x08000446   0x000000e4   Code   RO         4331    .text               mf_w.l(dmul.o)
    0x0800052a   0x0800052a   0x000000de   Code   RO         4333    .text               mf_w.l(ddiv.o)
    0x08000608   0x08000608   0x00000030   Code   RO         4335    .text               mf_w.l(dfixul.o)
    0x08000638   0x08000638   0x00000030   Code   RO         4337    .text               mf_w.l(cdrcmple.o)
    0x08000668   0x08000668   0x00000024   Code   RO         4339    .text               mc_w.l(init.o)
    0x0800068c   0x0800068c   0x0000001e   Code   RO         4341    .text               mc_w.l(llshl.o)
    0x080006aa   0x080006aa   0x00000020   Code   RO         4343    .text               mc_w.l(llushr.o)
    0x080006ca   0x080006ca   0x00000024   Code   RO         4345    .text               mc_w.l(llsshr.o)
    0x080006ee   0x080006ee   0x00000002   PAD
    0x080006f0   0x080006f0   0x00000008   Code   RO         4347    .text               mc_w.l(ctype_o.o)
    0x080006f8   0x080006f8   0x0000009e   Code   RO         4375    .text               mc_w.l(_strtoul.o)
    0x08000796   0x08000796   0x000000ba   Code   RO         4377    .text               mf_w.l(depilogue.o)
    0x08000850   0x08000850   0x0000001c   Code   RO         4379    .text               mc_w.l(_chval.o)
    0x0800086c   0x0800086c   0x0000004c   Code   RO         3958    i.ANA_I2C_Start     bsp_iic.o
    0x080008b8   0x080008b8   0x00000044   Code   RO         3959    i.ANA_I2C_Stop      bsp_iic.o
    0x080008fc   0x080008fc   0x0000004c   Code   RO         3960    i.ANA_IIC_Ack       bsp_iic.o
    0x08000948   0x08000948   0x00000014   Code   RO         3961    i.ANA_IIC_Delay     bsp_iic.o
    0x0800095c   0x0800095c   0x0000004c   Code   RO         3963    i.ANA_IIC_NAck      bsp_iic.o
    0x080009a8   0x080009a8   0x0000006c   Code   RO         3964    i.ANA_IIC_Read_Byte  bsp_iic.o
    0x08000a14   0x08000a14   0x0000005c   Code   RO         3965    i.ANA_IIC_Send_Byte  bsp_iic.o
    0x08000a70   0x08000a70   0x00000064   Code   RO         3966    i.ANA_IIC_Wait_Ack  bsp_iic.o
    0x08000ad4   0x08000ad4   0x00000004   Code   RO         3219    i.BusFault_Handler  stm32f10x_it.o
    0x08000ad8   0x08000ad8   0x00000002   Code   RO         3220    i.DebugMon_Handler  stm32f10x_it.o
    0x08000ada   0x08000ada   0x00000002   PAD
    0x08000adc   0x08000adc   0x0000002c   Code   RO         3879    i.EXTI0_IRQHandler  iqs7211e.o
    0x08000b08   0x08000b08   0x0000000c   Code   RO          905    i.EXTI_ClearITPendingBit  stm32f10x_exti.o
    0x08000b14   0x08000b14   0x00000042   Code   RO         3621    i.Easylogger_Init   app_log.o
    0x08000b56   0x08000b56   0x00000116   Code   RO         1258    i.GPIO_Init         stm32f10x_gpio.o
    0x08000c6c   0x08000c6c   0x00000012   Code   RO         1262    i.GPIO_ReadInputDataBit  stm32f10x_gpio.o
    0x08000c7e   0x08000c7e   0x00000004   Code   RO         1265    i.GPIO_ResetBits    stm32f10x_gpio.o
    0x08000c82   0x08000c82   0x00000004   Code   RO         1266    i.GPIO_SetBits      stm32f10x_gpio.o
    0x08000c86   0x08000c86   0x00000002   PAD
    0x08000c88   0x08000c88   0x0000000c   Code   RO         3718    i.GetSysTickVal     app_timer.o
    0x08000c94   0x08000c94   0x00000004   Code   RO         3221    i.HardFault_Handler  stm32f10x_it.o
    0x08000c98   0x08000c98   0x000004d2   Code   RO         3881    i.IQS7211E_Init     iqs7211e.o
    0x0800116a   0x0800116a   0x0000003a   Code   RO         3883    i.IQS7211E_Read_Byte  iqs7211e.o
    0x080011a4   0x080011a4   0x0000006a   Code   RO         3884    i.IQS7211E_Read_Len  iqs7211e.o
    0x0800120e   0x0800120e   0x00000016   Code   RO         3885    i.IQS7211E_Stop_Bit_Disabled  iqs7211e.o
    0x08001224   0x08001224   0x00000016   Code   RO         3886    i.IQS7211E_Stop_I2C_Comm_Window  iqs7211e.o
    0x0800123a   0x0800123a   0x00000046   Code   RO         3887    i.IQS7211E_Write_Byte  iqs7211e.o
    0x08001280   0x08001280   0x00000058   Code   RO         3888    i.IQS7211E_Write_Len  iqs7211e.o
    0x080012d8   0x080012d8   0x00000218   Code   RO         3699    i.KeyScan           app_key_scan.o
    0x080014f0   0x080014f0   0x0000001c   Code   RO         3074    i.Key_Task          main.o
    0x0800150c   0x0800150c   0x00000004   Code   RO         3222    i.MemManage_Handler  stm32f10x_it.o
    0x08001510   0x08001510   0x00000002   Code   RO         3223    i.NMI_Handler       stm32f10x_it.o
    0x08001512   0x08001512   0x00000002   PAD
    0x08001514   0x08001514   0x00000014   Code   RO           25    i.NVIC_PriorityGroupConfig  misc.o
    0x08001528   0x08001528   0x00000002   Code   RO         3224    i.PendSV_Handler    stm32f10x_it.o
    0x0800152a   0x0800152a   0x00000002   PAD
    0x0800152c   0x0800152c   0x00000378   Code   RO         3889    i.Process_IQS7211E_Events  iqs7211e.o
    0x080018a4   0x080018a4   0x00000020   Code   RO         1676    i.RCC_APB2PeriphClockCmd  stm32f10x_rcc.o
    0x080018c4   0x080018c4   0x000000d4   Code   RO         1684    i.RCC_GetClocksFreq  stm32f10x_rcc.o
    0x08001998   0x08001998   0x00000018   Code   RO         1688    i.RCC_HCLKConfig    stm32f10x_rcc.o
    0x080019b0   0x080019b0   0x00000018   Code   RO         1695    i.RCC_PCLK1Config   stm32f10x_rcc.o
    0x080019c8   0x080019c8   0x00000018   Code   RO         1696    i.RCC_PCLK2Config   stm32f10x_rcc.o
    0x080019e0   0x080019e0   0x00000002   Code   RO         3225    i.SVC_Handler       stm32f10x_it.o
    0x080019e2   0x080019e2   0x00000008   Code   RO         3276    i.SetSysClock       system_stm32f10x.o
    0x080019ea   0x080019ea   0x00000002   PAD
    0x080019ec   0x080019ec   0x000000e0   Code   RO         3277    i.SetSysClockTo72   system_stm32f10x.o
    0x08001acc   0x08001acc   0x00000028   Code   RO           28    i.SysTick_CLKSourceConfig  misc.o
    0x08001af4   0x08001af4   0x00000018   Code   RO         3719    i.SysTick_Handler   app_timer.o
    0x08001b0c   0x08001b0c   0x00000060   Code   RO         3279    i.SystemInit        system_stm32f10x.o
    0x08001b6c   0x08001b6c   0x0000004c   Code   RO         3720    i.SystemTickConfig  app_timer.o
    0x08001bb8   0x08001bb8   0x0000001a   Code   RO         3721    i.TIM2_IRQHandler   app_timer.o
    0x08001bd2   0x08001bd2   0x00000006   Code   RO         2303    i.TIM_ClearITPendingBit  stm32f10x_tim.o
    0x08001bd8   0x08001bd8   0x00000022   Code   RO         2329    i.TIM_GetITStatus   stm32f10x_tim.o
    0x08001bfa   0x08001bfa   0x00000002   PAD
    0x08001bfc   0x08001bfc   0x00000084   Code   RO         3310    i.USART1_Configuration  bsp_uart.o
    0x08001c80   0x08001c80   0x00000018   Code   RO         2844    i.USART_Cmd         stm32f10x_usart.o
    0x08001c98   0x08001c98   0x000000d8   Code   RO         2851    i.USART_Init        stm32f10x_usart.o
    0x08001d70   0x08001d70   0x00000004   Code   RO         3226    i.UsageFault_Handler  stm32f10x_it.o
    0x08001d74   0x08001d74   0x00000020   Code   RO         4269    i.__0printf         mc_w.l(printfa.o)
    0x08001d94   0x08001d94   0x00000034   Code   RO         4270    i.__0snprintf       mc_w.l(printfa.o)
    0x08001dc8   0x08001dc8   0x00000034   Code   RO         4274    i.__0vsnprintf      mc_w.l(printfa.o)
    0x08001dfc   0x08001dfc   0x00000008   Code   RO         4319    i.__aeabi_errno_addr  mc_w.l(errno.o)
    0x08001e04   0x08001e04   0x0000000e   Code   RO         4383    i.__scatterload_copy  mc_w.l(handlers.o)
    0x08001e12   0x08001e12   0x00000002   Code   RO         4384    i.__scatterload_null  mc_w.l(handlers.o)
    0x08001e14   0x08001e14   0x0000000e   Code   RO         4385    i.__scatterload_zeroinit  mc_w.l(handlers.o)
    0x08001e22   0x08001e22   0x00000002   PAD
    0x08001e24   0x08001e24   0x00000184   Code   RO         4276    i._fp_digits        mc_w.l(printfa.o)
    0x08001fa8   0x08001fa8   0x000006b4   Code   RO         4277    i._printf_core      mc_w.l(printfa.o)
    0x0800265c   0x0800265c   0x00000024   Code   RO         4278    i._printf_post_padding  mc_w.l(printfa.o)
    0x08002680   0x08002680   0x0000002e   Code   RO         4279    i._printf_pre_padding  mc_w.l(printfa.o)
    0x080026ae   0x080026ae   0x00000016   Code   RO         4280    i._snputc           mc_w.l(printfa.o)
    0x080026c4   0x080026c4   0x000000c4   Code   RO         3667    i.app_Key_Init      app_key.o
    0x08002788   0x08002788   0x00000064   Code   RO         3075    i.changeday         main.o
    0x080027ec   0x080027ec   0x0000004e   Code   RO         3641    i.delay_ms          bsp_delay.o
    0x0800283a   0x0800283a   0x00000002   PAD
    0x0800283c   0x0800283c   0x00000050   Code   RO         3642    i.delay_us          bsp_delay.o
    0x0800288c   0x0800288c   0x00000104   Code   RO         3352    i.elog_get_filter_tag_lvl  elog.o
    0x08002990   0x08002990   0x00000050   Code   RO         3356    i.elog_init         elog.o
    0x080029e0   0x080029e0   0x000003d4   Code   RO         3357    i.elog_output       elog.o
    0x08002db4   0x08002db4   0x00000028   Code   RO         3358    i.elog_output_lock  elog.o
    0x08002ddc   0x08002ddc   0x00000040   Code   RO         3359    i.elog_output_lock_enabled  elog.o
    0x08002e1c   0x08002e1c   0x00000028   Code   RO         3360    i.elog_output_unlock  elog.o
    0x08002e44   0x08002e44   0x00000008   Code   RO         3531    i.elog_port_get_p_info  elog_port.o
    0x08002e4c   0x08002e4c   0x00000008   Code   RO         3532    i.elog_port_get_t_info  elog_port.o
    0x08002e54   0x08002e54   0x00000008   Code   RO         3533    i.elog_port_get_time  elog_port.o
    0x08002e5c   0x08002e5c   0x00000004   Code   RO         3534    i.elog_port_init    elog_port.o
    0x08002e60   0x08002e60   0x0000001c   Code   RO         3535    i.elog_port_output  elog_port.o
    0x08002e7c   0x08002e7c   0x00000002   Code   RO         3536    i.elog_port_output_lock  elog_port.o
    0x08002e7e   0x08002e7e   0x00000002   Code   RO         3537    i.elog_port_output_unlock  elog_port.o
    0x08002e80   0x08002e80   0x000000b4   Code   RO         3364    i.elog_set_filter_lvl  elog.o
    0x08002f34   0x08002f34   0x0000003c   Code   RO         3367    i.elog_set_filter_tag_lvl_default  elog.o
    0x08002f70   0x08002f70   0x000000b8   Code   RO         3368    i.elog_set_fmt      elog.o
    0x08003028   0x08003028   0x000000c8   Code   RO         3369    i.elog_set_output_enabled  elog.o
    0x080030f0   0x080030f0   0x0000000c   Code   RO         3370    i.elog_set_text_color_enabled  elog.o
    0x080030fc   0x080030fc   0x00000084   Code   RO         3371    i.elog_start        elog.o
    0x08003180   0x08003180   0x000000f8   Code   RO         3594    i.elog_strcpy       elog_utils.o
    0x08003278   0x08003278   0x00000022   Code   RO         3769    i.find_event        smarttimer.o
    0x0800329a   0x0800329a   0x00000002   PAD
    0x0800329c   0x0800329c   0x0000001c   Code   RO         3312    i.fputc             bsp_uart.o
    0x080032b8   0x080032b8   0x0000002c   Code   RO         3770    i.free_event        smarttimer.o
    0x080032e4   0x080032e4   0x000000c0   Code   RO         3373    i.get_fmt_enabled   elog.o
    0x080033a4   0x080033a4   0x00000034   Code   RO         3076    i.increaseday       main.o
    0x080033d8   0x080033d8   0x0000000a   Code   RO         3771    i.init_linked       smarttimer.o
    0x080033e2   0x080033e2   0x00000050   Code   RO         3772    i.insert_event      smarttimer.o
    0x08003432   0x08003432   0x00000020   Code   RO         3773    i.insert_node_prev  smarttimer.o
    0x08003452   0x08003452   0x00000024   Code   RO         3774    i.insert_to_tail    smarttimer.o
    0x08003476   0x08003476   0x00000032   Code   RO         3077    i.isLeap            main.o
    0x080034a8   0x080034a8   0x000001cc   Code   RO         3078    i.main              main.o
    0x08003674   0x08003674   0x0000003c   Code   RO         3775    i.malloc_event      smarttimer.o
    0x080036b0   0x080036b0   0x00000080   Code   RO         3776    i.push_event        smarttimer.o
    0x08003730   0x08003730   0x0000002c   Code   RO         3777    i.recyle_event      smarttimer.o
    0x0800375c   0x0800375c   0x0000003a   Code   RO         3778    i.remove_node       smarttimer.o
    0x08003796   0x08003796   0x00000002   PAD
    0x08003798   0x08003798   0x00000014   Code   RO         3079    i.remove_sysled     main.o
    0x080037ac   0x080037ac   0x0000010c   Code   RO         3080    i.runlater_test     main.o
    0x080038b8   0x080038b8   0x00000064   Code   RO         3081    i.set_timetick      main.o
    0x0800391c   0x0800391c   0x00000044   Code   RO         3082    i.simulation_rtc    main.o
    0x08003960   0x08003960   0x00000028   Code   RO         3779    i.stim_delay        smarttimer.o
    0x08003988   0x08003988   0x00000070   Code   RO         3780    i.stim_init         smarttimer.o
    0x080039f8   0x080039f8   0x00000048   Code   RO         3781    i.stim_kill_event   smarttimer.o
    0x08003a40   0x08003a40   0x00000022   Code   RO         3782    i.stim_loop         smarttimer.o
    0x08003a62   0x08003a62   0x00000002   PAD
    0x08003a64   0x08003a64   0x00000074   Code   RO         3783    i.stim_mainloop     smarttimer.o
    0x08003ad8   0x08003ad8   0x0000001c   Code   RO         3785    i.stim_runlater     smarttimer.o
    0x08003af4   0x08003af4   0x000000b8   Code   RO         3786    i.stim_tick         smarttimer.o
    0x08003bac   0x08003bac   0x00000058   Code   RO         3083    i.sys_init          main.o
    0x08003c04   0x08003c04   0x0000008c   Code   RO         3084    i.sys_ledflash      main.o
    0x08003c90   0x08003c90   0x00000034   Data   RO         3085    .constdata          main.o
    0x08003cc4   0x08003cc4   0x000000c6   Data   RO         3375    .constdata          elog.o
    0x08003d8a   0x08003d8a   0x00000023   Data   RO         3595    .constdata          elog_utils.o
    0x08003dad   0x08003dad   0x0000000d   Data   RO         3668    .constdata          app_key.o
    0x08003dba   0x08003dba   0x00000008   Data   RO         3700    .constdata          app_key_scan.o
    0x08003dc2   0x08003dc2   0x00000081   Data   RO         4348    .constdata          mc_w.l(ctype_o.o)
    0x08003e43   0x08003e43   0x00000001   PAD
    0x08003e44   0x08003e44   0x00000004   Data   RO         4349    .constdata          mc_w.l(ctype_o.o)
    0x08003e48   0x08003e48   0x00000046   Data   RO         3376    .conststring        elog.o
    0x08003e8e   0x08003e8e   0x00000002   PAD
    0x08003e90   0x08003e90   0x00000047   Data   RO         3890    .conststring        iqs7211e.o
    0x08003ed7   0x08003ed7   0x00000001   PAD
    0x08003ed8   0x08003ed8   0x00000020   Data   RO         4381    Region$$Table       anon$$obj.o


    Execution Region RW_IRAM1 (Exec base: 0x20000000, Load base: 0x08003ef8, Size: 0x00000c00, Max: 0x00010000, ABSOLUTE)

    Exec Addr    Load Addr    Size         Type   Attr      Idx    E Section Name        Object

    0x20000000   0x08003ef8   0x00000014   Data   RW         1704    .data               stm32f10x_rcc.o
    0x20000014   0x08003f0c   0x0000000b   Data   RW         3086    .data               main.o
    0x2000001f   0x08003f17   0x00000001   PAD
    0x20000020   0x08003f18   0x00000014   Data   RW         3280    .data               system_stm32f10x.o
    0x20000034   0x08003f2c   0x00000008   Data   RW         3314    .data               bsp_uart.o
    0x2000003c   0x08003f34   0x00000034   Data   RW         3377    .data               elog.o
    0x20000070   0x08003f68   0x0000001a   Data   RW         3701    .data               app_key_scan.o
    0x2000008a   0x08003f82   0x00000002   PAD
    0x2000008c   0x08003f84   0x00000004   Data   RW         3723    .data               app_timer.o
    0x20000090   0x08003f88   0x00000004   Data   RW         3788    .data               smarttimer.o
    0x20000094   0x08003f8c   0x00000001   Data   RW         3891    .data               iqs7211e.o
    0x20000095   0x08003f8d   0x00000003   PAD
    0x20000098   0x08003f90   0x00000004   Data   RW         4322    .data               mc_w.l(errno.o)
    0x2000009c        -       0x000004f8   Zero   RW         3374    .bss                elog.o
    0x20000594        -       0x0000026c   Zero   RW         3787    .bss                smarttimer.o
    0x20000800        -       0x00000400   Zero   RW           17    STACK               startup_stm32f10x_hd.o


==============================================================================

Image component sizes


      Code (inc. data)   RO Data    RW Data    ZI Data      Debug   Object Name

       196         64         13          0          0       1859   app_key.o
       536        154          8         26          0       1199   app_key_scan.o
        66          0          0          0          0        438   app_log.o
       138         18          0          4          0       1924   app_timer.o
       158          4          0          0          0       1070   bsp_delay.o
       616        102          0          0          0       3815   bsp_iic.o
       160         12          0          8          0       2879   bsp_uart.o
         0          0          0          0          0       4540   core_cm3.o
      2424        810        268         52       1272      16100   elog.o
        60         22          0          0          0       6264   elog_port.o
       248         86         35          0          0       2053   elog_utils.o
      2532        422         71          1          0       6930   iqs7211e.o
      1374        510         52         11          0       5512   main.o
        60         10          0          0          0     247337   misc.o
      1112        100          0          4        620       9583   smarttimer.o
        36          8        304          0       1024        748   startup_stm32f10x_hd.o
        12          6          0          0          0        477   stm32f10x_exti.o
       304          0          0          0          0       3424   stm32f10x_gpio.o
        24          0          0          0          0       3052   stm32f10x_it.o
       316         42          0         20          0       5170   stm32f10x_rcc.o
        40          0          0          0          0       1610   stm32f10x_tim.o
       240          6          0          0          0       2701   stm32f10x_usart.o
       328         28          0         20          0       1929   system_stm32f10x.o

    ----------------------------------------------------------------------
     11000       2404        786        152       2916     330614   Object Totals
         0          0         32          0          0          0   (incl. Generated)
        20          0          3          6          0          0   (incl. Padding)

    ----------------------------------------------------------------------

      Code (inc. data)   RO Data    RW Data    ZI Data      Debug   Library Member Name

        28          0          0          0          0         68   _chval.o
       158          0          0          0          0         92   _strtoul.o
        26          0          0          0          0         80   atoi.o
         8          4        133          0          0         68   ctype_o.o
         0          0          0          0          0          0   entry.o
         0          0          0          0          0          0   entry10a.o
         0          0          0          0          0          0   entry11a.o
         4          0          0          0          0          0   entry12b.o
         8          4          0          0          0          0   entry2.o
         4          0          0          0          0          0   entry5.o
         0          0          0          0          0          0   entry7b.o
         0          0          0          0          0          0   entry8b.o
         8          4          0          0          0          0   entry9a.o
         8          4          0          4          0         68   errno.o
        30          0          0          0          0          0   handlers.o
        36          8          0          0          0         68   init.o
         0          0          0          0          0          0   iusefp.o
        30          0          0          0          0         68   llshl.o
        36          0          0          0          0         68   llsshr.o
        32          0          0          0          0         68   llushr.o
        36          0          0          0          0        108   memseta.o
      2344        100          0          0          0        700   printfa.o
        14          0          0          0          0         68   strlen.o
        30          0          0          0          0         80   strncmp.o
        36          0          0          0          0         80   strstr.o
       112          0          0          0          0         88   strtol.o
        44          0          0          0          0         80   uidiv.o
        98          0          0          0          0         92   uldiv.o
        48          0          0          0          0         68   cdrcmple.o
       334          0          0          0          0        148   dadd.o
       222          0          0          0          0        100   ddiv.o
       186          0          0          0          0        176   depilogue.o
        48          0          0          0          0         68   dfixul.o
       228          0          0          0          0         96   dmul.o

    ----------------------------------------------------------------------
      4200        124        134          4          0       2600   Library Totals
         4          0          1          0          0          0   (incl. Padding)

    ----------------------------------------------------------------------

      Code (inc. data)   RO Data    RW Data    ZI Data      Debug   Library Name

      3130        124        133          4          0       1944   mc_w.l
      1066          0          0          0          0        656   mf_w.l

    ----------------------------------------------------------------------
      4200        124        134          4          0       2600   Library Totals

    ----------------------------------------------------------------------

==============================================================================


      Code (inc. data)   RO Data    RW Data    ZI Data      Debug   

     15200       2528        920        156       2916     326814   Grand Totals
     15200       2528        920        156       2916     326814   ELF Image Totals
     15200       2528        920        156          0          0   ROM Totals

==============================================================================

    Total RO  Size (Code + RO Data)                16120 (  15.74kB)
    Total RW  Size (RW Data + ZI Data)              3072 (   3.00kB)
    Total ROM Size (Code + RO Data + RW Data)      16276 (  15.89kB)

==============================================================================

