Component: ARM Compiler 5.06 update 7 (build 960) Tool: armlink [4d3601]

==============================================================================

Section Cross References

    startup_stm32f10x_md.o(RESET) refers to startup_stm32f10x_md.o(STACK) for __initial_sp
    startup_stm32f10x_md.o(RESET) refers to startup_stm32f10x_md.o(.text) for Reset_Handler
    startup_stm32f10x_md.o(RESET) refers to stm32f10x_it.o(i.NMI_Handler) for NMI_Handler
    startup_stm32f10x_md.o(RESET) refers to stm32f10x_it.o(i.HardFault_Handler) for HardFault_Handler
    startup_stm32f10x_md.o(RESET) refers to stm32f10x_it.o(i.MemManage_Handler) for MemManage_Handler
    startup_stm32f10x_md.o(RESET) refers to stm32f10x_it.o(i.BusFault_Handler) for BusFault_Handler
    startup_stm32f10x_md.o(RESET) refers to stm32f10x_it.o(i.UsageFault_Handler) for UsageFault_Handler
    startup_stm32f10x_md.o(RESET) refers to stm32f10x_it.o(i.SVC_Handler) for SVC_Handler
    startup_stm32f10x_md.o(RESET) refers to stm32f10x_it.o(i.DebugMon_Handler) for DebugMon_Handler
    startup_stm32f10x_md.o(RESET) refers to stm32f10x_it.o(i.PendSV_Handler) for PendSV_Handler
    startup_stm32f10x_md.o(RESET) refers to app_timer.o(i.SysTick_Handler) for SysTick_Handler
    startup_stm32f10x_md.o(RESET) refers to app_timer.o(i.TIM2_IRQHandler) for TIM2_IRQHandler
    startup_stm32f10x_md.o(RESET) refers to atk_mw8266d.o(i.USART3_IRQHandler) for USART3_IRQHandler
    startup_stm32f10x_md.o(.text) refers to system_stm32f10x.o(i.SystemInit) for SystemInit
    startup_stm32f10x_md.o(.text) refers to entry.o(.ARM.Collect$$$$00000000) for __main
    stm32f10x_adc.o(i.ADC_DeInit) refers to stm32f10x_rcc.o(i.RCC_APB2PeriphResetCmd) for RCC_APB2PeriphResetCmd
    stm32f10x_bkp.o(i.BKP_DeInit) refers to stm32f10x_rcc.o(i.RCC_BackupResetCmd) for RCC_BackupResetCmd
    stm32f10x_can.o(i.CAN_DeInit) refers to stm32f10x_rcc.o(i.RCC_APB1PeriphResetCmd) for RCC_APB1PeriphResetCmd
    stm32f10x_can.o(i.CAN_GetITStatus) refers to stm32f10x_can.o(i.CheckITStatus) for CheckITStatus
    stm32f10x_cec.o(i.CEC_DeInit) refers to stm32f10x_rcc.o(i.RCC_APB1PeriphResetCmd) for RCC_APB1PeriphResetCmd
    stm32f10x_dac.o(i.DAC_DeInit) refers to stm32f10x_rcc.o(i.RCC_APB1PeriphResetCmd) for RCC_APB1PeriphResetCmd
    stm32f10x_flash.o(i.FLASH_EnableWriteProtection) refers to stm32f10x_flash.o(i.FLASH_WaitForLastOperation) for FLASH_WaitForLastOperation
    stm32f10x_flash.o(i.FLASH_EraseAllBank1Pages) refers to stm32f10x_flash.o(i.FLASH_WaitForLastBank1Operation) for FLASH_WaitForLastBank1Operation
    stm32f10x_flash.o(i.FLASH_EraseAllPages) refers to stm32f10x_flash.o(i.FLASH_WaitForLastOperation) for FLASH_WaitForLastOperation
    stm32f10x_flash.o(i.FLASH_EraseOptionBytes) refers to stm32f10x_flash.o(i.FLASH_GetReadOutProtectionStatus) for FLASH_GetReadOutProtectionStatus
    stm32f10x_flash.o(i.FLASH_EraseOptionBytes) refers to stm32f10x_flash.o(i.FLASH_WaitForLastOperation) for FLASH_WaitForLastOperation
    stm32f10x_flash.o(i.FLASH_ErasePage) refers to stm32f10x_flash.o(i.FLASH_WaitForLastOperation) for FLASH_WaitForLastOperation
    stm32f10x_flash.o(i.FLASH_ProgramHalfWord) refers to stm32f10x_flash.o(i.FLASH_WaitForLastOperation) for FLASH_WaitForLastOperation
    stm32f10x_flash.o(i.FLASH_ProgramOptionByteData) refers to stm32f10x_flash.o(i.FLASH_WaitForLastOperation) for FLASH_WaitForLastOperation
    stm32f10x_flash.o(i.FLASH_ProgramWord) refers to stm32f10x_flash.o(i.FLASH_WaitForLastOperation) for FLASH_WaitForLastOperation
    stm32f10x_flash.o(i.FLASH_ReadOutProtection) refers to stm32f10x_flash.o(i.FLASH_WaitForLastOperation) for FLASH_WaitForLastOperation
    stm32f10x_flash.o(i.FLASH_UserOptionByteConfig) refers to stm32f10x_flash.o(i.FLASH_WaitForLastOperation) for FLASH_WaitForLastOperation
    stm32f10x_flash.o(i.FLASH_WaitForLastBank1Operation) refers to stm32f10x_flash.o(i.FLASH_GetBank1Status) for FLASH_GetBank1Status
    stm32f10x_flash.o(i.FLASH_WaitForLastOperation) refers to stm32f10x_flash.o(i.FLASH_GetBank1Status) for FLASH_GetBank1Status
    stm32f10x_gpio.o(i.GPIO_AFIODeInit) refers to stm32f10x_rcc.o(i.RCC_APB2PeriphResetCmd) for RCC_APB2PeriphResetCmd
    stm32f10x_gpio.o(i.GPIO_DeInit) refers to stm32f10x_rcc.o(i.RCC_APB2PeriphResetCmd) for RCC_APB2PeriphResetCmd
    stm32f10x_i2c.o(i.I2C_DeInit) refers to stm32f10x_rcc.o(i.RCC_APB1PeriphResetCmd) for RCC_APB1PeriphResetCmd
    stm32f10x_i2c.o(i.I2C_Init) refers to stm32f10x_rcc.o(i.RCC_GetClocksFreq) for RCC_GetClocksFreq
    stm32f10x_pwr.o(i.PWR_DeInit) refers to stm32f10x_rcc.o(i.RCC_APB1PeriphResetCmd) for RCC_APB1PeriphResetCmd
    stm32f10x_rcc.o(i.RCC_GetClocksFreq) refers to stm32f10x_rcc.o(.data) for APBAHBPrescTable
    stm32f10x_rcc.o(i.RCC_WaitForHSEStartUp) refers to stm32f10x_rcc.o(i.RCC_GetFlagStatus) for RCC_GetFlagStatus
    stm32f10x_rtc.o(i.RTC_SetAlarm) refers to stm32f10x_rtc.o(i.RTC_EnterConfigMode) for RTC_EnterConfigMode
[...]
    ../fplib/microlib/fpfix.c                0x00000000   Number         0  dfixul.o ABSOLUTE
    ../fplib/microlib/fpmul.c                0x00000000   Number         0  dmul.o ABSOLUTE
    CORE\\core_cm3.c                         0x00000000   Number         0  core_cm3.o ABSOLUTE
    CORE\core_cm3.c                          0x00000000   Number         0  core_cm3.o ABSOLUTE
    CORE\startup_stm32f10x_md.s              0x00000000   Number         0  startup_stm32f10x_md.o ABSOLUTE
    STM32F10x_FWLib\src\misc.c               0x00000000   Number         0  misc.o ABSOLUTE
    STM32F10x_FWLib\src\stm32f10x_adc.c      0x00000000   Number         0  stm32f10x_adc.o ABSOLUTE
    STM32F10x_FWLib\src\stm32f10x_bkp.c      0x00000000   Number         0  stm32f10x_bkp.o ABSOLUTE
    STM32F10x_FWLib\src\stm32f10x_can.c      0x00000000   Number         0  stm32f10x_can.o ABSOLUTE
    STM32F10x_FWLib\src\stm32f10x_cec.c      0x00000000   Number         0  stm32f10x_cec.o ABSOLUTE
    STM32F10x_FWLib\src\stm32f10x_crc.c      0x00000000   Number         0  stm32f10x_crc.o ABSOLUTE
    STM32F10x_FWLib\src\stm32f10x_dac.c      0x00000000   Number         0  stm32f10x_dac.o ABSOLUTE
    STM32F10x_FWLib\src\stm32f10x_dbgmcu.c   0x00000000   Number         0  stm32f10x_dbgmcu.o ABSOLUTE
    STM32F10x_FWLib\src\stm32f10x_dma.c      0x00000000   Number         0  stm32f10x_dma.o ABSOLUTE
    STM32F10x_FWLib\src\stm32f10x_exti.c     0x00000000   Number         0  stm32f10x_exti.o ABSOLUTE
    STM32F10x_FWLib\src\stm32f10x_flash.c    0x00000000   Number         0  stm32f10x_flash.o ABSOLUTE
    STM32F10x_FWLib\src\stm32f10x_fsmc.c     0x00000000   Number         0  stm32f10x_fsmc.o ABSOLUTE
    STM32F10x_FWLib\src\stm32f10x_gpio.c     0x00000000   Number         0  stm32f10x_gpio.o ABSOLUTE
    STM32F10x_FWLib\src\stm32f10x_i2c.c      0x00000000   Number         0  stm32f10x_i2c.o ABSOLUTE
    STM32F10x_FWLib\src\stm32f10x_iwdg.c     0x00000000   Number         0  stm32f10x_iwdg.o ABSOLUTE
    STM32F10x_FWLib\src\stm32f10x_pwr.c      0x00000000   Number         0  stm32f10x_pwr.o ABSOLUTE
    STM32F10x_FWLib\src\stm32f10x_rcc.c      0x00000000   Number         0  stm32f10x_rcc.o ABSOLUTE
    STM32F10x_FWLib\src\stm32f10x_rtc.c      0x00000000   Number         0  stm32f10x_rtc.o ABSOLUTE
    STM32F10x_FWLib\src\stm32f10x_sdio.c     0x00000000   Number         0  stm32f10x_sdio.o ABSOLUTE
    STM32F10x_FWLib\src\stm32f10x_spi.c      0x00000000   Number         0  stm32f10x_spi.o ABSOLUTE
    STM32F10x_FWLib\src\stm32f10x_tim.c      0x00000000   Number         0  stm32f10x_tim.o ABSOLUTE
    STM32F10x_FWLib\src\stm32f10x_usart.c    0x00000000   Number         0  stm32f10x_usart.o ABSOLUTE
    STM32F10x_FWLib\src\stm32f10x_wwdg.c     0x00000000   Number         0  stm32f10x_wwdg.o ABSOLUTE
    USER\ATK_MW8266D\atk_mw8266d.c           0x00000000   Number         0  atk_mw8266d.o ABSOLUTE
    USER\Delay\bsp_delay.c                   0x00000000   Number         0  bsp_delay.o ABSOLUTE
    USER\I2C\i2c_bitops.c                    0x00000000   Number         0  i2c_bitops.o ABSOLUTE
    USER\I2C\i2c_core.c                      0x00000000   Number         0  i2c_core.o ABSOLUTE
    USER\I2C\i2c_hw.c                        0x00000000   Number         0  i2c_hw.o ABSOLUTE
    USER\IQS7211E\IQS7211E.c                 0x00000000   Number         0  iqs7211e.o ABSOLUTE
    USER\KEY\app_key.c                       0x00000000   Number         0  app_key.o ABSOLUTE
    USER\KEY\hal_key.c                       0x00000000   Number         0  hal_key.o ABSOLUTE
    USER\KEY\multi_button.c                  0x00000000   Number         0  multi_button.o ABSOLUTE
    USER\OLED\app_menu.c                     0x00000000   Number         0  app_menu.o ABSOLUTE
    USER\OLED\app_oled.c                     0x00000000   Number         0  app_oled.o ABSOLUTE
    USER\OLED\stm32f4_fonts.c                0x00000000   Number         0  stm32f4_fonts.o ABSOLUTE
    USER\SPI\spi_bitops.c                    0x00000000   Number         0  spi_bitops.o ABSOLUTE
    USER\SPI\spi_core.c                      0x00000000   Number         0  spi_core.o ABSOLUTE
    USER\SPI\spi_hw.c                        0x00000000   Number         0  spi_hw.o ABSOLUTE
    USER\TIM\app_timer.c                     0x00000000   Number         0  app_timer.o ABSOLUTE
    USER\TIM\smarttimer.c                    0x00000000   Number         0  smarttimer.o ABSOLUTE
    USER\bsp_OLED\bsp_Font.c                 0x00000000   Number         0  bsp_font.o ABSOLUTE
    USER\main.c                              0x00000000   Number         0  main.o ABSOLUTE
    USER\stm32f10x_it.c                      0x00000000   Number         0  stm32f10x_it.o ABSOLUTE
    USER\system_stm32f10x.c                  0x00000000   Number         0  system_stm32f10x.o ABSOLUTE
    USER\uart\app_log.c                      0x00000000   Number         0  app_log.o ABSOLUTE
    USER\uart\bsp_uart.c                     0x00000000   Number         0  bsp_uart.o ABSOLUTE
    USER\uart\elog.c                         0x00000000   Number         0  elog.o ABSOLUTE
    USER\uart\elog_port.c                    0x00000000   Number         0  elog_port.o ABSOLUTE
    USER\uart\elog_utils.c                   0x00000000   Number         0  elog_utils.o ABSOLUTE
    cdrcmple.s                               0x00000000   Number         0  cdrcmple.o ABSOLUTE
    dc.s                                     0x00000000   Number         0  dc.o ABSOLUTE
    handlers.s                               0x00000000   Number         0  handlers.o ABSOLUTE
    init.s                                   0x00000000   Number         0  init.o ABSOLUTE
    RESET                                    0x08000000   Section      236  startup_stm32f10x_md.o(RESET)
    .ARM.Collect$$$$00000000                 0x080000ec   Section        0  entry.o(.ARM.Collect$$$$00000000)
    .ARM.Collect$$$$00000001                 0x080000ec   Section        4  entry2.o(.ARM.Collect$$$$00000001)
    .ARM.Collect$$$$00000004                 0x080000f0   Section        4  entry5.o(.ARM.Collect$$$$00000004)
    .ARM.Collect$$$$00000008                 0x080000f4   Section        0  entry7b.o(.ARM.Collect$$$$00000008)
    .ARM.Collect$$$$0000000A                 0x080000f4   Section        0  entry8b.o(.ARM.Collect$$$$0000000A)
    .ARM.Collect$$$$0000000B                 0x080000f4   Section        8  entry9a.o(.ARM.Collect$$$$0000000B)
    .ARM.Collect$$$$0000000E                 0x080000fc   Section        4  entry12b.o(.ARM.Collect$$$$0000000E)
    .ARM.Collect$$$$0000000F                 0x08000100   Section        0  entry10a.o(.ARM.Collect$$$$0000000F)
    .ARM.Collect$$$$00000011                 0x08000100   Section        0  entry11a.o(.ARM.Collect$$$$00000011)
    .ARM.Collect$$$$00002712                 0x08000100   Section        4  entry2.o(.ARM.Collect$$$$00002712)
    __lit__00000000                          0x08000100   Data           4  entry2.o(.ARM.Collect$$$$00002712)
    .text                                    0x08000104   Section       36  startup_stm32f10x_md.o(.text)
    .text                                    0x08000128   Section        0  memseta.o(.text)
    .text                                    0x0800014c   Section        0  strstr.o(.text)
    .text                                    0x08000170   Section        0  strlen.o(.text)
    .text                                    0x0800017e   Section        0  strncmp.o(.text)
    .text                                    0x0800019c   Section        0  atoi.o(.text)
    .text                                    0x080001b6   Section        0  uidiv.o(.text)
    .text                                    0x080001e2   Section        0  uldiv.o(.text)
    .text                                    0x08000244   Section        0  strtol.o(.text)
    .text                                    0x080002b4   Section        0  dadd.o(.text)
    .text                                    0x080002b4   Section        0  iusefp.o(.text)
    .text                                    0x08000402   Section        0  dmul.o(.text)
    .text                                    0x080004e6   Section        0  ddiv.o(.text)
    .text                                    0x080005c4   Section        0  dfixul.o(.text)
    .text                                    0x080005f4   Section       48  cdrcmple.o(.text)
    .text                                    0x08000624   Section       36  init.o(.text)
    .text                                    0x08000648   Section        0  llshl.o(.text)
    .text                                    0x08000666   Section        0  llushr.o(.text)
    .text                                    0x08000686   Section        0  llsshr.o(.text)
    .text                                    0x080006ac   Section        0  ctype_o.o(.text)
    .text                                    0x080006b4   Section        0  _strtoul.o(.text)
    .text                                    0x08000752   Section        0  depilogue.o(.text)
    .text                                    0x0800080c   Section        0  _chval.o(.text)
    .text                                    0x08000828   Section        0  __dczerorl2.o(.text)
    i.BusFault_Handler                       0x0800087e   Section        0  stm32f10x_it.o(i.BusFault_Handler)
    i.DebugMon_Handler                       0x08000882   Section        0  stm32f10x_it.o(i.DebugMon_Handler)
    i.Easylogger_Init                        0x08000884   Section        0  app_log.o(i.Easylogger_Init)
    i.GPIO_Init                              0x080008c6   Section        0  stm32f10x_gpio.o(i.GPIO_Init)
    i.GPIO_ReadInputDataBit                  0x080009dc   Section        0  stm32f10x_gpio.o(i.GPIO_ReadInputDataBit)
    i.GPIO_ResetBits                         0x080009ee   Section        0  stm32f10x_gpio.o(i.GPIO_ResetBits)
    i.GPIO_SetBits                           0x080009f2   Section        0  stm32f10x_gpio.o(i.GPIO_SetBits)
    i.GetSysTickVal                          0x080009f8   Section        0  app_timer.o(i.GetSysTickVal)
    i.HardFault_Handler                      0x08000a04   Section        0  stm32f10x_it.o(i.HardFault_Handler)
    i.MemManage_Handler                      0x08000a08   Section        0  stm32f10x_it.o(i.MemManage_Handler)
    i.NMI_Handler                            0x08000a0c   Section        0  stm32f10x_it.o(i.NMI_Handler)
    i.NVIC_PriorityGroupConfig               0x08000a10   Section        0  misc.o(i.NVIC_PriorityGroupConfig)
    i.OLED12864_Init                         0x08000a24   Section        0  app_oled.o(i.OLED12864_Init)
    i.OLED_Fill_All                          0x08000aec   Section        0  app_oled.o(i.OLED_Fill_All)
    i.PendSV_Handler                         0x08000b26   Section        0  stm32f10x_it.o(i.PendSV_Handler)
    i.RCC_APB2PeriphClockCmd                 0x08000b28   Section        0  stm32f10x_rcc.o(i.RCC_APB2PeriphClockCmd)
    i.RCC_GetClocksFreq                      0x08000b48   Section        0  stm32f10x_rcc.o(i.RCC_GetClocksFreq)
    i.RCC_HCLKConfig                         0x08000c1c   Section        0  stm32f10x_rcc.o(i.RCC_HCLKConfig)
    i.RCC_PCLK1Config                        0x08000c34   Section        0  stm32f10x_rcc.o(i.RCC_PCLK1Config)
    i.RCC_PCLK2Config                        0x08000c4c   Section        0  stm32f10x_rcc.o(i.RCC_PCLK2Config)
    i.SVC_Handler                            0x08000c64   Section        0  stm32f10x_it.o(i.SVC_Handler)
    i.SetSysClock                            0x08000c66   Section        0  system_stm32f10x.o(i.SetSysClock)
    SetSysClock                              0x08000c67   Thumb Code     8  system_stm32f10x.o(i.SetSysClock)
    i.SetSysClockTo72                        0x08000c70   Section        0  system_stm32f10x.o(i.SetSysClockTo72)
    SetSysClockTo72                          0x08000c71   Thumb Code   214  system_stm32f10x.o(i.SetSysClockTo72)
    i.SysTick_CLKSourceConfig                0x08000d50   Section        0  misc.o(i.SysTick_CLKSourceConfig)
    i.SysTick_Handler                        0x08000d78   Section        0  app_timer.o(i.SysTick_Handler)
    i.SystemInit                             0x08000d90   Section        0  system_stm32f10x.o(i.SystemInit)
    i.SystemTickConfig                       0x08000df0   Section        0  app_timer.o(i.SystemTickConfig)
    i.TIM2_IRQHandler                        0x08000e3c   Section        0  app_timer.o(i.TIM2_IRQHandler)
    i.TIM_ClearITPendingBit                  0x08000ebc   Section        0  stm32f10x_tim.o(i.TIM_ClearITPendingBit)
    i.TIM_Cmd                                0x08000ec2   Section        0  stm32f10x_tim.o(i.TIM_Cmd)
    i.TIM_GetITStatus                        0x08000eda   Section        0  stm32f10x_tim.o(i.TIM_GetITStatus)
    i.TIM_SetCounter                         0x08000efc   Section        0  stm32f10x_tim.o(i.TIM_SetCounter)
    i.USART1_Configuration                   0x08000f00   Section        0  bsp_uart.o(i.USART1_Configuration)
    i.USART3_IRQHandler                      0x08000f84   Section        0  atk_mw8266d.o(i.USART3_IRQHandler)
    i.USART_Cmd                              0x08000ff0   Section        0  stm32f10x_usart.o(i.USART_Cmd)
    i.USART_GetITStatus                      0x08001008   Section        0  stm32f10x_usart.o(i.USART_GetITStatus)
    i.USART_Init                             0x0800105c   Section        0  stm32f10x_usart.o(i.USART_Init)
    i.USART_ReceiveData                      0x08001134   Section        0  stm32f10x_usart.o(i.USART_ReceiveData)
    i.UsageFault_Handler                     0x0800113e   Section        0  stm32f10x_it.o(i.UsageFault_Handler)
    i.__0printf                              0x08001144   Section        0  printfa.o(i.__0printf)
    i.__0snprintf                            0x08001164   Section        0  printfa.o(i.__0snprintf)
    i.__0vsnprintf                           0x08001198   Section        0  printfa.o(i.__0vsnprintf)
    i.__aeabi_errno_addr                     0x080011cc   Section        0  errno.o(i.__aeabi_errno_addr)
    i.__scatterload_copy                     0x080011d4   Section       14  handlers.o(i.__scatterload_copy)
    i.__scatterload_null                     0x080011e2   Section        2  handlers.o(i.__scatterload_null)
    i.__scatterload_zeroinit                 0x080011e4   Section       14  handlers.o(i.__scatterload_zeroinit)
    i._fp_digits                             0x080011f4   Section        0  printfa.o(i._fp_digits)
    _fp_digits                               0x080011f5   Thumb Code   366  printfa.o(i._fp_digits)
    i._printf_core                           0x08001378   Section        0  printfa.o(i._printf_core)
    _printf_core                             0x08001379   Thumb Code  1704  printfa.o(i._printf_core)
    i._printf_post_padding                   0x08001a2c   Section        0  printfa.o(i._printf_post_padding)
    _printf_post_padding                     0x08001a2d   Thumb Code    36  printfa.o(i._printf_post_padding)
    i._printf_pre_padding                    0x08001a50   Section        0  printfa.o(i._printf_pre_padding)
    _printf_pre_padding                      0x08001a51   Thumb Code    46  printfa.o(i._printf_pre_padding)
    i._snputc                                0x08001a7e   Section        0  printfa.o(i._snputc)
    _snputc                                  0x08001a7f   Thumb Code    22  printfa.o(i._snputc)
    i.app_key_init                           0x08001a94   Section        0  app_key.o(i.app_key_init)
    i.changeday                              0x08001b00   Section        0  main.o(i.changeday)
    changeday                                0x08001b01   Thumb Code    96  main.o(i.changeday)
    i.elog_get_filter_tag_lvl                0x08001b64   Section        0  elog.o(i.elog_get_filter_tag_lvl)
    i.elog_init                              0x08001c68   Section        0  elog.o(i.elog_init)
    i.elog_output                            0x08001cb8   Section        0  elog.o(i.elog_output)
    i.elog_output_lock                       0x0800208c   Section        0  elog.o(i.elog_output_lock)
    i.elog_output_lock_enabled               0x080020b4   Section        0  elog.o(i.elog_output_lock_enabled)
    i.elog_output_unlock                     0x080020f4   Section        0  elog.o(i.elog_output_unlock)
    i.elog_port_get_p_info                   0x0800211c   Section        0  elog_port.o(i.elog_port_get_p_info)
    i.elog_port_get_t_info                   0x08002124   Section        0  elog_port.o(i.elog_port_get_t_info)
    i.elog_port_get_time                     0x0800212c   Section        0  elog_port.o(i.elog_port_get_time)
    i.elog_port_init                         0x08002134   Section        0  elog_port.o(i.elog_port_init)
    i.elog_port_output                       0x08002138   Section        0  elog_port.o(i.elog_port_output)
    i.elog_port_output_lock                  0x08002154   Section        0  elog_port.o(i.elog_port_output_lock)
    i.elog_port_output_unlock                0x08002156   Section        0  elog_port.o(i.elog_port_output_unlock)
    i.elog_set_filter_lvl                    0x08002158   Section        0  elog.o(i.elog_set_filter_lvl)
    i.elog_set_filter_tag_lvl_default        0x0800220c   Section        0  elog.o(i.elog_set_filter_tag_lvl_default)
    elog_set_filter_tag_lvl_default          0x0800220d   Thumb Code    54  elog.o(i.elog_set_filter_tag_lvl_default)
    i.elog_set_fmt                           0x08002248   Section        0  elog.o(i.elog_set_fmt)
    i.elog_set_output_enabled                0x08002300   Section        0  elog.o(i.elog_set_output_enabled)
    i.elog_set_text_color_enabled            0x080023c8   Section        0  elog.o(i.elog_set_text_color_enabled)
    i.elog_start                             0x080023d4   Section        0  elog.o(i.elog_start)
    i.elog_strcpy                            0x08002458   Section        0  elog_utils.o(i.elog_strcpy)
    i.find_event                             0x08002550   Section        0  smarttimer.o(i.find_event)
    find_event                               0x08002551   Thumb Code    34  smarttimer.o(i.find_event)
    i.fputc                                  0x08002574   Section        0  bsp_uart.o(i.fputc)
    i.free_event                             0x08002590   Section        0  smarttimer.o(i.free_event)
    free_event                               0x08002591   Thumb Code    34  smarttimer.o(i.free_event)
    i.get_fmt_enabled                        0x080025bc   Section        0  elog.o(i.get_fmt_enabled)
    get_fmt_enabled                          0x080025bd   Thumb Code    88  elog.o(i.get_fmt_enabled)
    i.gpio_delayus                           0x0800267c   Section        0  i2c_hw.o(i.gpio_delayus)
    gpio_delayus                             0x0800267d   Thumb Code    28  i2c_hw.o(i.gpio_delayus)
    i.gpio_get_scl                           0x08002698   Section        0  i2c_hw.o(i.gpio_get_scl)
    gpio_get_scl                             0x08002699   Thumb Code    12  i2c_hw.o(i.gpio_get_scl)
    i.gpio_get_sda                           0x080026a8   Section        0  i2c_hw.o(i.gpio_get_sda)
    gpio_get_sda                             0x080026a9   Thumb Code    10  i2c_hw.o(i.gpio_get_sda)
    i.gpio_set_scl                           0x080026b8   Section        0  i2c_hw.o(i.gpio_set_scl)
    gpio_set_scl                             0x080026b9   Thumb Code    20  i2c_hw.o(i.gpio_set_scl)
    i.gpio_set_sda                           0x080026d0   Section        0  i2c_hw.o(i.gpio_set_sda)
    gpio_set_sda                             0x080026d1   Thumb Code    20  i2c_hw.o(i.gpio_set_sda)
    i.i2c_bitops_bus_read                    0x080026e8   Section        0  i2c_bitops.o(i.i2c_bitops_bus_read)
    i2c_bitops_bus_read                      0x080026e9   Thumb Code    72  i2c_bitops.o(i.i2c_bitops_bus_read)
    i.i2c_bitops_bus_write                   0x08002730   Section        0  i2c_bitops.o(i.i2c_bitops_bus_write)
    i2c_bitops_bus_write                     0x08002731   Thumb Code    72  i2c_bitops.o(i.i2c_bitops_bus_write)
    i.i2c_bitops_bus_xfer                    0x08002778   Section        0  i2c_bitops.o(i.i2c_bitops_bus_xfer)
    i.i2c_bitops_create_ack                  0x08002804   Section        0  i2c_bitops.o(i.i2c_bitops_create_ack)
    i2c_bitops_create_ack                    0x08002805   Thumb Code    36  i2c_bitops.o(i.i2c_bitops_create_ack)
    i.i2c_bitops_not_ack                     0x08002828   Section        0  i2c_bitops.o(i.i2c_bitops_not_ack)
    i2c_bitops_not_ack                       0x08002829   Thumb Code    36  i2c_bitops.o(i.i2c_bitops_not_ack)
    i.i2c_bitops_recv_byte                   0x0800284c   Section        0  i2c_bitops.o(i.i2c_bitops_recv_byte)
    i2c_bitops_recv_byte                     0x0800284d   Thumb Code    78  i2c_bitops.o(i.i2c_bitops_recv_byte)
    i.i2c_bitops_restart                     0x0800289a   Section        0  i2c_bitops.o(i.i2c_bitops_restart)
    i2c_bitops_restart                       0x0800289b   Thumb Code    42  i2c_bitops.o(i.i2c_bitops_restart)
    i.i2c_bitops_send_address                0x080028c4   Section        0  i2c_bitops.o(i.i2c_bitops_send_address)
    i2c_bitops_send_address                  0x080028c5   Thumb Code   168  i2c_bitops.o(i.i2c_bitops_send_address)
    i.i2c_bitops_send_byte                   0x0800296c   Section        0  i2c_bitops.o(i.i2c_bitops_send_byte)
    i2c_bitops_send_byte                     0x0800296d   Thumb Code    68  i2c_bitops.o(i.i2c_bitops_send_byte)
    i.i2c_bitops_start                       0x080029b0   Section        0  i2c_bitops.o(i.i2c_bitops_start)
    i2c_bitops_start                         0x080029b1   Thumb Code    24  i2c_bitops.o(i.i2c_bitops_start)
    i.i2c_bitops_stop                        0x080029c8   Section        0  i2c_bitops.o(i.i2c_bitops_stop)
    i2c_bitops_stop                          0x080029c9   Thumb Code    36  i2c_bitops.o(i.i2c_bitops_stop)
    i.i2c_bitops_wait_ack                    0x080029ec   Section        0  i2c_bitops.o(i.i2c_bitops_wait_ack)
    i2c_bitops_wait_ack                      0x080029ed   Thumb Code    46  i2c_bitops.o(i.i2c_bitops_wait_ack)
    i.i2c_bus_xfer                           0x08002a1a   Section        0  i2c_core.o(i.i2c_bus_xfer)
    i.i2c_send_address                       0x08002a36   Section        0  i2c_bitops.o(i.i2c_send_address)
    i2c_send_address                         0x08002a37   Thumb Code    74  i2c_bitops.o(i.i2c_send_address)
    i.increaseday                            0x08002a80   Section        0  main.o(i.increaseday)
    increaseday                              0x08002a81   Thumb Code    48  main.o(i.increaseday)
    i.init_linked                            0x08002ab4   Section        0  smarttimer.o(i.init_linked)
    init_linked                              0x08002ab5   Thumb Code    10  smarttimer.o(i.init_linked)
    i.insert_event                           0x08002abe   Section        0  smarttimer.o(i.insert_event)
    insert_event                             0x08002abf   Thumb Code    80  smarttimer.o(i.insert_event)
    i.insert_node_prev                       0x08002b0e   Section        0  smarttimer.o(i.insert_node_prev)
    insert_node_prev                         0x08002b0f   Thumb Code    32  smarttimer.o(i.insert_node_prev)
    i.insert_to_tail                         0x08002b2e   Section        0  smarttimer.o(i.insert_to_tail)
    insert_to_tail                           0x08002b2f   Thumb Code    36  smarttimer.o(i.insert_to_tail)
    i.isLeap                                 0x08002b52   Section        0  main.o(i.isLeap)
    isLeap                                   0x08002b53   Thumb Code    50  main.o(i.isLeap)
    i.key_scan                               0x08002b84   Section        0  app_key.o(i.key_scan)
    i.main                                   0x08002e84   Section        0  main.o(i.main)
    i.malloc_event                           0x08003068   Section        0  smarttimer.o(i.malloc_event)
    malloc_event                             0x08003069   Thumb Code    56  smarttimer.o(i.malloc_event)
    i.oled12864_write_reg0                   0x080030a4   Section        0  app_oled.o(i.oled12864_write_reg0)
    oled12864_write_reg0                     0x080030a5   Thumb Code    64  app_oled.o(i.oled12864_write_reg0)
    i.oled1306_set_cursor                    0x080030e8   Section        0  app_oled.o(i.oled1306_set_cursor)
    oled1306_set_cursor                      0x080030e9   Thumb Code    38  app_oled.o(i.oled1306_set_cursor)
    i.ops_i2c_bus_xfer                       0x0800310e   Section        0  i2c_hw.o(i.ops_i2c_bus_xfer)
    i.push_event                             0x08003124   Section        0  smarttimer.o(i.push_event)
    push_event                               0x08003125   Thumb Code   112  smarttimer.o(i.push_event)
    i.read_gpio_state                        0x080031a4   Section        0  app_key.o(i.read_gpio_state)
    i.recyle_event                           0x080031e8   Section        0  smarttimer.o(i.recyle_event)
    recyle_event                             0x080031e9   Thumb Code    36  smarttimer.o(i.recyle_event)
    i.remove_node                            0x08003214   Section        0  smarttimer.o(i.remove_node)
    remove_node                              0x08003215   Thumb Code    58  smarttimer.o(i.remove_node)
    i.remove_sysled                          0x08003250   Section        0  main.o(i.remove_sysled)
    remove_sysled                            0x08003251   Thumb Code    14  main.o(i.remove_sysled)
    i.runlater_test                          0x08003264   Section        0  main.o(i.runlater_test)
    runlater_test                            0x08003265   Thumb Code   126  main.o(i.runlater_test)
    i.set_timetick                           0x08003370   Section        0  main.o(i.set_timetick)
    set_timetick                             0x08003371   Thumb Code    88  main.o(i.set_timetick)
    i.simulation_rtc                         0x080033d4   Section        0  main.o(i.simulation_rtc)
    simulation_rtc                           0x080033d5   Thumb Code    64  main.o(i.simulation_rtc)
    i.ssd1306_write_cmd                      0x08003418   Section        0  app_oled.o(i.ssd1306_write_cmd)
    ssd1306_write_cmd                        0x08003419   Thumb Code    14  app_oled.o(i.ssd1306_write_cmd)
    i.ssd1306_write_data                     0x08003426   Section        0  app_oled.o(i.ssd1306_write_data)
    ssd1306_write_data                       0x08003427   Thumb Code    14  app_oled.o(i.ssd1306_write_data)
    i.stim_delay                             0x08003434   Section        0  smarttimer.o(i.stim_delay)
    i.stim_init                              0x0800345c   Section        0  smarttimer.o(i.stim_init)
    i.stim_kill_event                        0x080034cc   Section        0  smarttimer.o(i.stim_kill_event)
    i.stim_loop                              0x08003514   Section        0  smarttimer.o(i.stim_loop)
    i.stim_mainloop                          0x08003538   Section        0  smarttimer.o(i.stim_mainloop)
    i.stim_runlater                          0x080035ac   Section        0  smarttimer.o(i.stim_runlater)
    i.stim_tick                              0x080035c8   Section        0  smarttimer.o(i.stim_tick)
    i.stm32f1xx_i2c_init                     0x08003680   Section        0  i2c_hw.o(i.stm32f1xx_i2c_init)
    i.sys_init                               0x080036f4   Section        0  main.o(i.sys_init)
    sys_init                                 0x080036f5   Thumb Code    72  main.o(i.sys_init)
    i.sys_ledflash                           0x0800374c   Section        0  main.o(i.sys_ledflash)
    sys_ledflash                             0x0800374d   Thumb Code    48  main.o(i.sys_ledflash)
    i.tok_conrtolGame_page                   0x08003784   Section        0  app_menu.o(i.tok_conrtolGame_page)
    i.tok_dht11_page                         0x08003786   Section        0  app_menu.o(i.tok_dht11_page)
    i.tok_home_page                          0x08003788   Section        0  app_menu.o(i.tok_home_page)
    i.tok_info_page                          0x0800382c   Section        0  app_menu.o(i.tok_info_page)
    i.tok_information_page                   0x080038d0   Section        0  app_menu.o(i.tok_information_page)
    i.tok_led_page                           0x080038d2   Section        0  app_menu.o(i.tok_led_page)
    i.tok_palygame_page                      0x080038d4   Section        0  app_menu.o(i.tok_palygame_page)
    i.tok_set_page                           0x08003978   Section        0  app_menu.o(i.tok_set_page)
    i.tok_setting_page                       0x0800397c   Section        0  app_menu.o(i.tok_setting_page)
    i.tok_temperature_page                   0x08003a20   Section        0  app_menu.o(i.tok_temperature_page)
    i.x_oled1306_DrawBMP                     0x08003ac4   Section        0  app_oled.o(i.x_oled1306_DrawBMP)
    .constdata                               0x08003b38   Section       39  main.o(.constdata)
    __FUNCTION__                             0x08003b4c   Data          14  main.o(.constdata)
    __FUNCTION__                             0x08003b5a   Data           5  main.o(.constdata)
    .constdata                               0x08003b5f   Section      198  elog.o(.constdata)
    __FUNCTION__                             0x08003b5f   Data          11  elog.o(.constdata)
    __FUNCTION__                             0x08003b6a   Data          10  elog.o(.constdata)
    __FUNCTION__                             0x08003b74   Data          24  elog.o(.constdata)
    __FUNCTION__                             0x08003b8c   Data          13  elog.o(.constdata)
    __FUNCTION__                             0x08003b99   Data          16  elog.o(.constdata)
    __FUNCTION__                             0x08003ba9   Data          20  elog.o(.constdata)
    __FUNCTION__                             0x08003bbd   Data          24  elog.o(.constdata)
    __FUNCTION__                             0x08003bd5   Data          24  elog.o(.constdata)
    __FUNCTION__                             0x08003bed   Data          12  elog.o(.constdata)
    __FUNCTION__                             0x08003bf9   Data          16  elog.o(.constdata)
    __FUNCTION__                             0x08003c09   Data          14  elog.o(.constdata)
    __FUNCTION__                             0x08003c17   Data          14  elog.o(.constdata)
    .constdata                               0x08003c25   Section       35  elog_utils.o(.constdata)
    __FUNCTION__                             0x08003c25   Data          12  elog_utils.o(.constdata)
    __FUNCTION__                             0x08003c31   Data          11  elog_utils.o(.constdata)
    __FUNCTION__                             0x08003c3c   Data          12  elog_utils.o(.constdata)
    .constdata                               0x08003c48   Section      201  app_key.o(.constdata)
    __FUNCTION__                             0x08003d08   Data           9  app_key.o(.constdata)
    .constdata                               0x08003d11   Section       16  app_timer.o(.constdata)
    __FUNCTION__                             0x08003d11   Data          16  app_timer.o(.constdata)
    .constdata                               0x08003d21   Section      129  ctype_o.o(.constdata)
    .constdata                               0x08003da4   Section        4  ctype_o.o(.constdata)
    table                                    0x08003da4   Data           4  ctype_o.o(.constdata)
    .conststring                             0x08003da8   Section       70  elog.o(.conststring)
    .data                                    0x20000000   Section       20  stm32f10x_rcc.o(.data)
    APBAHBPrescTable                         0x20000000   Data          16  stm32f10x_rcc.o(.data)
    ADCPrescTable                            0x20000010   Data           4  stm32f10x_rcc.o(.data)
    .data                                    0x20000014   Section       36  main.o(.data)
    sysled_id                                0x2000001c   Data           1  main.o(.data)
    syskey_id                                0x2000001d   Data           1  main.o(.data)
    flag                                     0x20000030   Data           1  main.o(.data)
    tmp                                      0x20000034   Data           4  main.o(.data)
    .data                                    0x20000038   Section       20  system_stm32f10x.o(.data)
    .data                                    0x2000004c   Section        4  bsp_uart.o(.data)
    .data                                    0x20000050   Section       52  elog.o(.data)
    level_output_info                        0x20000050   Data          24  elog.o(.data)
    color_output_info                        0x20000068   Data          24  elog.o(.data)
    .data                                    0x20000084   Section       30  app_key.o(.data)
    i                                        0x2000008c   Data           4  app_key.o(.data)
    KeyStartTime                             0x20000090   Data           4  app_key.o(.data)
    TrigFlag                                 0x20000094   Data           1  app_key.o(.data)
    PreKeyVal                                0x20000095   Data           1  app_key.o(.data)
    WaitKeyUp                                0x20000096   Data           1  app_key.o(.data)
    ClickStartTime                           0x20000098   Data           4  app_key.o(.data)
    LastClickTime                            0x2000009c   Data           4  app_key.o(.data)
    DoubleClickFlag                          0x200000a0   Data           1  app_key.o(.data)
    ClickFlag                                0x200000a1   Data           1  app_key.o(.data)
    .data                                    0x200000a4   Section        4  app_timer.o(.data)
    .data                                    0x200000a8   Section        4  smarttimer.o(.data)
    current_tick                             0x200000a8   Data           4  smarttimer.o(.data)
    .data                                    0x200000ac   Section      250  app_oled.o(.data)
    SSD1306                                  0x200001a0   Data           6  app_oled.o(.data)
    .data                                    0x200001a8   Section     2040  app_menu.o(.data)
    .data                                    0x200009a0   Section        2  atk_mw8266d.o(.data)
    .data                                    0x200009a4   Section        4  errno.o(.data)
    _errno                                   0x200009a4   Data           4  errno.o(.data)
    .bss                                     0x200009a8   Section     1272  elog.o(.bss)
    elog                                     0x200009a8   Data         248  elog.o(.bss)
    log_buf                                  0x20000aa0   Data        1024  elog.o(.bss)
    .bss                                     0x20000ea0   Section       48  app_key.o(.bss)
    .bss                                     0x20000ed0   Section      620  smarttimer.o(.bss)
    event_pool                               0x20000ed0   Data         480  smarttimer.o(.bss)
    list_manager                             0x200010b0   Data          28  smarttimer.o(.bss)
    recycle_list                             0x200010cc   Data          12  smarttimer.o(.bss)
    callback_list                            0x200010d8   Data          80  smarttimer.o(.bss)
    mark_list                                0x20001128   Data          20  smarttimer.o(.bss)
    .bss                                     0x2000113c   Section       20  i2c_hw.o(.bss)
    .bss                                     0x20001150   Section      322  atk_mw8266d.o(.bss)
    g_uart_rx_frame                          0x200011d0   Data         130  atk_mw8266d.o(.bss)
    g_uart_tx_buf                            0x20001252   Data          64  atk_mw8266d.o(.bss)
    STACK                                    0x20001298   Section     1024  startup_stm32f10x_md.o(STACK)

    Global Symbols

    Symbol Name                              Value     Ov Type        Size  Object(Section)

    BuildAttributes$$THM_ISAv4$P$D$K$B$S$PE$A:L22UL41UL21$X:L11$S22US41US21$IEEE1$IW$USESV6$~STKCKD$USESV7$~SHL$OSPACE$ROPI$EBA8$MICROLIB$REQ8$PRES8$EABIv2 0x00000000   Number         0  anon$$obj.o ABSOLUTE
    __ARM_use_no_argv                        0x00000000   Number         0  main.o ABSOLUTE
    __use_no_errno                           0x00000000   Number         0  useno.o ABSOLUTE
    __use_no_exception_handling              0x00000000   Number         0  useno.o ABSOLUTE
    __use_no_fp                              0x00000000   Number         0  useno.o ABSOLUTE
    __use_no_heap                            0x00000000   Number         0  useno.o ABSOLUTE
    __use_no_heap_region                     0x00000000   Number         0  useno.o ABSOLUTE
    __use_no_semihosting                     0x00000000   Number         0  useno.o ABSOLUTE
    __use_no_semihosting_swi                 0x00000000   Number         0  useno.o ABSOLUTE
    __use_no_signal_handling                 0x00000000   Number         0  useno.o ABSOLUTE
    _printf_a                                0x00000000   Number         0  stubs.o ABSOLUTE
    _printf_c                                0x00000000   Number         0  stubs.o ABSOLUTE
    _printf_charcount                        0x00000000   Number         0  stubs.o ABSOLUTE
    _printf_d                                0x00000000   Number         0  stubs.o ABSOLUTE
    _printf_e                                0x00000000   Number         0  stubs.o ABSOLUTE
    _printf_f                                0x00000000   Number         0  stubs.o ABSOLUTE
    _printf_flags                            0x00000000   Number         0  stubs.o ABSOLUTE
    _printf_fp_dec                           0x00000000   Number         0  stubs.o ABSOLUTE
    _printf_fp_hex                           0x00000000   Number         0  stubs.o ABSOLUTE
    _printf_g                                0x00000000   Number         0  stubs.o ABSOLUTE
    _printf_i                                0x00000000   Number         0  stubs.o ABSOLUTE
    _printf_int_dec                          0x00000000   Number         0  stubs.o ABSOLUTE
    _printf_l                                0x00000000   Number         0  stubs.o ABSOLUTE
    _printf_lc                               0x00000000   Number         0  stubs.o ABSOLUTE
    _printf_ll                               0x00000000   Number         0  stubs.o ABSOLUTE
    _printf_lld                              0x00000000   Number         0  stubs.o ABSOLUTE
    _printf_lli                              0x00000000   Number         0  stubs.o ABSOLUTE
    _printf_llo                              0x00000000   Number         0  stubs.o ABSOLUTE
    _printf_llu                              0x00000000   Number         0  stubs.o ABSOLUTE
    _printf_llx                              0x00000000   Number         0  stubs.o ABSOLUTE
    _printf_longlong_dec                     0x00000000   Number         0  stubs.o ABSOLUTE
    _printf_longlong_hex                     0x00000000   Number         0  stubs.o ABSOLUTE
    _printf_longlong_oct                     0x00000000   Number         0  stubs.o ABSOLUTE
    _printf_ls                               0x00000000   Number         0  stubs.o ABSOLUTE
    _printf_mbtowc                           0x00000000   Number         0  stubs.o ABSOLUTE
    _printf_n                                0x00000000   Number         0  stubs.o ABSOLUTE
    _printf_o                                0x00000000   Number         0  stubs.o ABSOLUTE
    _printf_p                                0x00000000   Number         0  stubs.o ABSOLUTE
    _printf_percent                          0x00000000   Number         0  stubs.o ABSOLUTE
    _printf_pre_padding                      0x00000000   Number         0  stubs.o ABSOLUTE
    _printf_return_value                     0x00000000   Number         0  stubs.o ABSOLUTE
    _printf_s                                0x00000000   Number         0  stubs.o ABSOLUTE
    _printf_sizespec                         0x00000000   Number         0  stubs.o ABSOLUTE
    _printf_str                              0x00000000   Number         0  stubs.o ABSOLUTE
    _printf_truncate_signed                  0x00000000   Number         0  stubs.o ABSOLUTE
    _printf_truncate_unsigned                0x00000000   Number         0  stubs.o ABSOLUTE
    _printf_u                                0x00000000   Number         0  stubs.o ABSOLUTE
    _printf_wc                               0x00000000   Number         0  stubs.o ABSOLUTE
    _printf_wctomb                           0x00000000   Number         0  stubs.o ABSOLUTE
    _printf_widthprec                        0x00000000   Number         0  stubs.o ABSOLUTE
    _printf_x                                0x00000000   Number         0  stubs.o ABSOLUTE
    __arm_fini_                               - Undefined Weak Reference
    __cpp_initialize__aeabi_                  - Undefined Weak Reference
    __cxa_finalize                            - Undefined Weak Reference
    _clock_init                               - Undefined Weak Reference
    _microlib_exit                            - Undefined Weak Reference
    __Vectors_Size                           0x000000ec   Number         0  startup_stm32f10x_md.o ABSOLUTE
    __Vectors                                0x08000000   Data           4  startup_stm32f10x_md.o(RESET)
    __Vectors_End                            0x080000ec   Data           0  startup_stm32f10x_md.o(RESET)
    __main                                   0x080000ed   Thumb Code     0  entry.o(.ARM.Collect$$$$00000000)
    _main_stk                                0x080000ed   Thumb Code     0  entry2.o(.ARM.Collect$$$$00000001)
    _main_scatterload                        0x080000f1   Thumb Code     0  entry5.o(.ARM.Collect$$$$00000004)
    __main_after_scatterload                 0x080000f5   Thumb Code     0  entry5.o(.ARM.Collect$$$$00000004)
    _main_clock                              0x080000f5   Thumb Code     0  entry7b.o(.ARM.Collect$$$$00000008)
    _main_cpp_init                           0x080000f5   Thumb Code     0  entry8b.o(.ARM.Collect$$$$0000000A)
    _main_init                               0x080000f5   Thumb Code     0  entry9a.o(.ARM.Collect$$$$0000000B)
    __rt_lib_shutdown_fini                   0x080000fd   Thumb Code     0  entry12b.o(.ARM.Collect$$$$0000000E)
    __rt_final_cpp                           0x08000101   Thumb Code     0  entry10a.o(.ARM.Collect$$$$0000000F)
    __rt_final_exit                          0x08000101   Thumb Code     0  entry11a.o(.ARM.Collect$$$$00000011)
    Reset_Handler                            0x08000105   Thumb Code     8  startup_stm32f10x_md.o(.text)
    ADC1_2_IRQHandler                        0x0800011f   Thumb Code     0  startup_stm32f10x_md.o(.text)
    CAN1_RX1_IRQHandler                      0x0800011f   Thumb Code     0  startup_stm32f10x_md.o(.text)
    CAN1_SCE_IRQHandler                      0x0800011f   Thumb Code     0  startup_stm32f10x_md.o(.text)
    DMA1_Channel1_IRQHandler                 0x0800011f   Thumb Code     0  startup_stm32f10x_md.o(.text)
    DMA1_Channel2_IRQHandler                 0x0800011f   Thumb Code     0  startup_stm32f10x_md.o(.text)
    DMA1_Channel3_IRQHandler                 0x0800011f   Thumb Code     0  startup_stm32f10x_md.o(.text)
    DMA1_Channel4_IRQHandler                 0x0800011f   Thumb Code     0  startup_stm32f10x_md.o(.text)
    DMA1_Channel5_IRQHandler                 0x0800011f   Thumb Code     0  startup_stm32f10x_md.o(.text)
    DMA1_Channel6_IRQHandler                 0x0800011f   Thumb Code     0  startup_stm32f10x_md.o(.text)
    DMA1_Channel7_IRQHandler                 0x0800011f   Thumb Code     0  startup_stm32f10x_md.o(.text)
    EXTI0_IRQHandler                         0x0800011f   Thumb Code     0  startup_stm32f10x_md.o(.text)
    EXTI15_10_IRQHandler                     0x0800011f   Thumb Code     0  startup_stm32f10x_md.o(.text)
    EXTI1_IRQHandler                         0x0800011f   Thumb Code     0  startup_stm32f10x_md.o(.text)
    EXTI2_IRQHandler                         0x0800011f   Thumb Code     0  startup_stm32f10x_md.o(.text)
    EXTI3_IRQHandler                         0x0800011f   Thumb Code     0  startup_stm32f10x_md.o(.text)
    EXTI4_IRQHandler                         0x0800011f   Thumb Code     0  startup_stm32f10x_md.o(.text)
    EXTI9_5_IRQHandler                       0x0800011f   Thumb Code     0  startup_stm32f10x_md.o(.text)
    FLASH_IRQHandler                         0x0800011f   Thumb Code     0  startup_stm32f10x_md.o(.text)
    I2C1_ER_IRQHandler                       0x0800011f   Thumb Code     0  startup_stm32f10x_md.o(.text)
    I2C1_EV_IRQHandler                       0x0800011f   Thumb Code     0  startup_stm32f10x_md.o(.text)
    I2C2_ER_IRQHandler                       0x0800011f   Thumb Code     0  startup_stm32f10x_md.o(.text)
    I2C2_EV_IRQHandler                       0x0800011f   Thumb Code     0  startup_stm32f10x_md.o(.text)
    PVD_IRQHandler                           0x0800011f   Thumb Code     0  startup_stm32f10x_md.o(.text)
    RCC_IRQHandler                           0x0800011f   Thumb Code     0  startup_stm32f10x_md.o(.text)
    RTCAlarm_IRQHandler                      0x0800011f   Thumb Code     0  startup_stm32f10x_md.o(.text)
    RTC_IRQHandler                           0x0800011f   Thumb Code     0  startup_stm32f10x_md.o(.text)
    SPI1_IRQHandler                          0x0800011f   Thumb Code     0  startup_stm32f10x_md.o(.text)
    SPI2_IRQHandler                          0x0800011f   Thumb Code     0  startup_stm32f10x_md.o(.text)
    TAMPER_IRQHandler                        0x0800011f   Thumb Code     0  startup_stm32f10x_md.o(.text)
    TIM1_BRK_IRQHandler                      0x0800011f   Thumb Code     0  startup_stm32f10x_md.o(.text)
    TIM1_CC_IRQHandler                       0x0800011f   Thumb Code     0  startup_stm32f10x_md.o(.text)
    TIM1_TRG_COM_IRQHandler                  0x0800011f   Thumb Code     0  startup_stm32f10x_md.o(.text)
    TIM1_UP_IRQHandler                       0x0800011f   Thumb Code     0  startup_stm32f10x_md.o(.text)
    TIM3_IRQHandler                          0x0800011f   Thumb Code     0  startup_stm32f10x_md.o(.text)
    TIM4_IRQHandler                          0x0800011f   Thumb Code     0  startup_stm32f10x_md.o(.text)
    USART1_IRQHandler                        0x0800011f   Thumb Code     0  startup_stm32f10x_md.o(.text)
    USART2_IRQHandler                        0x0800011f   Thumb Code     0  startup_stm32f10x_md.o(.text)
    USBWakeUp_IRQHandler                     0x0800011f   Thumb Code     0  startup_stm32f10x_md.o(.text)
    USB_HP_CAN1_TX_IRQHandler                0x0800011f   Thumb Code     0  startup_stm32f10x_md.o(.text)
    USB_LP_CAN1_RX0_IRQHandler               0x0800011f   Thumb Code     0  startup_stm32f10x_md.o(.text)
    WWDG_IRQHandler                          0x0800011f   Thumb Code     0  startup_stm32f10x_md.o(.text)
    __aeabi_memset                           0x08000129   Thumb Code    14  memseta.o(.text)
    __aeabi_memset4                          0x08000129   Thumb Code     0  memseta.o(.text)
    __aeabi_memset8                          0x08000129   Thumb Code     0  memseta.o(.text)
    __aeabi_memclr                           0x08000137   Thumb Code     4  memseta.o(.text)
    __aeabi_memclr4                          0x08000137   Thumb Code     0  memseta.o(.text)
    __aeabi_memclr8                          0x08000137   Thumb Code     0  memseta.o(.text)
    _memset$wrapper                          0x0800013b   Thumb Code    18  memseta.o(.text)
    strstr                                   0x0800014d   Thumb Code    36  strstr.o(.text)
    strlen                                   0x08000171   Thumb Code    14  strlen.o(.text)
    strncmp                                  0x0800017f   Thumb Code    30  strncmp.o(.text)
    atoi                                     0x0800019d   Thumb Code    26  atoi.o(.text)
    __aeabi_uidiv                            0x080001b7   Thumb Code     0  uidiv.o(.text)
    __aeabi_uidivmod                         0x080001b7   Thumb Code    44  uidiv.o(.text)
    __aeabi_uldivmod                         0x080001e3   Thumb Code    98  uldiv.o(.text)
    strtol                                   0x08000245   Thumb Code   112  strtol.o(.text)
    __I$use$fp                               0x080002b5   Thumb Code     0  iusefp.o(.text)
    __aeabi_dadd                             0x080002b5   Thumb Code   322  dadd.o(.text)
    __aeabi_dsub                             0x080003f7   Thumb Code     6  dadd.o(.text)
    __aeabi_drsub                            0x080003fd   Thumb Code     6  dadd.o(.text)
    __aeabi_dmul                             0x08000403   Thumb Code   228  dmul.o(.text)
    __aeabi_ddiv                             0x080004e7   Thumb Code   222  ddiv.o(.text)
    __aeabi_d2ulz                            0x080005c5   Thumb Code    48  dfixul.o(.text)
    __aeabi_cdrcmple                         0x080005f5   Thumb Code    48  cdrcmple.o(.text)
    __scatterload                            0x08000625   Thumb Code    28  init.o(.text)
    __scatterload_rt2                        0x08000625   Thumb Code     0  init.o(.text)
    __aeabi_llsl                             0x08000649   Thumb Code    30  llshl.o(.text)
    _ll_shift_l                              0x08000649   Thumb Code     0  llshl.o(.text)
    __aeabi_llsr                             0x08000667   Thumb Code    32  llushr.o(.text)
    _ll_ushift_r                             0x08000667   Thumb Code     0  llushr.o(.text)
    __aeabi_lasr                             0x08000687   Thumb Code    36  llsshr.o(.text)
    _ll_sshift_r                             0x08000687   Thumb Code     0  llsshr.o(.text)
    __rt_ctype_table                         0x080006ad   Thumb Code     4  ctype_o.o(.text)
    _strtoul                                 0x080006b5   Thumb Code   158  _strtoul.o(.text)
    _double_round                            0x08000753   Thumb Code    30  depilogue.o(.text)
    _double_epilogue                         0x08000771   Thumb Code   156  depilogue.o(.text)
    _chval                                   0x0800080d   Thumb Code    28  _chval.o(.text)
    __decompress                             0x08000829   Thumb Code     0  __dczerorl2.o(.text)
    __decompress1                            0x08000829   Thumb Code    86  __dczerorl2.o(.text)
    BusFault_Handler                         0x0800087f   Thumb Code     4  stm32f10x_it.o(i.BusFault_Handler)
    DebugMon_Handler                         0x08000883   Thumb Code     2  stm32f10x_it.o(i.DebugMon_Handler)
    Easylogger_Init                          0x08000885   Thumb Code    66  app_log.o(i.Easylogger_Init)
    GPIO_Init                                0x080008c7   Thumb Code   278  stm32f10x_gpio.o(i.GPIO_Init)
    GPIO_ReadInputDataBit                    0x080009dd   Thumb Code    18  stm32f10x_gpio.o(i.GPIO_ReadInputDataBit)
    GPIO_ResetBits                           0x080009ef   Thumb Code     4  stm32f10x_gpio.o(i.GPIO_ResetBits)
    GPIO_SetBits                             0x080009f3   Thumb Code     4  stm32f10x_gpio.o(i.GPIO_SetBits)
    GetSysTickVal                            0x080009f9   Thumb Code     6  app_timer.o(i.GetSysTickVal)
    HardFault_Handler                        0x08000a05   Thumb Code     4  stm32f10x_it.o(i.HardFault_Handler)
    MemManage_Handler                        0x08000a09   Thumb Code     4  stm32f10x_it.o(i.MemManage_Handler)
    NMI_Handler                              0x08000a0d   Thumb Code     2  stm32f10x_it.o(i.NMI_Handler)
    NVIC_PriorityGroupConfig                 0x08000a11   Thumb Code    10  misc.o(i.NVIC_PriorityGroupConfig)
    OLED12864_Init                           0x08000a25   Thumb Code   194  app_oled.o(i.OLED12864_Init)
    OLED_Fill_All                            0x08000aed   Thumb Code    58  app_oled.o(i.OLED_Fill_All)
    PendSV_Handler                           0x08000b27   Thumb Code     2  stm32f10x_it.o(i.PendSV_Handler)
    RCC_APB2PeriphClockCmd                   0x08000b29   Thumb Code    26  stm32f10x_rcc.o(i.RCC_APB2PeriphClockCmd)
    RCC_GetClocksFreq                        0x08000b49   Thumb Code   192  stm32f10x_rcc.o(i.RCC_GetClocksFreq)
    RCC_HCLKConfig                           0x08000c1d   Thumb Code    18  stm32f10x_rcc.o(i.RCC_HCLKConfig)
    RCC_PCLK1Config                          0x08000c35   Thumb Code    18  stm32f10x_rcc.o(i.RCC_PCLK1Config)
    RCC_PCLK2Config                          0x08000c4d   Thumb Code    20  stm32f10x_rcc.o(i.RCC_PCLK2Config)
    SVC_Handler                              0x08000c65   Thumb Code     2  stm32f10x_it.o(i.SVC_Handler)
    SysTick_CLKSourceConfig                  0x08000d51   Thumb Code    40  misc.o(i.SysTick_CLKSourceConfig)
    SysTick_Handler                          0x08000d79   Thumb Code    18  app_timer.o(i.SysTick_Handler)
    SystemInit                               0x08000d91   Thumb Code    78  system_stm32f10x.o(i.SystemInit)
    SystemTickConfig                         0x08000df1   Thumb Code    70  app_timer.o(i.SystemTickConfig)
    TIM2_IRQHandler                          0x08000e3d   Thumb Code    64  app_timer.o(i.TIM2_IRQHandler)
    TIM_ClearITPendingBit                    0x08000ebd   Thumb Code     6  stm32f10x_tim.o(i.TIM_ClearITPendingBit)
    TIM_Cmd                                  0x08000ec3   Thumb Code    24  stm32f10x_tim.o(i.TIM_Cmd)
    TIM_GetITStatus                          0x08000edb   Thumb Code    34  stm32f10x_tim.o(i.TIM_GetITStatus)
    TIM_SetCounter                           0x08000efd   Thumb Code     4  stm32f10x_tim.o(i.TIM_SetCounter)
    USART1_Configuration                     0x08000f01   Thumb Code   124  bsp_uart.o(i.USART1_Configuration)
    USART3_IRQHandler                        0x08000f85   Thumb Code    94  atk_mw8266d.o(i.USART3_IRQHandler)
    USART_Cmd                                0x08000ff1   Thumb Code    24  stm32f10x_usart.o(i.USART_Cmd)
    USART_GetITStatus                        0x08001009   Thumb Code    84  stm32f10x_usart.o(i.USART_GetITStatus)
    USART_Init                               0x0800105d   Thumb Code   210  stm32f10x_usart.o(i.USART_Init)
    USART_ReceiveData                        0x08001135   Thumb Code    10  stm32f10x_usart.o(i.USART_ReceiveData)
    UsageFault_Handler                       0x0800113f   Thumb Code     4  stm32f10x_it.o(i.UsageFault_Handler)
    __0printf                                0x08001145   Thumb Code    22  printfa.o(i.__0printf)
    __1printf                                0x08001145   Thumb Code     0  printfa.o(i.__0printf)
    __2printf                                0x08001145   Thumb Code     0  printfa.o(i.__0printf)
    __c89printf                              0x08001145   Thumb Code     0  printfa.o(i.__0printf)
    printf                                   0x08001145   Thumb Code     0  printfa.o(i.__0printf)
    __0snprintf                              0x08001165   Thumb Code    48  printfa.o(i.__0snprintf)
    __1snprintf                              0x08001165   Thumb Code     0  printfa.o(i.__0snprintf)
    __2snprintf                              0x08001165   Thumb Code     0  printfa.o(i.__0snprintf)
    __c89snprintf                            0x08001165   Thumb Code     0  printfa.o(i.__0snprintf)
    snprintf                                 0x08001165   Thumb Code     0  printfa.o(i.__0snprintf)
    __0vsnprintf                             0x08001199   Thumb Code    46  printfa.o(i.__0vsnprintf)
    __1vsnprintf                             0x08001199   Thumb Code     0  printfa.o(i.__0vsnprintf)
    __2vsnprintf                             0x08001199   Thumb Code     0  printfa.o(i.__0vsnprintf)
    __c89vsnprintf                           0x08001199   Thumb Code     0  printfa.o(i.__0vsnprintf)
    vsnprintf                                0x08001199   Thumb Code     0  printfa.o(i.__0vsnprintf)
    __aeabi_errno_addr                       0x080011cd   Thumb Code     4  errno.o(i.__aeabi_errno_addr)
    __rt_errno_addr                          0x080011cd   Thumb Code     0  errno.o(i.__aeabi_errno_addr)
    __scatterload_copy                       0x080011d5   Thumb Code    14  handlers.o(i.__scatterload_copy)
    __scatterload_null                       0x080011e3   Thumb Code     2  handlers.o(i.__scatterload_null)
    __scatterload_zeroinit                   0x080011e5   Thumb Code    14  handlers.o(i.__scatterload_zeroinit)
    app_key_init                             0x08001a95   Thumb Code    96  app_key.o(i.app_key_init)
    elog_get_filter_tag_lvl                  0x08001b65   Thumb Code   162  elog.o(i.elog_get_filter_tag_lvl)
    elog_init                                0x08001c69   Thumb Code    76  elog.o(i.elog_init)
    elog_output                              0x08001cb9   Thumb Code   818  elog.o(i.elog_output)
    elog_output_lock                         0x0800208d   Thumb Code    34  elog.o(i.elog_output_lock)
    elog_output_lock_enabled                 0x080020b5   Thumb Code    60  elog.o(i.elog_output_lock_enabled)
    elog_output_unlock                       0x080020f5   Thumb Code    34  elog.o(i.elog_output_unlock)
    elog_port_get_p_info                     0x0800211d   Thumb Code     4  elog_port.o(i.elog_port_get_p_info)
    elog_port_get_t_info                     0x08002125   Thumb Code     4  elog_port.o(i.elog_port_get_t_info)
    elog_port_get_time                       0x0800212d   Thumb Code     4  elog_port.o(i.elog_port_get_time)
    elog_port_init                           0x08002135   Thumb Code     4  elog_port.o(i.elog_port_init)
    elog_port_output                         0x08002139   Thumb Code    18  elog_port.o(i.elog_port_output)
    elog_port_output_lock                    0x08002155   Thumb Code     2  elog_port.o(i.elog_port_output_lock)
    elog_port_output_unlock                  0x08002157   Thumb Code     2  elog_port.o(i.elog_port_output_unlock)
    elog_set_filter_lvl                      0x08002159   Thumb Code    74  elog.o(i.elog_set_filter_lvl)
    elog_set_fmt                             0x08002249   Thumb Code    78  elog.o(i.elog_set_fmt)
    elog_set_output_enabled                  0x08002301   Thumb Code    82  elog.o(i.elog_set_output_enabled)
    elog_set_text_color_enabled              0x080023c9   Thumb Code     8  elog.o(i.elog_set_text_color_enabled)
    elog_start                               0x080023d5   Thumb Code    46  elog.o(i.elog_start)
    elog_strcpy                              0x08002459   Thumb Code   162  elog_utils.o(i.elog_strcpy)
    fputc                                    0x08002575   Thumb Code    24  bsp_uart.o(i.fputc)
    i2c_bitops_bus_xfer                      0x08002779   Thumb Code   140  i2c_bitops.o(i.i2c_bitops_bus_xfer)
    i2c_bus_xfer                             0x08002a1b   Thumb Code    28  i2c_core.o(i.i2c_bus_xfer)
    key_scan                                 0x08002b85   Thumb Code   574  app_key.o(i.key_scan)
    main                                     0x08002e85   Thumb Code   248  main.o(i.main)
    ops_i2c_bus_xfer                         0x0800310f   Thumb Code    20  i2c_hw.o(i.ops_i2c_bus_xfer)
    read_gpio_state                          0x080031a5   Thumb Code    62  app_key.o(i.read_gpio_state)
    stim_delay                               0x08003435   Thumb Code    34  smarttimer.o(i.stim_delay)
    stim_init                                0x0800345d   Thumb Code    88  smarttimer.o(i.stim_init)
    stim_kill_event                          0x080034cd   Thumb Code    66  smarttimer.o(i.stim_kill_event)
    stim_loop                                0x08003515   Thumb Code    34  smarttimer.o(i.stim_loop)
    stim_mainloop                            0x08003539   Thumb Code   104  smarttimer.o(i.stim_mainloop)
    stim_runlater                            0x080035ad   Thumb Code    28  smarttimer.o(i.stim_runlater)
    stim_tick                                0x080035c9   Thumb Code   170  smarttimer.o(i.stim_tick)
    stm32f1xx_i2c_init                       0x08003681   Thumb Code    82  i2c_hw.o(i.stm32f1xx_i2c_init)
    tok_conrtolGame_page                     0x08003785   Thumb Code     2  app_menu.o(i.tok_conrtolGame_page)
    tok_dht11_page                           0x08003787   Thumb Code     2  app_menu.o(i.tok_dht11_page)
    tok_home_page                            0x08003789   Thumb Code   132  app_menu.o(i.tok_home_page)
    tok_info_page                            0x0800382d   Thumb Code   132  app_menu.o(i.tok_info_page)
    tok_information_page                     0x080038d1   Thumb Code     2  app_menu.o(i.tok_information_page)
    tok_led_page                             0x080038d3   Thumb Code     2  app_menu.o(i.tok_led_page)
    tok_palygame_page                        0x080038d5   Thumb Code   132  app_menu.o(i.tok_palygame_page)
    tok_set_page                             0x08003979   Thumb Code     2  app_menu.o(i.tok_set_page)
    tok_setting_page                         0x0800397d   Thumb Code   132  app_menu.o(i.tok_setting_page)
    tok_temperature_page                     0x08003a21   Thumb Code   132  app_menu.o(i.tok_temperature_page)
    x_oled1306_DrawBMP                       0x08003ac5   Thumb Code   116  app_oled.o(i.x_oled1306_DrawBMP)
    datestr                                  0x08003b38   Data          20  main.o(.constdata)
    key_cfg                                  0x08003c48   Data         192  app_key.o(.constdata)
    __ctype_table                            0x08003d21   Data         129  ctype_o.o(.constdata)
    Region$$Table$$Base                      0x08003df0   Number         0  anon$$obj.o(Region$$Table)
    Region$$Table$$Limit                     0x08003e10   Number         0  anon$$obj.o(Region$$Table)
    m_date                                   0x20000014   Data           8  main.o(.data)
    i2c0                                     0x20000020   Data           8  main.o(.data)
    i2c1                                     0x20000028   Data           8  main.o(.data)
    SystemCoreClock                          0x20000038   Data           4  system_stm32f10x.o(.data)
    AHBPrescTable                            0x2000003c   Data          16  system_stm32f10x.o(.data)
    __stdout                                 0x2000004c   Data           4  bsp_uart.o(.data)
    elog_assert_hook                         0x20000080   Data           4  elog.o(.data)
    KeyVal                                   0x20000084   Data           4  app_key.o(.data)
    func_index                               0x20000088   Data           1  app_key.o(.data)
    KeyFunc                                  0x20000089   Data           2  app_key.o(.data)
    uwTick                                   0x200000a4   Data           4  app_timer.o(.data)
    F16x16                                   0x200000ac   Data         128  app_oled.o(.data)
    F14x16                                   0x2000012c   Data         112  app_oled.o(.data)
    oled_i2c_dev                             0x2000019c   Data           4  app_oled.o(.data)
    current_operation_index                  0x200001a8   Data           4  app_menu.o(.data)
    signal_BMP                               0x200001ac   Data          60  app_menu.o(.data)
    gImage_bulethouch                        0x200001e8   Data         100  app_menu.o(.data)
    gImage_engery                            0x2000024c   Data          38  app_menu.o(.data)
    gImage_yes                               0x20000272   Data          38  app_menu.o(.data)
    gImage_left                              0x20000298   Data          38  app_menu.o(.data)
    gImage_right                             0x200002be   Data          38  app_menu.o(.data)
    gImage_back                              0x200002e4   Data          38  app_menu.o(.data)
    gImage_home                              0x2000030a   Data         294  app_menu.o(.data)
    gImage_temp                              0x20000430   Data         288  app_menu.o(.data)
    gImage_playgame                          0x20000550   Data         288  app_menu.o(.data)
    gImage_setting                           0x20000670   Data         288  app_menu.o(.data)
    gImage_info                              0x20000790   Data         288  app_menu.o(.data)
    table                                    0x200008b0   Data         240  app_menu.o(.data)
    usart3_rx_sta                            0x200009a0   Data           2  atk_mw8266d.o(.data)
    key_control                              0x20000ea0   Data          48  app_key.o(.bss)
    ops_i2c1_dev                             0x2000113c   Data          20  i2c_hw.o(.bss)
    USART3_RX_BUF                            0x20001150   Data         128  atk_mw8266d.o(.bss)
    __initial_sp                             0x20001698   Data           0  startup_stm32f10x_md.o(STACK)



==============================================================================

Memory Map of the image

  Image Entry point : 0x080000ed

  Load Region LR_IROM1 (Base: 0x08000000, Size: 0x000047b8, Max: 0x00010000, ABSOLUTE, COMPRESSED[0x00004278])

    Execution Region ER_IROM1 (Exec base: 0x08000000, Load base: 0x08000000, Size: 0x00003e10, Max: 0x00010000, ABSOLUTE)

    Exec Addr    Load Addr    Size         Type   Attr      Idx    E Section Name        Object

    0x08000000   0x08000000   0x000000ec   Data   RO           19    RESET               startup_stm32f10x_md.o
    0x080000ec   0x080000ec   0x00000000   Code   RO         4461  * .ARM.Collect$$$$00000000  mc_w.l(entry.o)
    0x080000ec   0x080000ec   0x00000004   Code   RO         4739    .ARM.Collect$$$$00000001  mc_w.l(entry2.o)
    0x080000f0   0x080000f0   0x00000004   Code   RO         4742    .ARM.Collect$$$$00000004  mc_w.l(entry5.o)
    0x080000f4   0x080000f4   0x00000000   Code   RO         4744    .ARM.Collect$$$$00000008  mc_w.l(entry7b.o)
    0x080000f4   0x080000f4   0x00000000   Code   RO         4746    .ARM.Collect$$$$0000000A  mc_w.l(entry8b.o)
    0x080000f4   0x080000f4   0x00000008   Code   RO         4747    .ARM.Collect$$$$0000000B  mc_w.l(entry9a.o)
    0x080000fc   0x080000fc   0x00000004   Code   RO         4754    .ARM.Collect$$$$0000000E  mc_w.l(entry12b.o)
    0x08000100   0x08000100   0x00000000   Code   RO         4749    .ARM.Collect$$$$0000000F  mc_w.l(entry10a.o)
    0x08000100   0x08000100   0x00000000   Code   RO         4751    .ARM.Collect$$$$00000011  mc_w.l(entry11a.o)
    0x08000100   0x08000100   0x00000004   Code   RO         4740    .ARM.Collect$$$$00002712  mc_w.l(entry2.o)
    0x08000104   0x08000104   0x00000024   Code   RO           20    .text               startup_stm32f10x_md.o
    0x08000128   0x08000128   0x00000024   Code   RO         4464    .text               mc_w.l(memseta.o)
    0x0800014c   0x0800014c   0x00000024   Code   RO         4466    .text               mc_w.l(strstr.o)
    0x08000170   0x08000170   0x0000000e   Code   RO         4470    .text               mc_w.l(strlen.o)
    0x0800017e   0x0800017e   0x0000001e   Code   RO         4474    .text               mc_w.l(strncmp.o)
    0x0800019c   0x0800019c   0x0000001a   Code   RO         4737    .text               mc_w.l(atoi.o)
    0x080001b6   0x080001b6   0x0000002c   Code   RO         4755    .text               mc_w.l(uidiv.o)
    0x080001e2   0x080001e2   0x00000062   Code   RO         4757    .text               mc_w.l(uldiv.o)
    0x08000244   0x08000244   0x00000070   Code   RO         4766    .text               mc_w.l(strtol.o)
    0x080002b4   0x080002b4   0x00000000   Code   RO         4768    .text               mc_w.l(iusefp.o)
    0x080002b4   0x080002b4   0x0000014e   Code   RO         4769    .text               mf_w.l(dadd.o)
    0x08000402   0x08000402   0x000000e4   Code   RO         4771    .text               mf_w.l(dmul.o)
    0x080004e6   0x080004e6   0x000000de   Code   RO         4773    .text               mf_w.l(ddiv.o)
    0x080005c4   0x080005c4   0x00000030   Code   RO         4775    .text               mf_w.l(dfixul.o)
    0x080005f4   0x080005f4   0x00000030   Code   RO         4777    .text               mf_w.l(cdrcmple.o)
    0x08000624   0x08000624   0x00000024   Code   RO         4779    .text               mc_w.l(init.o)
    0x08000648   0x08000648   0x0000001e   Code   RO         4781    .text               mc_w.l(llshl.o)
    0x08000666   0x08000666   0x00000020   Code   RO         4783    .text               mc_w.l(llushr.o)
    0x08000686   0x08000686   0x00000024   Code   RO         4785    .text               mc_w.l(llsshr.o)
    0x080006aa   0x080006aa   0x00000002   PAD
    0x080006ac   0x080006ac   0x00000008   Code   RO         4787    .text               mc_w.l(ctype_o.o)
    0x080006b4   0x080006b4   0x0000009e   Code   RO         4815    .text               mc_w.l(_strtoul.o)
    0x08000752   0x08000752   0x000000ba   Code   RO         4817    .text               mf_w.l(depilogue.o)
    0x0800080c   0x0800080c   0x0000001c   Code   RO         4819    .text               mc_w.l(_chval.o)
    0x08000828   0x08000828   0x00000056   Code   RO         4829    .text               mc_w.l(__dczerorl2.o)
    0x0800087e   0x0800087e   0x00000004   Code   RO         3240    i.BusFault_Handler  stm32f10x_it.o
    0x08000882   0x08000882   0x00000002   Code   RO         3241    i.DebugMon_Handler  stm32f10x_it.o
    0x08000884   0x08000884   0x00000042   Code   RO         3642    i.Easylogger_Init   app_log.o
    0x080008c6   0x080008c6   0x00000116   Code   RO         1258    i.GPIO_Init         stm32f10x_gpio.o
    0x080009dc   0x080009dc   0x00000012   Code   RO         1262    i.GPIO_ReadInputDataBit  stm32f10x_gpio.o
    0x080009ee   0x080009ee   0x00000004   Code   RO         1265    i.GPIO_ResetBits    stm32f10x_gpio.o
    0x080009f2   0x080009f2   0x00000004   Code   RO         1266    i.GPIO_SetBits      stm32f10x_gpio.o
    0x080009f6   0x080009f6   0x00000002   PAD
    0x080009f8   0x080009f8   0x0000000c   Code   RO         3758    i.GetSysTickVal     app_timer.o
    0x08000a04   0x08000a04   0x00000004   Code   RO         3242    i.HardFault_Handler  stm32f10x_it.o
    0x08000a08   0x08000a08   0x00000004   Code   RO         3243    i.MemManage_Handler  stm32f10x_it.o
    0x08000a0c   0x08000a0c   0x00000002   Code   RO         3244    i.NMI_Handler       stm32f10x_it.o
    0x08000a0e   0x08000a0e   0x00000002   PAD
    0x08000a10   0x08000a10   0x00000014   Code   RO           25    i.NVIC_PriorityGroupConfig  misc.o
    0x08000a24   0x08000a24   0x000000c8   Code   RO         4147    i.OLED12864_Init    app_oled.o
    0x08000aec   0x08000aec   0x0000003a   Code   RO         4148    i.OLED_Fill_All     app_oled.o
    0x08000b26   0x08000b26   0x00000002   Code   RO         3245    i.PendSV_Handler    stm32f10x_it.o
    0x08000b28   0x08000b28   0x00000020   Code   RO         1676    i.RCC_APB2PeriphClockCmd  stm32f10x_rcc.o
    0x08000b48   0x08000b48   0x000000d4   Code   RO         1684    i.RCC_GetClocksFreq  stm32f10x_rcc.o
    0x08000c1c   0x08000c1c   0x00000018   Code   RO         1688    i.RCC_HCLKConfig    stm32f10x_rcc.o
    0x08000c34   0x08000c34   0x00000018   Code   RO         1695    i.RCC_PCLK1Config   stm32f10x_rcc.o
    0x08000c4c   0x08000c4c   0x00000018   Code   RO         1696    i.RCC_PCLK2Config   stm32f10x_rcc.o
    0x08000c64   0x08000c64   0x00000002   Code   RO         3246    i.SVC_Handler       stm32f10x_it.o
    0x08000c66   0x08000c66   0x00000008   Code   RO         3297    i.SetSysClock       system_stm32f10x.o
    0x08000c6e   0x08000c6e   0x00000002   PAD
    0x08000c70   0x08000c70   0x000000e0   Code   RO         3298    i.SetSysClockTo72   system_stm32f10x.o
    0x08000d50   0x08000d50   0x00000028   Code   RO           28    i.SysTick_CLKSourceConfig  misc.o
    0x08000d78   0x08000d78   0x00000018   Code   RO         3759    i.SysTick_Handler   app_timer.o
    0x08000d90   0x08000d90   0x00000060   Code   RO         3300    i.SystemInit        system_stm32f10x.o
    0x08000df0   0x08000df0   0x0000004c   Code   RO         3760    i.SystemTickConfig  app_timer.o
    0x08000e3c   0x08000e3c   0x00000080   Code   RO         3761    i.TIM2_IRQHandler   app_timer.o
    0x08000ebc   0x08000ebc   0x00000006   Code   RO         2303    i.TIM_ClearITPendingBit  stm32f10x_tim.o
    0x08000ec2   0x08000ec2   0x00000018   Code   RO         2308    i.TIM_Cmd           stm32f10x_tim.o
    0x08000eda   0x08000eda   0x00000022   Code   RO         2329    i.TIM_GetITStatus   stm32f10x_tim.o
    0x08000efc   0x08000efc   0x00000004   Code   RO         2373    i.TIM_SetCounter    stm32f10x_tim.o
    0x08000f00   0x08000f00   0x00000084   Code   RO         3331    i.USART1_Configuration  bsp_uart.o
    0x08000f84   0x08000f84   0x0000006c   Code   RO         4369    i.USART3_IRQHandler  atk_mw8266d.o
    0x08000ff0   0x08000ff0   0x00000018   Code   RO         2844    i.USART_Cmd         stm32f10x_usart.o
    0x08001008   0x08001008   0x00000054   Code   RO         2848    i.USART_GetITStatus  stm32f10x_usart.o
    0x0800105c   0x0800105c   0x000000d8   Code   RO         2851    i.USART_Init        stm32f10x_usart.o
    0x08001134   0x08001134   0x0000000a   Code   RO         2858    i.USART_ReceiveData  stm32f10x_usart.o
    0x0800113e   0x0800113e   0x00000004   Code   RO         3247    i.UsageFault_Handler  stm32f10x_it.o
    0x08001142   0x08001142   0x00000002   PAD
    0x08001144   0x08001144   0x00000020   Code   RO         4709    i.__0printf         mc_w.l(printfa.o)
    0x08001164   0x08001164   0x00000034   Code   RO         4710    i.__0snprintf       mc_w.l(printfa.o)
    0x08001198   0x08001198   0x00000034   Code   RO         4714    i.__0vsnprintf      mc_w.l(printfa.o)
    0x080011cc   0x080011cc   0x00000008   Code   RO         4759    i.__aeabi_errno_addr  mc_w.l(errno.o)
    0x080011d4   0x080011d4   0x0000000e   Code   RO         4823    i.__scatterload_copy  mc_w.l(handlers.o)
    0x080011e2   0x080011e2   0x00000002   Code   RO         4824    i.__scatterload_null  mc_w.l(handlers.o)
    0x080011e4   0x080011e4   0x0000000e   Code   RO         4825    i.__scatterload_zeroinit  mc_w.l(handlers.o)
    0x080011f2   0x080011f2   0x00000002   PAD
    0x080011f4   0x080011f4   0x00000184   Code   RO         4716    i._fp_digits        mc_w.l(printfa.o)
    0x08001378   0x08001378   0x000006b4   Code   RO         4717    i._printf_core      mc_w.l(printfa.o)
    0x08001a2c   0x08001a2c   0x00000024   Code   RO         4718    i._printf_post_padding  mc_w.l(printfa.o)
    0x08001a50   0x08001a50   0x0000002e   Code   RO         4719    i._printf_pre_padding  mc_w.l(printfa.o)
    0x08001a7e   0x08001a7e   0x00000016   Code   RO         4720    i._snputc           mc_w.l(printfa.o)
    0x08001a94   0x08001a94   0x0000006c   Code   RO         3688    i.app_key_init      app_key.o
    0x08001b00   0x08001b00   0x00000064   Code   RO         3074    i.changeday         main.o
    0x08001b64   0x08001b64   0x00000104   Code   RO         3373    i.elog_get_filter_tag_lvl  elog.o
    0x08001c68   0x08001c68   0x00000050   Code   RO         3377    i.elog_init         elog.o
    0x08001cb8   0x08001cb8   0x000003d4   Code   RO         3378    i.elog_output       elog.o
    0x0800208c   0x0800208c   0x00000028   Code   RO         3379    i.elog_output_lock  elog.o
    0x080020b4   0x080020b4   0x00000040   Code   RO         3380    i.elog_output_lock_enabled  elog.o
    0x080020f4   0x080020f4   0x00000028   Code   RO         3381    i.elog_output_unlock  elog.o
    0x0800211c   0x0800211c   0x00000008   Code   RO         3552    i.elog_port_get_p_info  elog_port.o
    0x08002124   0x08002124   0x00000008   Code   RO         3553    i.elog_port_get_t_info  elog_port.o
    0x0800212c   0x0800212c   0x00000008   Code   RO         3554    i.elog_port_get_time  elog_port.o
    0x08002134   0x08002134   0x00000004   Code   RO         3555    i.elog_port_init    elog_port.o
    0x08002138   0x08002138   0x0000001c   Code   RO         3556    i.elog_port_output  elog_port.o
    0x08002154   0x08002154   0x00000002   Code   RO         3557    i.elog_port_output_lock  elog_port.o
    0x08002156   0x08002156   0x00000002   Code   RO         3558    i.elog_port_output_unlock  elog_port.o
    0x08002158   0x08002158   0x000000b4   Code   RO         3385    i.elog_set_filter_lvl  elog.o
    0x0800220c   0x0800220c   0x0000003c   Code   RO         3388    i.elog_set_filter_tag_lvl_default  elog.o
    0x08002248   0x08002248   0x000000b8   Code   RO         3389    i.elog_set_fmt      elog.o
    0x08002300   0x08002300   0x000000c8   Code   RO         3390    i.elog_set_output_enabled  elog.o
    0x080023c8   0x080023c8   0x0000000c   Code   RO         3391    i.elog_set_text_color_enabled  elog.o
    0x080023d4   0x080023d4   0x00000084   Code   RO         3392    i.elog_start        elog.o
    0x08002458   0x08002458   0x000000f8   Code   RO         3615    i.elog_strcpy       elog_utils.o
    0x08002550   0x08002550   0x00000022   Code   RO         3821    i.find_event        smarttimer.o
    0x08002572   0x08002572   0x00000002   PAD
    0x08002574   0x08002574   0x0000001c   Code   RO         3333    i.fputc             bsp_uart.o
    0x08002590   0x08002590   0x0000002c   Code   RO         3822    i.free_event        smarttimer.o
    0x080025bc   0x080025bc   0x000000c0   Code   RO         3394    i.get_fmt_enabled   elog.o
    0x0800267c   0x0800267c   0x0000001c   Code   RO         4036    i.gpio_delayus      i2c_hw.o
    0x08002698   0x08002698   0x00000010   Code   RO         4037    i.gpio_get_scl      i2c_hw.o
    0x080026a8   0x080026a8   0x00000010   Code   RO         4038    i.gpio_get_sda      i2c_hw.o
    0x080026b8   0x080026b8   0x00000018   Code   RO         4039    i.gpio_set_scl      i2c_hw.o
    0x080026d0   0x080026d0   0x00000018   Code   RO         4040    i.gpio_set_sda      i2c_hw.o
    0x080026e8   0x080026e8   0x00000048   Code   RO         3946    i.i2c_bitops_bus_read  i2c_bitops.o
    0x08002730   0x08002730   0x00000048   Code   RO         3947    i.i2c_bitops_bus_write  i2c_bitops.o
    0x08002778   0x08002778   0x0000008c   Code   RO         3948    i.i2c_bitops_bus_xfer  i2c_bitops.o
    0x08002804   0x08002804   0x00000024   Code   RO         3949    i.i2c_bitops_create_ack  i2c_bitops.o
    0x08002828   0x08002828   0x00000024   Code   RO         3950    i.i2c_bitops_not_ack  i2c_bitops.o
    0x0800284c   0x0800284c   0x0000004e   Code   RO         3951    i.i2c_bitops_recv_byte  i2c_bitops.o
    0x0800289a   0x0800289a   0x0000002a   Code   RO         3952    i.i2c_bitops_restart  i2c_bitops.o
    0x080028c4   0x080028c4   0x000000a8   Code   RO         3953    i.i2c_bitops_send_address  i2c_bitops.o
    0x0800296c   0x0800296c   0x00000044   Code   RO         3954    i.i2c_bitops_send_byte  i2c_bitops.o
    0x080029b0   0x080029b0   0x00000018   Code   RO         3955    i.i2c_bitops_start  i2c_bitops.o
    0x080029c8   0x080029c8   0x00000024   Code   RO         3956    i.i2c_bitops_stop   i2c_bitops.o
    0x080029ec   0x080029ec   0x0000002e   Code   RO         3957    i.i2c_bitops_wait_ack  i2c_bitops.o
    0x08002a1a   0x08002a1a   0x0000001c   Code   RO         4024    i.i2c_bus_xfer      i2c_core.o
    0x08002a36   0x08002a36   0x0000004a   Code   RO         3958    i.i2c_send_address  i2c_bitops.o
    0x08002a80   0x08002a80   0x00000034   Code   RO         3075    i.increaseday       main.o
    0x08002ab4   0x08002ab4   0x0000000a   Code   RO         3823    i.init_linked       smarttimer.o
    0x08002abe   0x08002abe   0x00000050   Code   RO         3824    i.insert_event      smarttimer.o
    0x08002b0e   0x08002b0e   0x00000020   Code   RO         3825    i.insert_node_prev  smarttimer.o
    0x08002b2e   0x08002b2e   0x00000024   Code   RO         3826    i.insert_to_tail    smarttimer.o
    0x08002b52   0x08002b52   0x00000032   Code   RO         3076    i.isLeap            main.o
    0x08002b84   0x08002b84   0x00000300   Code   RO         3690    i.key_scan          app_key.o
    0x08002e84   0x08002e84   0x000001e4   Code   RO         3077    i.main              main.o
    0x08003068   0x08003068   0x0000003c   Code   RO         3827    i.malloc_event      smarttimer.o
    0x080030a4   0x080030a4   0x00000044   Code   RO         4155    i.oled12864_write_reg0  app_oled.o
    0x080030e8   0x080030e8   0x00000026   Code   RO         4156    i.oled1306_set_cursor  app_oled.o
    0x0800310e   0x0800310e   0x00000014   Code   RO         4041    i.ops_i2c_bus_xfer  i2c_hw.o
    0x08003122   0x08003122   0x00000002   PAD
    0x08003124   0x08003124   0x00000080   Code   RO         3828    i.push_event        smarttimer.o
    0x080031a4   0x080031a4   0x00000044   Code   RO         3691    i.read_gpio_state   app_key.o
    0x080031e8   0x080031e8   0x0000002c   Code   RO         3829    i.recyle_event      smarttimer.o
    0x08003214   0x08003214   0x0000003a   Code   RO         3830    i.remove_node       smarttimer.o
    0x0800324e   0x0800324e   0x00000002   PAD
    0x08003250   0x08003250   0x00000014   Code   RO         3078    i.remove_sysled     main.o
    0x08003264   0x08003264   0x0000010c   Code   RO         3079    i.runlater_test     main.o
    0x08003370   0x08003370   0x00000064   Code   RO         3080    i.set_timetick      main.o
    0x080033d4   0x080033d4   0x00000044   Code   RO         3081    i.simulation_rtc    main.o
    0x08003418   0x08003418   0x0000000e   Code   RO         4161    i.ssd1306_write_cmd  app_oled.o
    0x08003426   0x08003426   0x0000000e   Code   RO         4162    i.ssd1306_write_data  app_oled.o
    0x08003434   0x08003434   0x00000028   Code   RO         3831    i.stim_delay        smarttimer.o
    0x0800345c   0x0800345c   0x00000070   Code   RO         3832    i.stim_init         smarttimer.o
    0x080034cc   0x080034cc   0x00000048   Code   RO         3833    i.stim_kill_event   smarttimer.o
    0x08003514   0x08003514   0x00000022   Code   RO         3834    i.stim_loop         smarttimer.o
    0x08003536   0x08003536   0x00000002   PAD
    0x08003538   0x08003538   0x00000074   Code   RO         3835    i.stim_mainloop     smarttimer.o
    0x080035ac   0x080035ac   0x0000001c   Code   RO         3837    i.stim_runlater     smarttimer.o
    0x080035c8   0x080035c8   0x000000b8   Code   RO         3838    i.stim_tick         smarttimer.o
    0x08003680   0x08003680   0x00000074   Code   RO         4042    i.stm32f1xx_i2c_init  i2c_hw.o
    0x080036f4   0x080036f4   0x00000058   Code   RO         3082    i.sys_init          main.o
    0x0800374c   0x0800374c   0x00000038   Code   RO         3083    i.sys_ledflash      main.o
    0x08003784   0x08003784   0x00000002   Code   RO         4297    i.tok_conrtolGame_page  app_menu.o
    0x08003786   0x08003786   0x00000002   Code   RO         4298    i.tok_dht11_page    app_menu.o
    0x08003788   0x08003788   0x000000a4   Code   RO         4299    i.tok_home_page     app_menu.o
    0x0800382c   0x0800382c   0x000000a4   Code   RO         4300    i.tok_info_page     app_menu.o
    0x080038d0   0x080038d0   0x00000002   Code   RO         4301    i.tok_information_page  app_menu.o
    0x080038d2   0x080038d2   0x00000002   Code   RO         4302    i.tok_led_page      app_menu.o
    0x080038d4   0x080038d4   0x000000a4   Code   RO         4303    i.tok_palygame_page  app_menu.o
    0x08003978   0x08003978   0x00000002   Code   RO         4304    i.tok_set_page      app_menu.o
    0x0800397a   0x0800397a   0x00000002   PAD
    0x0800397c   0x0800397c   0x000000a4   Code   RO         4305    i.tok_setting_page  app_menu.o
    0x08003a20   0x08003a20   0x000000a4   Code   RO         4306    i.tok_temperature_page  app_menu.o
    0x08003ac4   0x08003ac4   0x00000074   Code   RO         4163    i.x_oled1306_DrawBMP  app_oled.o
    0x08003b38   0x08003b38   0x00000027   Data   RO         3085    .constdata          main.o
    0x08003b5f   0x08003b5f   0x000000c6   Data   RO         3396    .constdata          elog.o
    0x08003c25   0x08003c25   0x00000023   Data   RO         3616    .constdata          elog_utils.o
    0x08003c48   0x08003c48   0x000000c9   Data   RO         3693    .constdata          app_key.o
    0x08003d11   0x08003d11   0x00000010   Data   RO         3763    .constdata          app_timer.o
    0x08003d21   0x08003d21   0x00000081   Data   RO         4788    .constdata          mc_w.l(ctype_o.o)
    0x08003da2   0x08003da2   0x00000002   PAD
    0x08003da4   0x08003da4   0x00000004   Data   RO         4789    .constdata          mc_w.l(ctype_o.o)
    0x08003da8   0x08003da8   0x00000046   Data   RO         3397    .conststring        elog.o
    0x08003dee   0x08003dee   0x00000002   PAD
    0x08003df0   0x08003df0   0x00000020   Data   RO         4821    Region$$Table       anon$$obj.o


    Execution Region RW_IRAM1 (Exec base: 0x20000000, Load base: 0x08003e10, Size: 0x00001698, Max: 0x00005000, ABSOLUTE, COMPRESSED[0x00000468])

    Exec Addr    Load Addr    Size         Type   Attr      Idx    E Section Name        Object

    0x20000000   COMPRESSED   0x00000014   Data   RW         1704    .data               stm32f10x_rcc.o
    0x20000014   COMPRESSED   0x00000024   Data   RW         3086    .data               main.o
    0x20000038   COMPRESSED   0x00000014   Data   RW         3301    .data               system_stm32f10x.o
    0x2000004c   COMPRESSED   0x00000004   Data   RW         3335    .data               bsp_uart.o
    0x20000050   COMPRESSED   0x00000034   Data   RW         3398    .data               elog.o
    0x20000084   COMPRESSED   0x0000001e   Data   RW         3694    .data               app_key.o
    0x200000a2   COMPRESSED   0x00000002   PAD
    0x200000a4   COMPRESSED   0x00000004   Data   RW         3764    .data               app_timer.o
    0x200000a8   COMPRESSED   0x00000004   Data   RW         3840    .data               smarttimer.o
    0x200000ac   COMPRESSED   0x000000fa   Data   RW         4166    .data               app_oled.o
    0x200001a6   COMPRESSED   0x00000002   PAD
    0x200001a8   COMPRESSED   0x000007f8   Data   RW         4307    .data               app_menu.o
    0x200009a0   COMPRESSED   0x00000002   Data   RW         4383    .data               atk_mw8266d.o
    0x200009a2   COMPRESSED   0x00000002   PAD
    0x200009a4   COMPRESSED   0x00000004   Data   RW         4762    .data               mc_w.l(errno.o)
    0x200009a8        -       0x000004f8   Zero   RW         3395    .bss                elog.o
    0x20000ea0        -       0x00000030   Zero   RW         3692    .bss                app_key.o
    0x20000ed0        -       0x0000026c   Zero   RW         3839    .bss                smarttimer.o
    0x2000113c        -       0x00000014   Zero   RW         4043    .bss                i2c_hw.o
    0x20001150        -       0x00000142   Zero   RW         4381    .bss                atk_mw8266d.o
    0x20001292   COMPRESSED   0x00000006   PAD
    0x20001298        -       0x00000400   Zero   RW           17    STACK               startup_stm32f10x_md.o


==============================================================================

Image component sizes


      Code (inc. data)   RO Data    RW Data    ZI Data      Debug   Object Name

       944        212        201         30         48       5380   app_key.o
        66          0          0          0          0        442   app_log.o
       830        160          0       2040          0       5757   app_menu.o
       508         10          0        250          0       5212   app_oled.o
       240         82         16          4          0       1992   app_timer.o
       108         14          0          2        322       1390   atk_mw8266d.o
       160         12          0          4          0       2854   bsp_uart.o
         0          0          0          0          0       4540   core_cm3.o
      2424        810        268         52       1272      16184   elog.o
        60         22          0          0          0       6296   elog_port.o
       248         86         35          0          0       2065   elog_utils.o
       892          0          0          0          0       9278   i2c_bitops.o
        28          0          0          0          0        607   i2c_core.o
       244         52          0          0         20       3691   i2c_hw.o
      1286        446         39         36          0       6579   main.o
        60         10          0          0          0     245969   misc.o
      1112        100          0          4        620       9659   smarttimer.o
        36          8        236          0       1024        752   startup_stm32f10x_md.o
       304          0          0          0          0       3444   stm32f10x_gpio.o
        24          0          0          0          0       3084   stm32f10x_it.o
       316         42          0         20          0       5198   stm32f10x_rcc.o
        68          0          0          0          0       2601   stm32f10x_tim.o
       334          6          0          0          0       3941   stm32f10x_usart.o
       328         28          0         20          0       1949   system_stm32f10x.o

    ----------------------------------------------------------------------
     10638       2100        829       2468       3312     348864   Object Totals
         0          0         32          0          0          0   (incl. Generated)
        18          0          2          6          6          0   (incl. Padding)

    ----------------------------------------------------------------------

      Code (inc. data)   RO Data    RW Data    ZI Data      Debug   Library Member Name

        86          0          0          0          0          0   __dczerorl2.o
        28          0          0          0          0         68   _chval.o
       158          0          0          0          0         92   _strtoul.o
        26          0          0          0          0         80   atoi.o
         8          4        133          0          0         68   ctype_o.o
         0          0          0          0          0          0   entry.o
         0          0          0          0          0          0   entry10a.o
         0          0          0          0          0          0   entry11a.o
         4          0          0          0          0          0   entry12b.o
         8          4          0          0          0          0   entry2.o
         4          0          0          0          0          0   entry5.o
         0          0          0          0          0          0   entry7b.o
         0          0          0          0          0          0   entry8b.o
         8          4          0          0          0          0   entry9a.o
         8          4          0          4          0         68   errno.o
        30          0          0          0          0          0   handlers.o
        36          8          0          0          0         68   init.o
         0          0          0          0          0          0   iusefp.o
        30          0          0          0          0         68   llshl.o
        36          0          0          0          0         68   llsshr.o
        32          0          0          0          0         68   llushr.o
        36          0          0          0          0        108   memseta.o
      2344        100          0          0          0        700   printfa.o
        14          0          0          0          0         68   strlen.o
        30          0          0          0          0         80   strncmp.o
        36          0          0          0          0         80   strstr.o
       112          0          0          0          0         88   strtol.o
        44          0          0          0          0         80   uidiv.o
        98          0          0          0          0         92   uldiv.o
        48          0          0          0          0         68   cdrcmple.o
       334          0          0          0          0        148   dadd.o
       222          0          0          0          0        100   ddiv.o
       186          0          0          0          0        176   depilogue.o
        48          0          0          0          0         68   dfixul.o
       228          0          0          0          0         96   dmul.o

    ----------------------------------------------------------------------
      4286        124        135          4          0       2600   Library Totals
         4          0          2          0          0          0   (incl. Padding)

    ----------------------------------------------------------------------

      Code (inc. data)   RO Data    RW Data    ZI Data      Debug   Library Name

      3216        124        133          4          0       1944   mc_w.l
      1066          0          0          0          0        656   mf_w.l

    ----------------------------------------------------------------------
      4286        124        135          4          0       2600   Library Totals

    ----------------------------------------------------------------------

==============================================================================


      Code (inc. data)   RO Data    RW Data    ZI Data      Debug   

     14924       2224        964       2472       3312     343948   Grand Totals
     14924       2224        964       1128       3312     343948   ELF Image Totals (compressed)
     14924       2224        964       1128          0          0   ROM Totals

==============================================================================

    Total RO  Size (Code + RO Data)                15888 (  15.52kB)
    Total RW  Size (RW Data + ZI Data)              5784 (   5.65kB)
    Total ROM Size (Code + RO Data + RW Data)      17016 (  16.62kB)

==============================================================================

